../Core/Src/main.c:117:5:main	8	static
../Core/Src/main.c:201:6:SystemClock_Config	80	static
../Core/Src/main.c:240:13:MX_TIM1_Init	96	static
../Core/Src/main.c:315:13:MX_USART2_UART_Init	8	static
../Core/Src/main.c:350:13:MX_GPIO_Init	48	static
../Core/Src/main.c:380:13:PA8_Init	32	static
../Core/Src/main.c:390:12:debounce	24	static
../Core/Src/main.c:406:6:blink	24	static
../Core/Src/main.c:533:6:check_status	16	static
../Core/Src/main.c:566:6:HAL_TIM_PeriodElapsedCallback	16	static
../Core/Src/main.c:583:6:Error_Handler	8	static,ignoring_inline_asm
