../Core/Src/main.c:236:5:main	8	static
../Core/Src/main.c:383:6:SystemClock_Config	104	static
../Core/Src/main.c:431:13:MX_ADC_Init	24	static
../Core/Src/main.c:493:13:MX_I2C1_Init	8	static
../Core/Src/main.c:541:13:MX_SPI1_Init	8	static
../Core/Src/main.c:581:13:MX_SPI2_Init	8	static
../Core/Src/main.c:621:13:MX_TIM3_Init	64	static
../Core/Src/main.c:680:13:MX_USART2_UART_Init	8	static
../Core/Src/main.c:715:13:MX_GPIO_Init	56	static
../Core/Src/main.c:757:6:HAL_ADC_ConvCpltCallback	16	static
../Core/Src/main.c:777:6:HAL_UARTEx_RxEventCallback	16	static
../Core/Src/main.c:783:6:HAL_UART_TxCpltCallback	16	static
../Core/Src/main.c:788:6:HAL_GPIO_EXTI_Callback	16	static
../Core/Src/main.c:803:6:StartDefaultTask	16	static
../Core/Src/main.c:821:6:oled_update	32	static
../Core/Src/main.c:937:6:adc_read	16	static
../Core/Src/main.c:958:6:servo_pos	32	static
../Core/Src/main.c:979:6:stepper_fx	32	static
../Core/Src/main.c:1028:6:receive	24	static
../Core/Src/main.c:1170:6:servo_lock	48	static
../Core/Src/main.c:1226:6:transmit	32	static
../Core/Src/main.c:1377:6:can_receive	16	static
../Core/Src/main.c:1433:6:can_transmit	16	static
../Core/Src/main.c:1458:6:HAL_TIM_PeriodElapsedCallback	16	static
../Core/Src/main.c:1475:6:Error_Handler	8	static,ignoring_inline_asm
