../Core/Src/lepton.c:44:6:lepton_Init	24	static
../Core/Src/lepton.c:53:6:print_image_binary_background	8	static
../Core/Src/lepton.c:93:6:transfer	16	static
../Core/Src/lepton.c:160:6:lepton_getPacket	8	static
../Core/Src/lepton.c:166:19:lepton_SetReg	24	static
../Core/Src/lepton.c:174:19:lepton_GetReg	40	static
../Core/Src/lepton.c:186:19:lepton_SetData	40	static
../Core/Src/lepton.c:216:19:lepton_GetData	40	static
../Core/Src/lepton.c:235:19:lepton_command	40	static
../Core/Src/lepton.c:250:19:lepton_radiometry	24	static
../Core/Src/lepton.c:267:19:lepton_vsync	24	static
../Core/Src/lepton.c:285:6:send_byte	16	static
../Core/Src/lepton.c:289:6:send_msg	24	static
