../Core/Src/main.c:143:5:main	16	static
../Core/Src/main.c:230:6:SystemClock_Config	88	static
../Core/Src/main.c:277:13:MX_I2C1_Init	8	static
../Core/Src/main.c:311:13:MX_SPI1_Init	8	static
../Core/Src/main.c:349:13:MX_USART2_UART_Init	8	static
../Core/Src/main.c:380:13:MX_DMA_Init	16	static
../Core/Src/main.c:401:13:MX_GPIO_Init	48	static
../Core/Src/main.c:465:6:HAL_GPIO_EXTI_Callback	16	static
../Core/Src/main.c:483:6:HAL_SPI_RxCpltCallback	16	static
../Core/Src/main.c:508:6:prvPrintImageTask	24	static
../Core/Src/main.c:549:6:prvCaptureFramesTask	16	static
../Core/Src/main.c:630:6:HAL_TIM_PeriodElapsedCallback	16	static
../Core/Src/main.c:647:6:Error_Handler	4	static,ignoring_inline_asm
