../Core/Src/main.c:145:5:main	16	static
../Core/Src/main.c:236:6:SystemClock_Config	88	static
../Core/Src/main.c:283:13:MX_I2C1_Init	8	static
../Core/Src/main.c:317:13:MX_SPI1_Init	8	static
../Core/Src/main.c:355:13:MX_USART2_UART_Init	8	static
../Core/Src/main.c:386:13:MX_DMA_Init	16	static
../Core/Src/main.c:407:13:MX_GPIO_Init	48	static
../Core/Src/main.c:471:6:HAL_GPIO_EXTI_Callback	16	static
../Core/Src/main.c:491:6:HAL_SPI_RxCpltCallback	16	static
../Core/Src/main.c:506:6:prvPrintImageTask	24	static
../Core/Src/main.c:547:6:prvCaptureFramesTask	16	static
../Core/Src/main.c:629:6:HAL_TIM_PeriodElapsedCallback	16	static
../Core/Src/main.c:646:6:Error_Handler	4	static,ignoring_inline_asm
