../Core/Src/main.c:235:5:main	168	static
../Core/Src/main.c:320:6:SystemClock_Config	88	static
../Core/Src/main.c:368:13:MX_ADC1_Init	24	static
../Core/Src/main.c:420:13:MX_I2C1_Init	8	static
../Core/Src/main.c:454:13:MX_USART2_UART_Init	8	static
../Core/Src/main.c:487:13:MX_GPIO_Init	48	static
../Core/Src/main.c:518:9:u8x8_stm32_gpio_and_delay	24	static
../Core/Src/main.c:534:9:u8x8_byte_i2c	40	static
../Core/Src/main.c:569:10:MAP	24	static
../Core/Src/main.c:581:6:Error_Handler	4	static,ignoring_inline_asm
