../Core/Src/main.c:156:5:main	8	static
../Core/Src/main.c:270:6:SystemClock_Config	104	static
../Core/Src/main.c:318:13:MX_ADC_Init	24	static
../Core/Src/main.c:380:13:MX_I2C1_Init	8	static
../Core/Src/main.c:428:13:MX_TIM3_Init	64	static
../Core/Src/main.c:487:13:MX_USART2_UART_Init	8	static
../Core/Src/main.c:522:13:MX_GPIO_Init	56	static
../Core/Src/main.c:562:6:HAL_ADC_ConvCpltCallback	16	static
../Core/Src/main.c:582:6:HAL_UARTEx_RxEventCallback	16	static
../Core/Src/main.c:597:6:StartDefaultTask	16	static
../Core/Src/main.c:615:6:oled_update	32	static
../Core/Src/main.c:731:6:adc_read	24	static
../Core/Src/main.c:765:6:servo_pos	32	static
../Core/Src/main.c:786:6:stepper_fx	32	static
../Core/Src/main.c:835:6:serial_fx	24	static
../Core/Src/main.c:953:6:servo_lock	48	static
../Core/Src/main.c:1008:6:HAL_TIM_PeriodElapsedCallback	16	static
../Core/Src/main.c:1025:6:Error_Handler	8	static,ignoring_inline_asm
