../Core/Src/main.c:155:5:main	8	static
../Core/Src/main.c:269:6:SystemClock_Config	104	static
../Core/Src/main.c:317:13:MX_ADC_Init	24	static
../Core/Src/main.c:379:13:MX_I2C1_Init	8	static
../Core/Src/main.c:427:13:MX_TIM3_Init	64	static
../Core/Src/main.c:486:13:MX_USART2_UART_Init	8	static
../Core/Src/main.c:521:13:MX_GPIO_Init	56	static
../Core/Src/main.c:561:6:HAL_ADC_ConvCpltCallback	16	static
../Core/Src/main.c:581:6:HAL_UARTEx_RxEventCallback	16	static
../Core/Src/main.c:596:6:StartDefaultTask	16	static
../Core/Src/main.c:614:6:oled_update	32	static
../Core/Src/main.c:730:6:adc_read	24	static
../Core/Src/main.c:764:6:servo_pos	32	static
../Core/Src/main.c:785:6:stepper_fx	32	static
../Core/Src/main.c:834:6:serial_fx	24	static
../Core/Src/main.c:954:6:servo_lock	48	static
../Core/Src/main.c:1009:6:HAL_TIM_PeriodElapsedCallback	16	static
../Core/Src/main.c:1026:6:Error_Handler	8	static,ignoring_inline_asm
