../Core/Src/main.c:313:5:main	8	static
../Core/Src/main.c:424:6:SystemClock_Config	104	static
../Core/Src/main.c:472:13:MX_ADC_Init	24	static
../Core/Src/main.c:534:13:MX_I2C1_Init	8	static
../Core/Src/main.c:582:13:MX_TIM3_Init	64	static
../Core/Src/main.c:641:13:MX_USART2_UART_Init	8	static
../Core/Src/main.c:676:13:MX_GPIO_Init	56	static
../Core/Src/main.c:716:9:u8x8_stm32_gpio_and_delay	32	static
../Core/Src/main.c:732:9:u8x8_byte_i2c	48	static
../Core/Src/main.c:766:10:map	24	static
../Core/Src/main.c:770:6:send_uart	16	static
../Core/Src/main.c:774:6:HAL_ADC_ConvCpltCallback	16	static
../Core/Src/main.c:794:6:HAL_UARTEx_RxEventCallback	16	static
../Core/Src/main.c:808:6:StartDefaultTask	16	static
../Core/Src/main.c:826:6:oled_update	64	static
../Core/Src/main.c:942:6:adc_read	16	static
../Core/Src/main.c:963:6:servo_pos	32	static
../Core/Src/main.c:984:6:stepper_fx	40	static
../Core/Src/main.c:1038:6:serial_fx	24	static
../Core/Src/main.c:1155:6:servo_lock	48	static
../Core/Src/main.c:1210:6:HAL_TIM_PeriodElapsedCallback	16	static
../Core/Src/main.c:1227:6:Error_Handler	8	static,ignoring_inline_asm
