../Core/Src/main.c:329:5:main	24	static
../Core/Src/main.c:449:6:SystemClock_Config	104	static
../Core/Src/main.c:497:13:MX_ADC_Init	24	static
../Core/Src/main.c:559:13:MX_I2C1_Init	8	static
../Core/Src/main.c:607:13:MX_TIM3_Init	64	static
../Core/Src/main.c:666:13:MX_USART2_UART_Init	8	static
../Core/Src/main.c:701:13:MX_GPIO_Init	56	static
../Core/Src/main.c:741:9:u8x8_stm32_gpio_and_delay	32	static
../Core/Src/main.c:757:9:u8x8_byte_i2c	48	static
../Core/Src/main.c:791:10:map	24	static
../Core/Src/main.c:795:6:send_uart	16	static
../Core/Src/main.c:799:6:HAL_ADC_ConvCpltCallback	16	static
../Core/Src/main.c:819:6:HAL_UARTEx_RxEventCallback	16	static
../Core/Src/main.c:824:8:radians	16	static
../Core/Src/main.c:828:6:calc_needle	40	static
../Core/Src/main.c:844:6:StartDefaultTask	16	static
../Core/Src/main.c:862:6:oled_update	32	static
../Core/Src/main.c:983:6:adc_read	16	static
../Core/Src/main.c:1004:6:servo_pos	32	static
../Core/Src/main.c:1025:6:stepper_fx	32	static
../Core/Src/main.c:1074:6:serial_fx	24	static
../Core/Src/main.c:1191:6:servo_lock	48	static
../Core/Src/main.c:1246:6:HAL_TIM_PeriodElapsedCallback	16	static
../Core/Src/main.c:1263:6:Error_Handler	8	static,ignoring_inline_asm
