../Core/Src/main.c:159:5:main	8	static
../Core/Src/main.c:243:6:SystemClock_Config	104	static
../Core/Src/main.c:291:13:MX_ADC_Init	24	static
../Core/Src/main.c:345:13:MX_I2C1_Init	8	static
../Core/Src/main.c:393:13:MX_USART2_UART_Init	8	static
../Core/Src/main.c:428:13:MX_GPIO_Init	56	static
../Core/Src/main.c:458:9:u8x8_stm32_gpio_and_delay	32	static
../Core/Src/main.c:474:9:u8x8_byte_i2c	48	static
../Core/Src/main.c:518:6:StartDefaultTask	16	static
../Core/Src/main.c:536:6:oled_update	184	static
../Core/Src/main.c:568:6:HAL_TIM_PeriodElapsedCallback	16	static
../Core/Src/main.c:585:6:Error_Handler	8	static,ignoring_inline_asm
