../Core/Src/main.c:157:5:main	8	static
../Core/Src/main.c:271:6:SystemClock_Config	104	static
../Core/Src/main.c:319:13:MX_ADC_Init	24	static
../Core/Src/main.c:381:13:MX_I2C1_Init	8	static
../Core/Src/main.c:429:13:MX_TIM3_Init	64	static
../Core/Src/main.c:488:13:MX_USART2_UART_Init	8	static
../Core/Src/main.c:523:13:MX_GPIO_Init	56	static
../Core/Src/main.c:563:6:HAL_ADC_ConvCpltCallback	16	static
../Core/Src/main.c:583:6:HAL_UARTEx_RxEventCallback	16	static
../Core/Src/main.c:598:6:StartDefaultTask	16	static
../Core/Src/main.c:616:6:oled_update	32	static
../Core/Src/main.c:732:6:adc_read	16	static
../Core/Src/main.c:753:6:servo_pos	32	static
../Core/Src/main.c:774:6:stepper_fx	32	static
../Core/Src/main.c:823:6:serial_fx	24	static
../Core/Src/main.c:940:6:servo_lock	48	static
../Core/Src/main.c:995:6:HAL_TIM_PeriodElapsedCallback	16	static
../Core/Src/main.c:1012:6:Error_Handler	8	static,ignoring_inline_asm
