../Core/Src/main.c:79:5:main	24	static
../Core/Src/main.c:138:6:SystemClock_Config	88	static
../Core/Src/main.c:185:13:MX_ADC1_Init	24	static
../Core/Src/main.c:237:13:MX_I2C1_Init	8	static
../Core/Src/main.c:271:13:MX_TIM2_Init	64	static
../Core/Src/main.c:330:13:MX_USART2_UART_Init	8	static
../Core/Src/main.c:363:13:MX_GPIO_Init	48	static
../Core/Src/main.c:396:6:HAL_GPIO_EXTI_Callback	16	static
../Core/Src/main.c:409:6:HAL_TIM_PeriodElapsedCallback	16	static
../Core/Src/main.c:416:10:map	24	static
../Core/Src/main.c:426:6:Error_Handler	4	static,ignoring_inline_asm
