../Core/Src/main.c:108:5:main	32	static
../Core/Src/main.c:200:6:SystemClock_Config	80	static
../Core/Src/main.c:239:13:MX_SPI1_Init	8	static
../Core/Src/main.c:279:13:MX_SPI2_Init	8	static
../Core/Src/main.c:319:13:MX_USART2_UART_Init	8	static
../Core/Src/main.c:354:13:MX_GPIO_Init	56	static
../Core/Src/main.c:393:6:HAL_GPIO_EXTI_Callback	16	static,ignoring_inline_asm
../Core/Src/main.c:430:6:HAL_UART_TxCpltCallback	16	static
../Core/Src/main.c:442:6:StartDefaultTask	16	static
../Core/Src/main.c:460:6:can_task	136	static
../Core/Src/main.c:590:6:HAL_TIM_PeriodElapsedCallback	16	static
../Core/Src/main.c:607:6:Error_Handler	8	static,ignoring_inline_asm
