../Core/Src/main.c:129:5:main	272	static
../Core/Src/main.c:231:6:SystemClock_Config	88	static
../Core/Src/main.c:286:13:MX_CRC_Init	8	static
../Core/Src/main.c:312:13:MX_I2C1_Init	8	static
../Core/Src/main.c:346:13:MX_I2S2_Init	8	static
../Core/Src/main.c:380:13:MX_SDIO_SD_Init	4	static
../Core/Src/main.c:408:13:MX_USART2_UART_Init	8	static
../Core/Src/main.c:439:13:MX_DMA_Init	16	static
../Core/Src/main.c:464:13:MX_GPIO_Init	48	static
../Core/Src/main.c:504:6:convertEndian	1480	static
../Core/Src/main.c:554:6:HAL_I2S_RxCpltCallback	24	static
../Core/Src/main.c:563:9:fwrite_wav_header	64	static
../Core/Src/main.c:586:6:startRecord	608	static
../Core/Src/main.c:637:9:Format_SD	64	static
../Core/Src/main.c:670:6:HAL_UART_RxCpltCallback	16	static
../Core/Src/main.c:698:6:Error_Handler	4	static,ignoring_inline_asm
