../Core/Src/main.c:127:5:main	272	static
../Core/Src/main.c:230:6:SystemClock_Config	88	static
../Core/Src/main.c:285:13:MX_CRC_Init	8	static
../Core/Src/main.c:311:13:MX_I2C1_Init	8	static
../Core/Src/main.c:345:13:MX_I2S2_Init	8	static
../Core/Src/main.c:379:13:MX_SDIO_SD_Init	4	static
../Core/Src/main.c:407:13:MX_USART2_UART_Init	8	static
../Core/Src/main.c:438:13:MX_DMA_Init	16	static
../Core/Src/main.c:463:13:MX_GPIO_Init	48	static
../Core/Src/main.c:503:6:HAL_I2S_RxCpltCallback	24	static
../Core/Src/main.c:511:9:fwrite_wav_header	64	static
../Core/Src/main.c:534:6:startRecord	608	static
../Core/Src/main.c:585:9:Format_SD	64	static
../Core/Src/main.c:618:6:HAL_UART_RxCpltCallback	16	static
../Core/Src/main.c:646:6:Error_Handler	4	static,ignoring_inline_asm
