../Core/Src/main.c:97:5:main	1904	static
../Core/Src/main.c:175:6:SystemClock_Config	88	static
../Core/Src/main.c:225:13:MX_I2C1_Init	8	static
../Core/Src/main.c:259:13:MX_I2S2_Init	8	static
../Core/Src/main.c:293:13:MX_RTC_Init	8	static
../Core/Src/main.c:328:13:MX_SDIO_SD_Init	4	static
../Core/Src/main.c:356:13:MX_USART2_UART_Init	8	static
../Core/Src/main.c:389:13:MX_GPIO_Init	48	static
../Core/Src/main.c:419:9:fwrite_wav_header	64	static
../Core/Src/main.c:448:6:Error_Handler	4	static,ignoring_inline_asm
