../Core/Src/main.c:97:5:main	4416	static
../Core/Src/main.c:187:6:SystemClock_Config	88	static
../Core/Src/main.c:235:13:MX_CRC_Init	8	static
../Core/Src/main.c:261:13:MX_SDIO_SD_Init	4	static
../Core/Src/main.c:289:13:MX_USART2_UART_Init	8	static
../Core/Src/main.c:320:13:MX_DMA_Init	16	static
../Core/Src/main.c:341:13:MX_GPIO_Init	48	static
../Core/Src/main.c:361:9:fwrite_wav_header	64	static
../Core/Src/main.c:384:9:Format_SD	64	static
../Core/Src/main.c:423:6:Error_Handler	4	static,ignoring_inline_asm
