../Core/Src/main.c:73:5:main	8	static
../Core/Src/main.c:125:6:SystemClock_Config	88	static
../Core/Src/main.c:173:13:MX_ADC1_Init	24	static
../Core/Src/main.c:225:13:MX_TIM2_Init	32	static
../Core/Src/main.c:270:13:MX_USART2_UART_Init	8	static
../Core/Src/main.c:303:13:MX_GPIO_Init	40	static
../Core/Src/main.c:335:6:HAL_GPIO_EXTI_Callback	16	static
../Core/Src/main.c:344:6:HAL_TIM_PeriodElapsedCallback	16	static
../Core/Src/main.c:354:6:send_uart	16	static
../Core/Src/main.c:364:6:Error_Handler	4	static,ignoring_inline_asm
