/home/carlos/STM32CubeIDE/workspace_1.9.0/LTDC_Display_1Layer/CM7/Src/main.c:53:5:main	8	static
/home/carlos/STM32CubeIDE/workspace_1.9.0/LTDC_Display_1Layer/CM7/Src/main.c:112:13:SystemClock_Config	128	static
/home/carlos/STM32CubeIDE/workspace_1.9.0/LTDC_Display_1Layer/CM7/Src/main.c:181:13:LCD_Config	248	static
/home/carlos/STM32CubeIDE/workspace_1.9.0/LTDC_Display_1Layer/CM7/Src/main.c:296:13:Error_Handler	8	static
/home/carlos/STM32CubeIDE/workspace_1.9.0/LTDC_Display_1Layer/CM7/Src/main.c:310:13:CPU_CACHE_Enable	24	static,ignoring_inline_asm
/home/carlos/STM32CubeIDE/workspace_1.9.0/LTDC_Display_1Layer/CM7/Src/main.c:325:13:MPU_Config	24	static
