../Core/Src/main.c:168:5:main	8	static
../Core/Src/main.c:272:6:SystemClock_Config	88	static
../Core/Src/main.c:327:13:MX_CRC_Init	8	static
../Core/Src/main.c:353:13:MX_I2C1_Init	8	static
../Core/Src/main.c:387:13:MX_I2S2_Init	8	static
../Core/Src/main.c:421:13:MX_SDIO_SD_Init	4	static
../Core/Src/main.c:449:13:MX_USART2_UART_Init	8	static
../Core/Src/main.c:480:13:MX_DMA_Init	16	static
../Core/Src/main.c:505:13:MX_GPIO_Init	48	static
../Core/Src/main.c:551:6:HAL_UARTEx_RxEventCallback	16	static
../Core/Src/main.c:557:6:HAL_I2S_RxCpltCallback	16	static
../Core/Src/main.c:563:9:fwrite_wav_header	64	static
../Core/Src/main.c:586:9:Format_SD	64	static
../Core/Src/main.c:619:6:convert_endianness	24	static
../Core/Src/main.c:634:6:StartDefaultTask	16	static
../Core/Src/main.c:652:6:pvrCommandReceiveTask	16	static
../Core/Src/main.c:691:6:pvrWriteAudioTask	16	static
../Core/Src/main.c:714:6:pvrWriteWavFileTask	32	static
../Core/Src/main.c:797:6:HAL_TIM_PeriodElapsedCallback	16	static
../Core/Src/main.c:814:6:Error_Handler	4	static,ignoring_inline_asm
