../Core/Src/main.c:171:5:main	8	static
../Core/Src/main.c:276:6:SystemClock_Config	88	static
../Core/Src/main.c:324:13:MX_CRC_Init	8	static
../Core/Src/main.c:350:13:MX_I2C1_Init	8	static
../Core/Src/main.c:384:13:MX_I2S2_Init	8	static
../Core/Src/main.c:418:13:MX_SDIO_SD_Init	4	static
../Core/Src/main.c:446:13:MX_USART2_UART_Init	8	static
../Core/Src/main.c:477:13:MX_DMA_Init	16	static
../Core/Src/main.c:502:13:MX_GPIO_Init	48	static
../Core/Src/main.c:548:6:HAL_UARTEx_RxEventCallback	16	static
../Core/Src/main.c:554:6:HAL_I2S_RxHalfCpltCallback	16	static
../Core/Src/main.c:560:6:HAL_I2S_RxCpltCallback	16	static
../Core/Src/main.c:566:9:fwrite_wav_header	64	static
../Core/Src/main.c:589:9:Format_SD	64	static
../Core/Src/main.c:630:6:convert_endianness	24	static
../Core/Src/main.c:645:6:StartDefaultTask	16	static
../Core/Src/main.c:680:6:pvrCommandReceiveTask	16	static
../Core/Src/main.c:719:6:pvrWriteAudioTask	16	static
../Core/Src/main.c:742:6:pvrWriteWavFileTask	32	static
../Core/Src/main.c:825:6:HAL_TIM_PeriodElapsedCallback	16	static
../Core/Src/main.c:842:6:Error_Handler	4	static,ignoring_inline_asm
