../Core/Src/main.c:178:5:main	32	static
../Core/Src/main.c:302:6:SystemClock_Config	104	static
../Core/Src/main.c:350:13:MX_ADC_Init	24	static
../Core/Src/main.c:412:13:MX_I2C1_Init	8	static
../Core/Src/main.c:460:13:MX_SPI1_Init	8	static
../Core/Src/main.c:500:13:MX_SPI2_Init	8	static
../Core/Src/main.c:540:13:MX_TIM3_Init	64	static
../Core/Src/main.c:599:13:MX_USART2_UART_Init	8	static
../Core/Src/main.c:634:13:MX_GPIO_Init	56	static
../Core/Src/main.c:692:6:HAL_UART_TxCpltCallback	24	static
../Core/Src/main.c:698:6:HAL_UART_RxCpltCallback	24	static
../Core/Src/main.c:705:6:HAL_GPIO_EXTI_Callback	24	static
../Core/Src/main.c:723:6:StartDefaultTask	16	static
../Core/Src/main.c:741:6:uart_rx_task	16	static
../Core/Src/main.c:758:6:adc_task	16	static
../Core/Src/main.c:775:6:stepper_task	16	static
../Core/Src/main.c:792:6:servo_Task	16	static
../Core/Src/main.c:809:6:enviar_estado_Task	16	static
../Core/Src/main.c:826:6:enviar_tmp_task	16	static
../Core/Src/main.c:843:6:oled_Task	16	static
../Core/Src/main.c:860:6:CAN_remote_task	136	static
../Core/Src/main.c:990:6:HAL_TIM_PeriodElapsedCallback	16	static
../Core/Src/main.c:1007:6:Error_Handler	8	static,ignoring_inline_asm
