../Core/Src/lepton.c:44:6:lepton_Init	24	static
../Core/Src/lepton.c:53:6:print_image_binary_background	8	static
../Core/Src/lepton.c:93:6:transfer	16	static
../Core/Src/lepton.c:162:6:lepton_getPacket	8	static
../Core/Src/lepton.c:168:19:lepton_SetReg	24	static
../Core/Src/lepton.c:176:19:lepton_GetReg	40	static
../Core/Src/lepton.c:188:19:lepton_SetData	40	static
../Core/Src/lepton.c:218:19:lepton_GetData	40	static
../Core/Src/lepton.c:237:19:lepton_command	40	static
../Core/Src/lepton.c:252:19:lepton_radiometry	24	static
../Core/Src/lepton.c:269:19:lepton_vsync	24	static
../Core/Src/lepton.c:287:6:send_byte	16	static
../Core/Src/lepton.c:291:6:send_msg	24	static
