../Core/Src/main.c:84:5:main	16	static
../Core/Src/main.c:252:6:SystemClock_Config	80	static
../Core/Src/main.c:288:13:MX_TIM1_Init	96	static
../Core/Src/main.c:359:13:MX_TIM3_Init	32	static
../Core/Src/main.c:401:13:MX_USART2_UART_Init	8	static
../Core/Src/main.c:434:13:MX_GPIO_Init	48	static
../Core/Src/main.c:467:13:PA8_Init	32	static
../Core/Src/main.c:477:12:debounce	24	static
../Core/Src/main.c:484:6:HAL_GPIO_EXTI_Callback	16	static,ignoring_inline_asm
../Core/Src/main.c:492:6:HAL_TIM_PeriodElapsedCallback	16	static
../Core/Src/main.c:510:6:Error_Handler	8	static,ignoring_inline_asm
