../Core/Src/main.c:81:5:main	8	static
../Core/Src/main.c:143:6:SystemClock_Config	88	static
../Core/Src/main.c:191:13:MX_I2C1_Init	8	static
../Core/Src/main.c:225:13:MX_I2S2_Init	8	static
../Core/Src/main.c:259:13:MX_SDIO_SD_Init	4	static
../Core/Src/main.c:287:13:MX_USART2_UART_Init	8	static
../Core/Src/main.c:318:13:MX_DMA_Init	16	static
../Core/Src/main.c:336:13:MX_GPIO_Init	48	static
../Core/Src/main.c:376:6:HAL_I2S_RxHalfCpltCallback	16	static
../Core/Src/main.c:380:6:HAL_I2S_RxCpltCallback	16	static
../Core/Src/main.c:391:6:Error_Handler	4	static,ignoring_inline_asm
