Archive member included to satisfy reference by file (symbol)

/opt/st/stm32cubeide_1.9.0/plugins/com.st.stm32cube.ide.mcu.externaltools.gnu-tools-for-stm32.10.3-2021.10.linux64_1.0.0.202111181127/tools/bin/../lib/gcc/arm-none-eabi/10.3.1/../../../../arm-none-eabi/lib/thumb/v6-m/nofp/libm.a(lib_a-s_cos.o)
                              ./Core/Src/ssd1306.o (cos)
/opt/st/stm32cubeide_1.9.0/plugins/com.st.stm32cube.ide.mcu.externaltools.gnu-tools-for-stm32.10.3-2021.10.linux64_1.0.0.202111181127/tools/bin/../lib/gcc/arm-none-eabi/10.3.1/../../../../arm-none-eabi/lib/thumb/v6-m/nofp/libm.a(lib_a-s_sin.o)
                              ./Core/Src/ssd1306.o (sin)
/opt/st/stm32cubeide_1.9.0/plugins/com.st.stm32cube.ide.mcu.externaltools.gnu-tools-for-stm32.10.3-2021.10.linux64_1.0.0.202111181127/tools/bin/../lib/gcc/arm-none-eabi/10.3.1/../../../../arm-none-eabi/lib/thumb/v6-m/nofp/libm.a(lib_a-e_rem_pio2.o)
                              /opt/st/stm32cubeide_1.9.0/plugins/com.st.stm32cube.ide.mcu.externaltools.gnu-tools-for-stm32.10.3-2021.10.linux64_1.0.0.202111181127/tools/bin/../lib/gcc/arm-none-eabi/10.3.1/../../../../arm-none-eabi/lib/thumb/v6-m/nofp/libm.a(lib_a-s_cos.o) (__ieee754_rem_pio2)
/opt/st/stm32cubeide_1.9.0/plugins/com.st.stm32cube.ide.mcu.externaltools.gnu-tools-for-stm32.10.3-2021.10.linux64_1.0.0.202111181127/tools/bin/../lib/gcc/arm-none-eabi/10.3.1/../../../../arm-none-eabi/lib/thumb/v6-m/nofp/libm.a(lib_a-k_cos.o)
                              /opt/st/stm32cubeide_1.9.0/plugins/com.st.stm32cube.ide.mcu.externaltools.gnu-tools-for-stm32.10.3-2021.10.linux64_1.0.0.202111181127/tools/bin/../lib/gcc/arm-none-eabi/10.3.1/../../../../arm-none-eabi/lib/thumb/v6-m/nofp/libm.a(lib_a-s_cos.o) (__kernel_cos)
/opt/st/stm32cubeide_1.9.0/plugins/com.st.stm32cube.ide.mcu.externaltools.gnu-tools-for-stm32.10.3-2021.10.linux64_1.0.0.202111181127/tools/bin/../lib/gcc/arm-none-eabi/10.3.1/../../../../arm-none-eabi/lib/thumb/v6-m/nofp/libm.a(lib_a-k_rem_pio2.o)
                              /opt/st/stm32cubeide_1.9.0/plugins/com.st.stm32cube.ide.mcu.externaltools.gnu-tools-for-stm32.10.3-2021.10.linux64_1.0.0.202111181127/tools/bin/../lib/gcc/arm-none-eabi/10.3.1/../../../../arm-none-eabi/lib/thumb/v6-m/nofp/libm.a(lib_a-e_rem_pio2.o) (__kernel_rem_pio2)
/opt/st/stm32cubeide_1.9.0/plugins/com.st.stm32cube.ide.mcu.externaltools.gnu-tools-for-stm32.10.3-2021.10.linux64_1.0.0.202111181127/tools/bin/../lib/gcc/arm-none-eabi/10.3.1/../../../../arm-none-eabi/lib/thumb/v6-m/nofp/libm.a(lib_a-k_sin.o)
                              /opt/st/stm32cubeide_1.9.0/plugins/com.st.stm32cube.ide.mcu.externaltools.gnu-tools-for-stm32.10.3-2021.10.linux64_1.0.0.202111181127/tools/bin/../lib/gcc/arm-none-eabi/10.3.1/../../../../arm-none-eabi/lib/thumb/v6-m/nofp/libm.a(lib_a-s_cos.o) (__kernel_sin)
/opt/st/stm32cubeide_1.9.0/plugins/com.st.stm32cube.ide.mcu.externaltools.gnu-tools-for-stm32.10.3-2021.10.linux64_1.0.0.202111181127/tools/bin/../lib/gcc/arm-none-eabi/10.3.1/../../../../arm-none-eabi/lib/thumb/v6-m/nofp/libm.a(lib_a-s_fabs.o)
                              /opt/st/stm32cubeide_1.9.0/plugins/com.st.stm32cube.ide.mcu.externaltools.gnu-tools-for-stm32.10.3-2021.10.linux64_1.0.0.202111181127/tools/bin/../lib/gcc/arm-none-eabi/10.3.1/../../../../arm-none-eabi/lib/thumb/v6-m/nofp/libm.a(lib_a-e_rem_pio2.o) (fabs)
/opt/st/stm32cubeide_1.9.0/plugins/com.st.stm32cube.ide.mcu.externaltools.gnu-tools-for-stm32.10.3-2021.10.linux64_1.0.0.202111181127/tools/bin/../lib/gcc/arm-none-eabi/10.3.1/../../../../arm-none-eabi/lib/thumb/v6-m/nofp/libm.a(lib_a-s_floor.o)
                              /opt/st/stm32cubeide_1.9.0/plugins/com.st.stm32cube.ide.mcu.externaltools.gnu-tools-for-stm32.10.3-2021.10.linux64_1.0.0.202111181127/tools/bin/../lib/gcc/arm-none-eabi/10.3.1/../../../../arm-none-eabi/lib/thumb/v6-m/nofp/libm.a(lib_a-k_rem_pio2.o) (floor)
/opt/st/stm32cubeide_1.9.0/plugins/com.st.stm32cube.ide.mcu.externaltools.gnu-tools-for-stm32.10.3-2021.10.linux64_1.0.0.202111181127/tools/bin/../lib/gcc/arm-none-eabi/10.3.1/../../../../arm-none-eabi/lib/thumb/v6-m/nofp/libm.a(lib_a-s_scalbn.o)
                              /opt/st/stm32cubeide_1.9.0/plugins/com.st.stm32cube.ide.mcu.externaltools.gnu-tools-for-stm32.10.3-2021.10.linux64_1.0.0.202111181127/tools/bin/../lib/gcc/arm-none-eabi/10.3.1/../../../../arm-none-eabi/lib/thumb/v6-m/nofp/libm.a(lib_a-k_rem_pio2.o) (scalbn)
/opt/st/stm32cubeide_1.9.0/plugins/com.st.stm32cube.ide.mcu.externaltools.gnu-tools-for-stm32.10.3-2021.10.linux64_1.0.0.202111181127/tools/bin/../lib/gcc/arm-none-eabi/10.3.1/../../../../arm-none-eabi/lib/thumb/v6-m/nofp/libc_nano.a(lib_a-errno.o)
                              ./Core/Src/syscalls.o (__errno)
/opt/st/stm32cubeide_1.9.0/plugins/com.st.stm32cube.ide.mcu.externaltools.gnu-tools-for-stm32.10.3-2021.10.linux64_1.0.0.202111181127/tools/bin/../lib/gcc/arm-none-eabi/10.3.1/../../../../arm-none-eabi/lib/thumb/v6-m/nofp/libc_nano.a(lib_a-exit.o)
[...]
Memory Configuration

Name             Origin             Length             Attributes
RAM              0x0000000020000000 0x0000000000004000 xrw
FLASH            0x0000000008000000 0x0000000000020000 xr
*default*        0x0000000000000000 0xffffffffffffffff

Linker script and memory map

LOAD /opt/st/stm32cubeide_1.9.0/plugins/com.st.stm32cube.ide.mcu.externaltools.gnu-tools-for-stm32.10.3-2021.10.linux64_1.0.0.202111181127/tools/bin/../lib/gcc/arm-none-eabi/10.3.1/thumb/v6-m/nofp/crti.o
LOAD /opt/st/stm32cubeide_1.9.0/plugins/com.st.stm32cube.ide.mcu.externaltools.gnu-tools-for-stm32.10.3-2021.10.linux64_1.0.0.202111181127/tools/bin/../lib/gcc/arm-none-eabi/10.3.1/thumb/v6-m/nofp/crtbegin.o
LOAD /opt/st/stm32cubeide_1.9.0/plugins/com.st.stm32cube.ide.mcu.externaltools.gnu-tools-for-stm32.10.3-2021.10.linux64_1.0.0.202111181127/tools/bin/../lib/gcc/arm-none-eabi/10.3.1/../../../../arm-none-eabi/lib/thumb/v6-m/nofp/crt0.o
LOAD ./Core/Src/CANSPI.o
LOAD ./Core/Src/MCP2515.o
LOAD ./Core/Src/freertos.o
LOAD ./Core/Src/main.o
LOAD ./Core/Src/ssd1306.o
LOAD ./Core/Src/ssd1306_fonts.o
LOAD ./Core/Src/ssd1306_tests.o
LOAD ./Core/Src/stm32f0xx_hal_msp.o
LOAD ./Core/Src/stm32f0xx_hal_timebase_tim.o
LOAD ./Core/Src/stm32f0xx_it.o
LOAD ./Core/Src/syscalls.o
LOAD ./Core/Src/sysmem.o
LOAD ./Core/Src/system_stm32f0xx.o
LOAD ./Core/Startup/startup_stm32f070rbtx.o
LOAD ./Drivers/STM32F0xx_HAL_Driver/Src/stm32f0xx_hal.o
LOAD ./Drivers/STM32F0xx_HAL_Driver/Src/stm32f0xx_hal_adc.o
LOAD ./Drivers/STM32F0xx_HAL_Driver/Src/stm32f0xx_hal_adc_ex.o
LOAD ./Drivers/STM32F0xx_HAL_Driver/Src/stm32f0xx_hal_cortex.o
LOAD ./Drivers/STM32F0xx_HAL_Driver/Src/stm32f0xx_hal_dma.o
LOAD ./Drivers/STM32F0xx_HAL_Driver/Src/stm32f0xx_hal_exti.o
LOAD ./Drivers/STM32F0xx_HAL_Driver/Src/stm32f0xx_hal_flash.o
LOAD ./Drivers/STM32F0xx_HAL_Driver/Src/stm32f0xx_hal_flash_ex.o
LOAD ./Drivers/STM32F0xx_HAL_Driver/Src/stm32f0xx_hal_gpio.o
LOAD ./Drivers/STM32F0xx_HAL_Driver/Src/stm32f0xx_hal_i2c.o
LOAD ./Drivers/STM32F0xx_HAL_Driver/Src/stm32f0xx_hal_i2c_ex.o
LOAD ./Drivers/STM32F0xx_HAL_Driver/Src/stm32f0xx_hal_pwr.o
LOAD ./Drivers/STM32F0xx_HAL_Driver/Src/stm32f0xx_hal_pwr_ex.o
LOAD ./Drivers/STM32F0xx_HAL_Driver/Src/stm32f0xx_hal_rcc.o
LOAD ./Drivers/STM32F0xx_HAL_Driver/Src/stm32f0xx_hal_rcc_ex.o
LOAD ./Drivers/STM32F0xx_HAL_Driver/Src/stm32f0xx_hal_spi.o
LOAD ./Drivers/STM32F0xx_HAL_Driver/Src/stm32f0xx_hal_spi_ex.o
LOAD ./Drivers/STM32F0xx_HAL_Driver/Src/stm32f0xx_hal_tim.o
LOAD ./Drivers/STM32F0xx_HAL_Driver/Src/stm32f0xx_hal_tim_ex.o
LOAD ./Drivers/STM32F0xx_HAL_Driver/Src/stm32f0xx_hal_uart.o
LOAD ./Drivers/STM32F0xx_HAL_Driver/Src/stm32f0xx_hal_uart_ex.o
LOAD ./Middlewares/Third_Party/FreeRTOS/Source/CMSIS_RTOS_V2/cmsis_os2.o
LOAD ./Middlewares/Third_Party/FreeRTOS/Source/croutine.o
LOAD ./Middlewares/Third_Party/FreeRTOS/Source/event_groups.o
LOAD ./Middlewares/Third_Party/FreeRTOS/Source/list.o
LOAD ./Middlewares/Third_Party/FreeRTOS/Source/queue.o
LOAD ./Middlewares/Third_Party/FreeRTOS/Source/stream_buffer.o
LOAD ./Middlewares/Third_Party/FreeRTOS/Source/tasks.o
LOAD ./Middlewares/Third_Party/FreeRTOS/Source/timers.o
LOAD ./Middlewares/Third_Party/FreeRTOS/Source/portable/GCC/ARM_CM0/port.o
LOAD ./Middlewares/Third_Party/FreeRTOS/Source/portable/MemMang/heap_4.o
START GROUP
LOAD /opt/st/stm32cubeide_1.9.0/plugins/com.st.stm32cube.ide.mcu.externaltools.gnu-tools-for-stm32.10.3-2021.10.linux64_1.0.0.202111181127/tools/bin/../lib/gcc/arm-none-eabi/10.3.1/../../../../arm-none-eabi/lib/thumb/v6-m/nofp/libstdc++_nano.a
LOAD /opt/st/stm32cubeide_1.9.0/plugins/com.st.stm32cube.ide.mcu.externaltools.gnu-tools-for-stm32.10.3-2021.10.linux64_1.0.0.202111181127/tools/bin/../lib/gcc/arm-none-eabi/10.3.1/../../../../arm-none-eabi/lib/thumb/v6-m/nofp/libsupc++_nano.a
END GROUP
LOAD /opt/st/stm32cubeide_1.9.0/plugins/com.st.stm32cube.ide.mcu.externaltools.gnu-tools-for-stm32.10.3-2021.10.linux64_1.0.0.202111181127/tools/bin/../lib/gcc/arm-none-eabi/10.3.1/../../../../arm-none-eabi/lib/thumb/v6-m/nofp/libstdc++_nano.a
LOAD /opt/st/stm32cubeide_1.9.0/plugins/com.st.stm32cube.ide.mcu.externaltools.gnu-tools-for-stm32.10.3-2021.10.linux64_1.0.0.202111181127/tools/bin/../lib/gcc/arm-none-eabi/10.3.1/../../../../arm-none-eabi/lib/thumb/v6-m/nofp/libm.a
LOAD /opt/st/stm32cubeide_1.9.0/plugins/com.st.stm32cube.ide.mcu.externaltools.gnu-tools-for-stm32.10.3-2021.10.linux64_1.0.0.202111181127/tools/bin/../lib/gcc/arm-none-eabi/10.3.1/../../../../arm-none-eabi/lib/thumb/v6-m/nofp/libc_nano.a
START GROUP
LOAD /opt/st/stm32cubeide_1.9.0/plugins/com.st.stm32cube.ide.mcu.externaltools.gnu-tools-for-stm32.10.3-2021.10.linux64_1.0.0.202111181127/tools/bin/../lib/gcc/arm-none-eabi/10.3.1/thumb/v6-m/nofp/libgcc.a
LOAD /opt/st/stm32cubeide_1.9.0/plugins/com.st.stm32cube.ide.mcu.externaltools.gnu-tools-for-stm32.10.3-2021.10.linux64_1.0.0.202111181127/tools/bin/../lib/gcc/arm-none-eabi/10.3.1/../../../../arm-none-eabi/lib/thumb/v6-m/nofp/libc_nano.a
END GROUP
START GROUP
LOAD /opt/st/stm32cubeide_1.9.0/plugins/com.st.stm32cube.ide.mcu.externaltools.gnu-tools-for-stm32.10.3-2021.10.linux64_1.0.0.202111181127/tools/bin/../lib/gcc/arm-none-eabi/10.3.1/thumb/v6-m/nofp/libgcc.a
LOAD /opt/st/stm32cubeide_1.9.0/plugins/com.st.stm32cube.ide.mcu.externaltools.gnu-tools-for-stm32.10.3-2021.10.linux64_1.0.0.202111181127/tools/bin/../lib/gcc/arm-none-eabi/10.3.1/../../../../arm-none-eabi/lib/thumb/v6-m/nofp/libc_nano.a
LOAD /opt/st/stm32cubeide_1.9.0/plugins/com.st.stm32cube.ide.mcu.externaltools.gnu-tools-for-stm32.10.3-2021.10.linux64_1.0.0.202111181127/tools/bin/../lib/gcc/arm-none-eabi/10.3.1/../../../../arm-none-eabi/lib/thumb/v6-m/nofp/libnosys.a
END GROUP
START GROUP
LOAD /opt/st/stm32cubeide_1.9.0/plugins/com.st.stm32cube.ide.mcu.externaltools.gnu-tools-for-stm32.10.3-2021.10.linux64_1.0.0.202111181127/tools/bin/../lib/gcc/arm-none-eabi/10.3.1/thumb/v6-m/nofp/libgcc.a
LOAD /opt/st/stm32cubeide_1.9.0/plugins/com.st.stm32cube.ide.mcu.externaltools.gnu-tools-for-stm32.10.3-2021.10.linux64_1.0.0.202111181127/tools/bin/../lib/gcc/arm-none-eabi/10.3.1/../../../../arm-none-eabi/lib/thumb/v6-m/nofp/libc_nano.a
LOAD /opt/st/stm32cubeide_1.9.0/plugins/com.st.stm32cube.ide.mcu.externaltools.gnu-tools-for-stm32.10.3-2021.10.linux64_1.0.0.202111181127/tools/bin/../lib/gcc/arm-none-eabi/10.3.1/../../../../arm-none-eabi/lib/thumb/v6-m/nofp/libnosys.a
END GROUP
LOAD /opt/st/stm32cubeide_1.9.0/plugins/com.st.stm32cube.ide.mcu.externaltools.gnu-tools-for-stm32.10.3-2021.10.linux64_1.0.0.202111181127/tools/bin/../lib/gcc/arm-none-eabi/10.3.1/thumb/v6-m/nofp/crtend.o
LOAD /opt/st/stm32cubeide_1.9.0/plugins/com.st.stm32cube.ide.mcu.externaltools.gnu-tools-for-stm32.10.3-2021.10.linux64_1.0.0.202111181127/tools/bin/../lib/gcc/arm-none-eabi/10.3.1/thumb/v6-m/nofp/crtn.o
                0x0000000020004000                _estack = (ORIGIN (RAM) + LENGTH (RAM))
                0x0000000000000200                _Min_Heap_Size = 0x200
                0x0000000000000400                _Min_Stack_Size = 0x400

.isr_vector     0x0000000008000000       0xc0
                0x0000000008000000                . = ALIGN (0x4)
 *(.isr_vector)
 .isr_vector    0x0000000008000000       0xc0 ./Core/Startup/startup_stm32f070rbtx.o
                0x0000000008000000                g_pfnVectors
                0x00000000080000c0                . = ALIGN (0x4)

.text           0x00000000080000c0     0x9f20
                0x00000000080000c0                . = ALIGN (0x4)
 *(.text)
 .text          0x00000000080000c0       0x48 /opt/st/stm32cubeide_1.9.0/plugins/com.st.stm32cube.ide.mcu.externaltools.gnu-tools-for-stm32.10.3-2021.10.linux64_1.0.0.202111181127/tools/bin/../lib/gcc/arm-none-eabi/10.3.1/thumb/v6-m/nofp/crtbegin.o
 .text          0x0000000008000108       0x14 /opt/st/stm32cubeide_1.9.0/plugins/com.st.stm32cube.ide.mcu.externaltools.gnu-tools-for-stm32.10.3-2021.10.linux64_1.0.0.202111181127/tools/bin/../lib/gcc/arm-none-eabi/10.3.1/thumb/v6-m/nofp/libgcc.a(_thumb1_case_shi.o)
                0x0000000008000108                __gnu_thumb1_case_shi
 .text          0x000000000800011c      0x114 /opt/st/stm32cubeide_1.9.0/plugins/com.st.stm32cube.ide.mcu.externaltools.gnu-tools-for-stm32.10.3-2021.10.linux64_1.0.0.202111181127/tools/bin/../lib/gcc/arm-none-eabi/10.3.1/thumb/v6-m/nofp/libgcc.a(_udivsi3.o)
                0x000000000800011c                __udivsi3
                0x000000000800011c                __aeabi_uidiv
                0x0000000008000228                __aeabi_uidivmod
 .text          0x0000000008000230        0x4 /opt/st/stm32cubeide_1.9.0/plugins/com.st.stm32cube.ide.mcu.externaltools.gnu-tools-for-stm32.10.3-2021.10.linux64_1.0.0.202111181127/tools/bin/../lib/gcc/arm-none-eabi/10.3.1/thumb/v6-m/nofp/libgcc.a(_dvmd_tls.o)
                0x0000000008000230                __aeabi_ldiv0
                0x0000000008000230                __aeabi_idiv0
 *(.text*)
 .text.CANSPI_EN_Int
                0x0000000008000234       0x28 ./Core/Src/CANSPI.o
                0x0000000008000234                CANSPI_EN_Int
 .text.CANSPI_CL_Flag_Int
                0x000000000800025c       0x1c ./Core/Src/CANSPI.o
                0x000000000800025c                CANSPI_CL_Flag_Int
 .text.CANSPI_Initialize
                0x0000000008000278      0x1e4 ./Core/Src/CANSPI.o
                0x0000000008000278                CANSPI_Initialize
 .text.CANSPI_Transmit
                0x000000000800045c      0x124 ./Core/Src/CANSPI.o
                0x000000000800045c                CANSPI_Transmit
 .text.CANSPI_Receive
                0x0000000008000580      0x140 ./Core/Src/CANSPI.o
                0x0000000008000580                CANSPI_Receive
 .text.convertReg2ExtendedCANid
                0x00000000080006c0       0x98 ./Core/Src/CANSPI.o
 .text.convertReg2StandardCANid
                0x0000000008000758       0x3c ./Core/Src/CANSPI.o
 .text.convertCANid2Reg
                0x0000000008000794       0xc0 ./Core/Src/CANSPI.o
 .text.MCP2515_CS_HIGH
                0x0000000008000854       0x40 ./Core/Src/MCP2515.o
                0x0000000008000854                MCP2515_CS_HIGH
 .text.MCP2515_CS_LOW
                0x0000000008000894       0x40 ./Core/Src/MCP2515.o
                0x0000000008000894                MCP2515_CS_LOW
 .text.MCP2515_Initialize
                0x00000000080008d4       0x48 ./Core/Src/MCP2515.o
                0x00000000080008d4                MCP2515_Initialize
 .text.MCP2515_SetConfigMode
                0x000000000800091c       0x54 ./Core/Src/MCP2515.o
                0x000000000800091c                MCP2515_SetConfigMode
 .text.MCP2515_SetNormalMode
                0x0000000008000970       0x52 ./Core/Src/MCP2515.o
                0x0000000008000970                MCP2515_SetNormalMode
 .text.MCP2515_ReadByte
                0x00000000080009c2       0x52 ./Core/Src/MCP2515.o
                0x00000000080009c2                MCP2515_ReadByte
 .text.MCP2515_ReadRxSequence
                0x0000000008000a14       0x52 ./Core/Src/MCP2515.o
                0x0000000008000a14                MCP2515_ReadRxSequence
 .text.MCP2515_WriteByte
                0x0000000008000a66       0x56 ./Core/Src/MCP2515.o
                0x0000000008000a66                MCP2515_WriteByte
 .text.MCP2515_WriteByteSequence
                0x0000000008000abc       0x68 ./Core/Src/MCP2515.o
                0x0000000008000abc                MCP2515_WriteByteSequence
 .text.MCP2515_LoadTxSequence
                0x0000000008000b24       0x6c ./Core/Src/MCP2515.o
                0x0000000008000b24                MCP2515_LoadTxSequence
 .text.MCP2515_RequestToSend
                0x0000000008000b90       0x34 ./Core/Src/MCP2515.o
                0x0000000008000b90                MCP2515_RequestToSend
 .text.MCP2515_ReadStatus
                0x0000000008000bc4       0x3e ./Core/Src/MCP2515.o
                0x0000000008000bc4                MCP2515_ReadStatus
 .text.MCP2515_GetRxStatus
                0x0000000008000c02       0x3e ./Core/Src/MCP2515.o
                0x0000000008000c02                MCP2515_GetRxStatus
 .text.MCP2515_BitModify
                0x0000000008000c40       0x6c ./Core/Src/MCP2515.o
                0x0000000008000c40                MCP2515_BitModify
 .text.SPI_Tx   0x0000000008000cac       0x22 ./Core/Src/MCP2515.o
 .text.SPI_TxBuffer
                0x0000000008000cce       0x26 ./Core/Src/MCP2515.o
 .text.SPI_Rx   0x0000000008000cf4       0x22 ./Core/Src/MCP2515.o
 .text.SPI_RxBuffer
                0x0000000008000d16       0x26 ./Core/Src/MCP2515.o
 .text.main     0x0000000008000d3c      0x1b0 ./Core/Src/main.o
                0x0000000008000d3c                main
 .text.SystemClock_Config
                0x0000000008000eec       0xd0 ./Core/Src/main.o
                0x0000000008000eec                SystemClock_Config
 .text.MX_ADC_Init
                0x0000000008000fbc       0xd0 ./Core/Src/main.o
 .text.MX_I2C1_Init
                0x000000000800108c       0x80 ./Core/Src/main.o
 .text.MX_SPI1_Init
                0x000000000800110c       0x7c ./Core/Src/main.o
 .text.MX_SPI2_Init
                0x0000000008001188       0x7c ./Core/Src/main.o
 .text.MX_TIM3_Init
                0x0000000008001204      0x100 ./Core/Src/main.o
 .text.MX_USART2_UART_Init
                0x0000000008001304       0x60 ./Core/Src/main.o
 .text.MX_GPIO_Init
                0x0000000008001364      0x180 ./Core/Src/main.o
 .text.HAL_UART_TxCpltCallback
                0x00000000080014e4       0x30 ./Core/Src/main.o
                0x00000000080014e4                HAL_UART_TxCpltCallback
 .text.HAL_GPIO_EXTI_Callback
                0x0000000008001514       0x48 ./Core/Src/main.o
                0x0000000008001514                HAL_GPIO_EXTI_Callback
 .text.StartDefaultTask
                0x000000000800155c       0x10 ./Core/Src/main.o
                0x000000000800155c                StartDefaultTask
 .text.uart_rx_task
                0x000000000800156c       0x10 ./Core/Src/main.o
                0x000000000800156c                uart_rx_task
 .text.adc_task
                0x000000000800157c       0x10 ./Core/Src/main.o
                0x000000000800157c                adc_task
 .text.stepper_task
                0x000000000800158c       0x10 ./Core/Src/main.o
                0x000000000800158c                stepper_task
 .text.servo_Task
                0x000000000800159c       0x10 ./Core/Src/main.o
                0x000000000800159c                servo_Task
 .text.enviar_estado_Task
                0x00000000080015ac       0x10 ./Core/Src/main.o
                0x00000000080015ac                enviar_estado_Task
 .text.enviar_tmp_task
                0x00000000080015bc       0x10 ./Core/Src/main.o
                0x00000000080015bc                enviar_tmp_task
 .text.oled_Task
                0x00000000080015cc       0x10 ./Core/Src/main.o
                0x00000000080015cc                oled_Task
 .text.CAN_remote_task
                0x00000000080015dc      0x4a0 ./Core/Src/main.o
                0x00000000080015dc                CAN_remote_task
 .text.HAL_TIM_PeriodElapsedCallback
                0x0000000008001a7c       0x24 ./Core/Src/main.o
                0x0000000008001a7c                HAL_TIM_PeriodElapsedCallback
 .text.Error_Handler
                0x0000000008001aa0        0xa ./Core/Src/main.o
                0x0000000008001aa0                Error_Handler
 *fill*         0x0000000008001aaa        0x2 
 .text.HAL_MspInit
                0x0000000008001aac       0x54 ./Core/Src/stm32f0xx_hal_msp.o
                0x0000000008001aac                HAL_MspInit
 .text.HAL_ADC_MspInit
                0x0000000008001b00       0x8c ./Core/Src/stm32f0xx_hal_msp.o
                0x0000000008001b00                HAL_ADC_MspInit
 .text.HAL_I2C_MspInit
                0x0000000008001b8c       0x9c ./Core/Src/stm32f0xx_hal_msp.o
                0x0000000008001b8c                HAL_I2C_MspInit
 .text.HAL_SPI_MspInit
                0x0000000008001c28      0x114 ./Core/Src/stm32f0xx_hal_msp.o
                0x0000000008001c28                HAL_SPI_MspInit
 .text.HAL_TIM_Base_MspInit
                0x0000000008001d3c       0x3c ./Core/Src/stm32f0xx_hal_msp.o
                0x0000000008001d3c                HAL_TIM_Base_MspInit
 .text.HAL_TIM_MspPostInit
                0x0000000008001d78       0x80 ./Core/Src/stm32f0xx_hal_msp.o
                0x0000000008001d78                HAL_TIM_MspPostInit
 .text.HAL_UART_MspInit
                0x0000000008001df8       0xa8 ./Core/Src/stm32f0xx_hal_msp.o
                0x0000000008001df8                HAL_UART_MspInit
 .text.HAL_InitTick
                0x0000000008001ea0      0x10c ./Core/Src/stm32f0xx_hal_timebase_tim.o
                0x0000000008001ea0                HAL_InitTick
 .text.NMI_Handler
                0x0000000008001fac        0x6 ./Core/Src/stm32f0xx_it.o
                0x0000000008001fac                NMI_Handler
 .text.HardFault_Handler
                0x0000000008001fb2        0x6 ./Core/Src/stm32f0xx_it.o
                0x0000000008001fb2                HardFault_Handler
 .text.EXTI4_15_IRQHandler
                0x0000000008001fb8       0x24 ./Core/Src/stm32f0xx_it.o
                0x0000000008001fb8                EXTI4_15_IRQHandler
 .text.TIM1_BRK_UP_TRG_COM_IRQHandler
                0x0000000008001fdc       0x18 ./Core/Src/stm32f0xx_it.o
                0x0000000008001fdc                TIM1_BRK_UP_TRG_COM_IRQHandler
 .text.USART2_IRQHandler
                0x0000000008001ff4       0x18 ./Core/Src/stm32f0xx_it.o
                0x0000000008001ff4                USART2_IRQHandler
 .text._sbrk    0x000000000800200c       0x6c ./Core/Src/sysmem.o
                0x000000000800200c                _sbrk
 .text.SystemInit
                0x0000000008002078        0xa ./Core/Src/system_stm32f0xx.o
                0x0000000008002078                SystemInit
 *fill*         0x0000000008002082        0x2 
 .text.Reset_Handler
                0x0000000008002084       0x50 ./Core/Startup/startup_stm32f070rbtx.o
                0x0000000008002084                Reset_Handler
 .text.Default_Handler
                0x00000000080020d4        0x2 ./Core/Startup/startup_stm32f070rbtx.o
                0x00000000080020d4                TIM1_CC_IRQHandler
                0x00000000080020d4                TIM6_IRQHandler
                0x00000000080020d4                I2C1_IRQHandler
                0x00000000080020d4                SPI1_IRQHandler
                0x00000000080020d4                USART3_4_IRQHandler
                0x00000000080020d4                EXTI2_3_IRQHandler
                0x00000000080020d4                ADC1_IRQHandler
                0x00000000080020d4                I2C2_IRQHandler
                0x00000000080020d4                TIM17_IRQHandler
                0x00000000080020d4                RTC_IRQHandler
                0x00000000080020d4                TIM16_IRQHandler
                0x00000000080020d4                TIM3_IRQHandler
                0x00000000080020d4                RCC_IRQHandler
                0x00000000080020d4                DMA1_Channel1_IRQHandler
                0x00000000080020d4                Default_Handler
                0x00000000080020d4                TIM14_IRQHandler
                0x00000000080020d4                DMA1_Channel4_5_IRQHandler
                0x00000000080020d4                TIM7_IRQHandler
                0x00000000080020d4                TIM15_IRQHandler
                0x00000000080020d4                EXTI0_1_IRQHandler
                0x00000000080020d4                USB_IRQHandler
                0x00000000080020d4                SPI2_IRQHandler
                0x00000000080020d4                WWDG_IRQHandler
                0x00000000080020d4                DMA1_Channel2_3_IRQHandler
                0x00000000080020d4                FLASH_IRQHandler
                0x00000000080020d4                USART1_IRQHandler
 *fill*         0x00000000080020d6        0x2 
 .text.HAL_Init
                0x00000000080020d8       0x28 ./Drivers/STM32F0xx_HAL_Driver/Src/stm32f0xx_hal.o
                0x00000000080020d8                HAL_Init
 .text.HAL_IncTick
                0x0000000008002100       0x24 ./Drivers/STM32F0xx_HAL_Driver/Src/stm32f0xx_hal.o
                0x0000000008002100                HAL_IncTick
 .text.HAL_GetTick
                0x0000000008002124       0x14 ./Drivers/STM32F0xx_HAL_Driver/Src/stm32f0xx_hal.o
                0x0000000008002124                HAL_GetTick
 .text.HAL_ADC_Init
                0x0000000008002138      0x280 ./Drivers/STM32F0xx_HAL_Driver/Src/stm32f0xx_hal_adc.o
                0x0000000008002138                HAL_ADC_Init
 .text.HAL_ADC_ConfigChannel
                0x00000000080023b8      0x1ec ./Drivers/STM32F0xx_HAL_Driver/Src/stm32f0xx_hal_adc.o
                0x00000000080023b8                HAL_ADC_ConfigChannel
 .text.__NVIC_EnableIRQ
                0x00000000080025a4       0x34 ./Drivers/STM32F0xx_HAL_Driver/Src/stm32f0xx_hal_cortex.o
 .text.__NVIC_SetPriority
                0x00000000080025d8       0xdc ./Drivers/STM32F0xx_HAL_Driver/Src/stm32f0xx_hal_cortex.o
 .text.HAL_NVIC_SetPriority
                0x00000000080026b4       0x2a ./Drivers/STM32F0xx_HAL_Driver/Src/stm32f0xx_hal_cortex.o
                0x00000000080026b4                HAL_NVIC_SetPriority
 .text.HAL_NVIC_EnableIRQ
                0x00000000080026de       0x20 ./Drivers/STM32F0xx_HAL_Driver/Src/stm32f0xx_hal_cortex.o
                0x00000000080026de                HAL_NVIC_EnableIRQ
 .text.HAL_DMA_Abort
                0x00000000080026fe       0x70 ./Drivers/STM32F0xx_HAL_Driver/Src/stm32f0xx_hal_dma.o
                0x00000000080026fe                HAL_DMA_Abort
 .text.HAL_DMA_Abort_IT
                0x000000000800276e       0x8a ./Drivers/STM32F0xx_HAL_Driver/Src/stm32f0xx_hal_dma.o
                0x000000000800276e                HAL_DMA_Abort_IT
 .text.HAL_GPIO_Init
                0x00000000080027f8      0x2e0 ./Drivers/STM32F0xx_HAL_Driver/Src/stm32f0xx_hal_gpio.o
                0x00000000080027f8                HAL_GPIO_Init
 .text.HAL_GPIO_WritePin
                0x0000000008002ad8       0x3a ./Drivers/STM32F0xx_HAL_Driver/Src/stm32f0xx_hal_gpio.o
                0x0000000008002ad8                HAL_GPIO_WritePin
 *fill*         0x0000000008002b12        0x2 
 .text.HAL_GPIO_EXTI_IRQHandler
                0x0000000008002b14       0x38 ./Drivers/STM32F0xx_HAL_Driver/Src/stm32f0xx_hal_gpio.o
                0x0000000008002b14                HAL_GPIO_EXTI_IRQHandler
 .text.HAL_I2C_Init
                0x0000000008002b4c      0x12c ./Drivers/STM32F0xx_HAL_Driver/Src/stm32f0xx_hal_i2c.o
                0x0000000008002b4c                HAL_I2C_Init
 .text.HAL_I2CEx_ConfigAnalogFilter
                0x0000000008002c78       0x98 ./Drivers/STM32F0xx_HAL_Driver/Src/stm32f0xx_hal_i2c_ex.o
                0x0000000008002c78                HAL_I2CEx_ConfigAnalogFilter
 .text.HAL_I2CEx_ConfigDigitalFilter
                0x0000000008002d10       0x98 ./Drivers/STM32F0xx_HAL_Driver/Src/stm32f0xx_hal_i2c_ex.o
                0x0000000008002d10                HAL_I2CEx_ConfigDigitalFilter
 .text.HAL_RCC_OscConfig
                0x0000000008002da8      0x63c ./Drivers/STM32F0xx_HAL_Driver/Src/stm32f0xx_hal_rcc.o
                0x0000000008002da8                HAL_RCC_OscConfig
 .text.HAL_RCC_ClockConfig
                0x00000000080033e4      0x19c ./Drivers/STM32F0xx_HAL_Driver/Src/stm32f0xx_hal_rcc.o
                0x00000000080033e4                HAL_RCC_ClockConfig
 .text.HAL_RCC_GetSysClockFreq
                0x0000000008003580       0xcc ./Drivers/STM32F0xx_HAL_Driver/Src/stm32f0xx_hal_rcc.o
                0x0000000008003580                HAL_RCC_GetSysClockFreq
 .text.HAL_RCC_GetHCLKFreq
                0x000000000800364c       0x14 ./Drivers/STM32F0xx_HAL_Driver/Src/stm32f0xx_hal_rcc.o
                0x000000000800364c                HAL_RCC_GetHCLKFreq
 .text.HAL_RCC_GetPCLK1Freq
                0x0000000008003660       0x2c ./Drivers/STM32F0xx_HAL_Driver/Src/stm32f0xx_hal_rcc.o
                0x0000000008003660                HAL_RCC_GetPCLK1Freq
 .text.HAL_RCC_GetClockConfig
                0x000000000800368c       0x54 ./Drivers/STM32F0xx_HAL_Driver/Src/stm32f0xx_hal_rcc.o
                0x000000000800368c                HAL_RCC_GetClockConfig
 .text.HAL_RCCEx_PeriphCLKConfig
                0x00000000080036e0      0x1bc ./Drivers/STM32F0xx_HAL_Driver/Src/stm32f0xx_hal_rcc_ex.o
                0x00000000080036e0                HAL_RCCEx_PeriphCLKConfig
 .text.HAL_SPI_Init
                0x000000000800389c      0x170 ./Drivers/STM32F0xx_HAL_Driver/Src/stm32f0xx_hal_spi.o
                0x000000000800389c                HAL_SPI_Init
 .text.HAL_SPI_Transmit
                0x0000000008003a0c      0x2b0 ./Drivers/STM32F0xx_HAL_Driver/Src/stm32f0xx_hal_spi.o
                0x0000000008003a0c                HAL_SPI_Transmit
 .text.HAL_SPI_Receive
                0x0000000008003cbc      0x298 ./Drivers/STM32F0xx_HAL_Driver/Src/stm32f0xx_hal_spi.o
                0x0000000008003cbc                HAL_SPI_Receive
 .text.HAL_SPI_TransmitReceive
                0x0000000008003f54      0x3a4 ./Drivers/STM32F0xx_HAL_Driver/Src/stm32f0xx_hal_spi.o
                0x0000000008003f54                HAL_SPI_TransmitReceive
 .text.HAL_SPI_GetState
                0x00000000080042f8       0x18 ./Drivers/STM32F0xx_HAL_Driver/Src/stm32f0xx_hal_spi.o
                0x00000000080042f8                HAL_SPI_GetState
 .text.SPI_WaitFlagStateUntilTimeout
                0x0000000008004310      0x11c ./Drivers/STM32F0xx_HAL_Driver/Src/stm32f0xx_hal_spi.o
 .text.SPI_WaitFifoStateUntilTimeout
                0x000000000800442c      0x144 ./Drivers/STM32F0xx_HAL_Driver/Src/stm32f0xx_hal_spi.o
 .text.SPI_EndRxTransaction
                0x0000000008004570       0xbc ./Drivers/STM32F0xx_HAL_Driver/Src/stm32f0xx_hal_spi.o
 .text.SPI_EndRxTxTransaction
                0x000000000800462c       0x8c ./Drivers/STM32F0xx_HAL_Driver/Src/stm32f0xx_hal_spi.o
 .text.HAL_TIM_Base_Init
                0x00000000080046b8       0xa0 ./Drivers/STM32F0xx_HAL_Driver/Src/stm32f0xx_hal_tim.o
                0x00000000080046b8                HAL_TIM_Base_Init
 .text.HAL_TIM_Base_Start_IT
                0x0000000008004758       0x98 ./Drivers/STM32F0xx_HAL_Driver/Src/stm32f0xx_hal_tim.o
                0x0000000008004758                HAL_TIM_Base_Start_IT
 .text.HAL_TIM_PWM_Init
                0x00000000080047f0       0xa0 ./Drivers/STM32F0xx_HAL_Driver/Src/stm32f0xx_hal_tim.o
                0x00000000080047f0                HAL_TIM_PWM_Init
 .text.HAL_TIM_PWM_MspInit
                0x0000000008004890       0x10 ./Drivers/STM32F0xx_HAL_Driver/Src/stm32f0xx_hal_tim.o
                0x0000000008004890                HAL_TIM_PWM_MspInit
 .text.HAL_TIM_IRQHandler
                0x00000000080048a0      0x22c ./Drivers/STM32F0xx_HAL_Driver/Src/stm32f0xx_hal_tim.o
                0x00000000080048a0                HAL_TIM_IRQHandler
 .text.HAL_TIM_PWM_ConfigChannel
                0x0000000008004acc      0x18c ./Drivers/STM32F0xx_HAL_Driver/Src/stm32f0xx_hal_tim.o
                0x0000000008004acc                HAL_TIM_PWM_ConfigChannel
 .text.HAL_TIM_ConfigClockSource
                0x0000000008004c58      0x1a8 ./Drivers/STM32F0xx_HAL_Driver/Src/stm32f0xx_hal_tim.o
                0x0000000008004c58                HAL_TIM_ConfigClockSource
 .text.HAL_TIM_OC_DelayElapsedCallback
                0x0000000008004e00       0x10 ./Drivers/STM32F0xx_HAL_Driver/Src/stm32f0xx_hal_tim.o
                0x0000000008004e00                HAL_TIM_OC_DelayElapsedCallback
 .text.HAL_TIM_IC_CaptureCallback
                0x0000000008004e10       0x10 ./Drivers/STM32F0xx_HAL_Driver/Src/stm32f0xx_hal_tim.o
                0x0000000008004e10                HAL_TIM_IC_CaptureCallback
 .text.HAL_TIM_PWM_PulseFinishedCallback
                0x0000000008004e20       0x10 ./Drivers/STM32F0xx_HAL_Driver/Src/stm32f0xx_hal_tim.o
                0x0000000008004e20                HAL_TIM_PWM_PulseFinishedCallback
 .text.HAL_TIM_TriggerCallback
                0x0000000008004e30       0x10 ./Drivers/STM32F0xx_HAL_Driver/Src/stm32f0xx_hal_tim.o
                0x0000000008004e30                HAL_TIM_TriggerCallback
 .text.TIM_Base_SetConfig
                0x0000000008004e40       0xec ./Drivers/STM32F0xx_HAL_Driver/Src/stm32f0xx_hal_tim.o
                0x0000000008004e40                TIM_Base_SetConfig
 .text.TIM_OC1_SetConfig
                0x0000000008004f2c      0x110 ./Drivers/STM32F0xx_HAL_Driver/Src/stm32f0xx_hal_tim.o
 .text.TIM_OC2_SetConfig
                0x000000000800503c      0x108 ./Drivers/STM32F0xx_HAL_Driver/Src/stm32f0xx_hal_tim.o
                0x000000000800503c                TIM_OC2_SetConfig
 .text.TIM_OC3_SetConfig
                0x0000000008005144      0x10c ./Drivers/STM32F0xx_HAL_Driver/Src/stm32f0xx_hal_tim.o
 .text.TIM_OC4_SetConfig
                0x0000000008005250       0xd4 ./Drivers/STM32F0xx_HAL_Driver/Src/stm32f0xx_hal_tim.o
 .text.TIM_TI1_ConfigInputStage
                0x0000000008005324       0x5c ./Drivers/STM32F0xx_HAL_Driver/Src/stm32f0xx_hal_tim.o
 .text.TIM_TI2_ConfigInputStage
                0x0000000008005380       0x64 ./Drivers/STM32F0xx_HAL_Driver/Src/stm32f0xx_hal_tim.o
 .text.TIM_ITRx_SetConfig
                0x00000000080053e4       0x32 ./Drivers/STM32F0xx_HAL_Driver/Src/stm32f0xx_hal_tim.o
 *fill*         0x0000000008005416        0x2 
 .text.TIM_ETR_SetConfig
                0x0000000008005418       0x40 ./Drivers/STM32F0xx_HAL_Driver/Src/stm32f0xx_hal_tim.o
                0x0000000008005418                TIM_ETR_SetConfig
 .text.HAL_TIMEx_MasterConfigSynchronization
                0x0000000008005458       0xb0 ./Drivers/STM32F0xx_HAL_Driver/Src/stm32f0xx_hal_tim_ex.o
                0x0000000008005458                HAL_TIMEx_MasterConfigSynchronization
 .text.HAL_TIMEx_CommutCallback
                0x0000000008005508       0x10 ./Drivers/STM32F0xx_HAL_Driver/Src/stm32f0xx_hal_tim_ex.o
                0x0000000008005508                HAL_TIMEx_CommutCallback
 .text.HAL_TIMEx_BreakCallback
                0x0000000008005518       0x10 ./Drivers/STM32F0xx_HAL_Driver/Src/stm32f0xx_hal_tim_ex.o
                0x0000000008005518                HAL_TIMEx_BreakCallback
 .text.HAL_UART_Init
                0x0000000008005528       0xa8 ./Drivers/STM32F0xx_HAL_Driver/Src/stm32f0xx_hal_uart.o
                0x0000000008005528                HAL_UART_Init
 .text.HAL_UART_Transmit_IT
                0x00000000080055d0      0x100 ./Drivers/STM32F0xx_HAL_Driver/Src/stm32f0xx_hal_uart.o
                0x00000000080055d0                HAL_UART_Transmit_IT
 .text.HAL_UART_IRQHandler
                0x00000000080056d0      0x580 ./Drivers/STM32F0xx_HAL_Driver/Src/stm32f0xx_hal_uart.o
                0x00000000080056d0                HAL_UART_IRQHandler
 .text.HAL_UART_ErrorCallback
                0x0000000008005c50       0x10 ./Drivers/STM32F0xx_HAL_Driver/Src/stm32f0xx_hal_uart.o
                0x0000000008005c50                HAL_UART_ErrorCallback
 .text.HAL_UARTEx_RxEventCallback
                0x0000000008005c60       0x16 ./Drivers/STM32F0xx_HAL_Driver/Src/stm32f0xx_hal_uart.o
                0x0000000008005c60                HAL_UARTEx_RxEventCallback
 *fill*         0x0000000008005c76        0x2 
 .text.UART_SetConfig
                0x0000000008005c78      0x2b0 ./Drivers/STM32F0xx_HAL_Driver/Src/stm32f0xx_hal_uart.o
                0x0000000008005c78                UART_SetConfig
 .text.UART_AdvFeatureConfig
                0x0000000008005f28      0x168 ./Drivers/STM32F0xx_HAL_Driver/Src/stm32f0xx_hal_uart.o
                0x0000000008005f28                UART_AdvFeatureConfig
 .text.UART_CheckIdleState
                0x0000000008006090       0x90 ./Drivers/STM32F0xx_HAL_Driver/Src/stm32f0xx_hal_uart.o
                0x0000000008006090                UART_CheckIdleState
 .text.UART_WaitOnFlagUntilTimeout
                0x0000000008006120      0x188 ./Drivers/STM32F0xx_HAL_Driver/Src/stm32f0xx_hal_uart.o
                0x0000000008006120                UART_WaitOnFlagUntilTimeout
 .text.UART_EndRxTransfer
                0x00000000080062a8       0xc4 ./Drivers/STM32F0xx_HAL_Driver/Src/stm32f0xx_hal_uart.o
 .text.UART_DMAAbortOnError
                0x000000000800636c       0x2e ./Drivers/STM32F0xx_HAL_Driver/Src/stm32f0xx_hal_uart.o
 .text.UART_TxISR_8BIT
                0x000000000800639a       0xb4 ./Drivers/STM32F0xx_HAL_Driver/Src/stm32f0xx_hal_uart.o
 .text.UART_TxISR_16BIT
                0x000000000800644e       0xbc ./Drivers/STM32F0xx_HAL_Driver/Src/stm32f0xx_hal_uart.o
 .text.UART_EndTransmit_IT
                0x000000000800650a       0x56 ./Drivers/STM32F0xx_HAL_Driver/Src/stm32f0xx_hal_uart.o
 .text.osKernelInitialize
                0x0000000008006560       0x58 ./Middlewares/Third_Party/FreeRTOS/Source/CMSIS_RTOS_V2/cmsis_os2.o
                0x0000000008006560                osKernelInitialize
 .text.osKernelStart
                0x00000000080065b8       0x5c ./Middlewares/Third_Party/FreeRTOS/Source/CMSIS_RTOS_V2/cmsis_os2.o
                0x00000000080065b8                osKernelStart
 .text.osThreadNew
                0x0000000008006614      0x150 ./Middlewares/Third_Party/FreeRTOS/Source/CMSIS_RTOS_V2/cmsis_os2.o
                0x0000000008006614                osThreadNew
 .text.osThreadSuspend
                0x0000000008006764       0x5c ./Middlewares/Third_Party/FreeRTOS/Source/CMSIS_RTOS_V2/cmsis_os2.o
                0x0000000008006764                osThreadSuspend
 .text.osDelay  0x00000000080067c0       0x50 ./Middlewares/Third_Party/FreeRTOS/Source/CMSIS_RTOS_V2/cmsis_os2.o
                0x00000000080067c0                osDelay
 .text.osSemaphoreNew
                0x0000000008006810      0x144 ./Middlewares/Third_Party/FreeRTOS/Source/CMSIS_RTOS_V2/cmsis_os2.o
                0x0000000008006810                osSemaphoreNew
 .text.osSemaphoreAcquire
                0x0000000008006954       0xbc ./Middlewares/Third_Party/FreeRTOS/Source/CMSIS_RTOS_V2/cmsis_os2.o
                0x0000000008006954                osSemaphoreAcquire
 .text.osSemaphoreRelease
                0x0000000008006a10       0x9c ./Middlewares/Third_Party/FreeRTOS/Source/CMSIS_RTOS_V2/cmsis_os2.o
                0x0000000008006a10                osSemaphoreRelease
 .text.osMessageQueueNew
                0x0000000008006aac      0x10c ./Middlewares/Third_Party/FreeRTOS/Source/CMSIS_RTOS_V2/cmsis_os2.o
                0x0000000008006aac                osMessageQueueNew
 .text.vApplicationGetIdleTaskMemory
                0x0000000008006bb8       0x30 ./Middlewares/Third_Party/FreeRTOS/Source/CMSIS_RTOS_V2/cmsis_os2.o
                0x0000000008006bb8                vApplicationGetIdleTaskMemory
 .text.vApplicationGetTimerTaskMemory
                0x0000000008006be8       0x30 ./Middlewares/Third_Party/FreeRTOS/Source/CMSIS_RTOS_V2/cmsis_os2.o
                0x0000000008006be8                vApplicationGetTimerTaskMemory
 .text.vListInitialise
                0x0000000008006c18       0x3c ./Middlewares/Third_Party/FreeRTOS/Source/list.o
                0x0000000008006c18                vListInitialise
 .text.vListInitialiseItem
                0x0000000008006c54       0x16 ./Middlewares/Third_Party/FreeRTOS/Source/list.o
                0x0000000008006c54                vListInitialiseItem
 .text.vListInsertEnd
                0x0000000008006c6a       0x44 ./Middlewares/Third_Party/FreeRTOS/Source/list.o
                0x0000000008006c6a                vListInsertEnd
 .text.vListInsert
                0x0000000008006cae       0x6c ./Middlewares/Third_Party/FreeRTOS/Source/list.o
                0x0000000008006cae                vListInsert
 .text.uxListRemove
                0x0000000008006d1a       0x50 ./Middlewares/Third_Party/FreeRTOS/Source/list.o
                0x0000000008006d1a                uxListRemove
 .text.xQueueGenericReset
                0x0000000008006d6a       0xa8 ./Middlewares/Third_Party/FreeRTOS/Source/queue.o
                0x0000000008006d6a                xQueueGenericReset
 .text.xQueueGenericCreateStatic
                0x0000000008006e12       0x96 ./Middlewares/Third_Party/FreeRTOS/Source/queue.o
                0x0000000008006e12                xQueueGenericCreateStatic
 .text.xQueueGenericCreate
                0x0000000008006ea8       0x6c ./Middlewares/Third_Party/FreeRTOS/Source/queue.o
                0x0000000008006ea8                xQueueGenericCreate
 .text.prvInitialiseNewQueue
                0x0000000008006f14       0x4e ./Middlewares/Third_Party/FreeRTOS/Source/queue.o
 .text.xQueueCreateCountingSemaphoreStatic
                0x0000000008006f62       0x4c ./Middlewares/Third_Party/FreeRTOS/Source/queue.o
                0x0000000008006f62                xQueueCreateCountingSemaphoreStatic
 .text.xQueueCreateCountingSemaphore
                0x0000000008006fae       0x46 ./Middlewares/Third_Party/FreeRTOS/Source/queue.o
                0x0000000008006fae                xQueueCreateCountingSemaphore
 .text.xQueueGenericSend
                0x0000000008006ff4      0x188 ./Middlewares/Third_Party/FreeRTOS/Source/queue.o
                0x0000000008006ff4                xQueueGenericSend
 .text.xQueueGenericSendFromISR
                0x000000000800717c       0xe2 ./Middlewares/Third_Party/FreeRTOS/Source/queue.o
                0x000000000800717c                xQueueGenericSendFromISR
 .text.xQueueGiveFromISR
                0x000000000800725e       0xca ./Middlewares/Third_Party/FreeRTOS/Source/queue.o
                0x000000000800725e                xQueueGiveFromISR
 .text.xQueueReceive
                0x0000000008007328      0x16a ./Middlewares/Third_Party/FreeRTOS/Source/queue.o
                0x0000000008007328                xQueueReceive
 .text.xQueueSemaphoreTake
                0x0000000008007492      0x1b4 ./Middlewares/Third_Party/FreeRTOS/Source/queue.o
                0x0000000008007492                xQueueSemaphoreTake
 .text.xQueueReceiveFromISR
                0x0000000008007646       0xc6 ./Middlewares/Third_Party/FreeRTOS/Source/queue.o
                0x0000000008007646                xQueueReceiveFromISR
 .text.vQueueDelete
                0x000000000800770c       0x38 ./Middlewares/Third_Party/FreeRTOS/Source/queue.o
                0x000000000800770c                vQueueDelete
 .text.prvGetDisinheritPriorityAfterTimeout
                0x0000000008007744       0x2c ./Middlewares/Third_Party/FreeRTOS/Source/queue.o
 .text.prvCopyDataToQueue
                0x0000000008007770       0xd6 ./Middlewares/Third_Party/FreeRTOS/Source/queue.o
 .text.prvCopyDataFromQueue
                0x0000000008007846       0x4c ./Middlewares/Third_Party/FreeRTOS/Source/queue.o
 .text.prvUnlockQueue
                0x0000000008007892       0xbc ./Middlewares/Third_Party/FreeRTOS/Source/queue.o
 .text.prvIsQueueEmpty
                0x000000000800794e       0x2c ./Middlewares/Third_Party/FreeRTOS/Source/queue.o
 .text.prvIsQueueFull
                0x000000000800797a       0x30 ./Middlewares/Third_Party/FreeRTOS/Source/queue.o
 *fill*         0x00000000080079aa        0x2 
 .text.vQueueAddToRegistry
                0x00000000080079ac       0x50 ./Middlewares/Third_Party/FreeRTOS/Source/queue.o
                0x00000000080079ac                vQueueAddToRegistry
 .text.vQueueUnregisterQueue
                0x00000000080079fc       0x54 ./Middlewares/Third_Party/FreeRTOS/Source/queue.o
                0x00000000080079fc                vQueueUnregisterQueue
 .text.vQueueWaitForMessageRestricted
                0x0000000008007a50       0x66 ./Middlewares/Third_Party/FreeRTOS/Source/queue.o
                0x0000000008007a50                vQueueWaitForMessageRestricted
 .text.xTaskCreateStatic
                0x0000000008007ab6       0x86 ./Middlewares/Third_Party/FreeRTOS/Source/tasks.o
                0x0000000008007ab6                xTaskCreateStatic
 .text.xTaskCreate
                0x0000000008007b3c       0x98 ./Middlewares/Third_Party/FreeRTOS/Source/tasks.o
                0x0000000008007b3c                xTaskCreate
 .text.prvInitialiseNewTask
                0x0000000008007bd4      0x130 ./Middlewares/Third_Party/FreeRTOS/Source/tasks.o
 .text.prvAddNewTaskToReadyList
                0x0000000008007d04       0xd0 ./Middlewares/Third_Party/FreeRTOS/Source/tasks.o
 .text.vTaskDelay
                0x0000000008007dd4       0x4c ./Middlewares/Third_Party/FreeRTOS/Source/tasks.o
                0x0000000008007dd4                vTaskDelay
 .text.vTaskSuspend
                0x0000000008007e20       0xcc ./Middlewares/Third_Party/FreeRTOS/Source/tasks.o
                0x0000000008007e20                vTaskSuspend
 .text.vTaskStartScheduler
                0x0000000008007eec       0xbc ./Middlewares/Third_Party/FreeRTOS/Source/tasks.o
                0x0000000008007eec                vTaskStartScheduler
 .text.vTaskSuspendAll
                0x0000000008007fa8       0x18 ./Middlewares/Third_Party/FreeRTOS/Source/tasks.o
                0x0000000008007fa8                vTaskSuspendAll
 .text.xTaskResumeAll
                0x0000000008007fc0      0x118 ./Middlewares/Third_Party/FreeRTOS/Source/tasks.o
                0x0000000008007fc0                xTaskResumeAll
 .text.xTaskGetTickCount
                0x00000000080080d8       0x1c ./Middlewares/Third_Party/FreeRTOS/Source/tasks.o
                0x00000000080080d8                xTaskGetTickCount
 .text.xTaskIncrementTick
                0x00000000080080f4      0x168 ./Middlewares/Third_Party/FreeRTOS/Source/tasks.o
                0x00000000080080f4                xTaskIncrementTick
 .text.vTaskSwitchContext
                0x000000000800825c       0xb4 ./Middlewares/Third_Party/FreeRTOS/Source/tasks.o
                0x000000000800825c                vTaskSwitchContext
 .text.vTaskPlaceOnEventList
                0x0000000008008310       0x3c ./Middlewares/Third_Party/FreeRTOS/Source/tasks.o
                0x0000000008008310                vTaskPlaceOnEventList
 .text.vTaskPlaceOnEventListRestricted
                0x000000000800834c       0x4c ./Middlewares/Third_Party/FreeRTOS/Source/tasks.o
                0x000000000800834c                vTaskPlaceOnEventListRestricted
 .text.xTaskRemoveFromEventList
                0x0000000008008398       0xb8 ./Middlewares/Third_Party/FreeRTOS/Source/tasks.o
                0x0000000008008398                xTaskRemoveFromEventList
 .text.vTaskInternalSetTimeOutState
                0x0000000008008450       0x28 ./Middlewares/Third_Party/FreeRTOS/Source/tasks.o
                0x0000000008008450                vTaskInternalSetTimeOutState
 .text.xTaskCheckForTimeOut
                0x0000000008008478       0xa0 ./Middlewares/Third_Party/FreeRTOS/Source/tasks.o
                0x0000000008008478                xTaskCheckForTimeOut
 .text.vTaskMissedYield
                0x0000000008008518       0x14 ./Middlewares/Third_Party/FreeRTOS/Source/tasks.o
                0x0000000008008518                vTaskMissedYield
 .text.prvIdleTask
                0x000000000800852c       0x20 ./Middlewares/Third_Party/FreeRTOS/Source/tasks.o
 .text.prvInitialiseTaskLists
                0x000000000800854c       0x88 ./Middlewares/Third_Party/FreeRTOS/Source/tasks.o
 .text.prvCheckTasksWaitingTermination
                0x00000000080085d4       0x5c ./Middlewares/Third_Party/FreeRTOS/Source/tasks.o
 .text.prvDeleteTCB
                0x0000000008008630       0x5a ./Middlewares/Third_Party/FreeRTOS/Source/tasks.o
 *fill*         0x000000000800868a        0x2 
 .text.prvResetNextTaskUnblockTime
                0x000000000800868c       0x48 ./Middlewares/Third_Party/FreeRTOS/Source/tasks.o
 .text.xTaskGetSchedulerState
                0x00000000080086d4       0x38 ./Middlewares/Third_Party/FreeRTOS/Source/tasks.o
                0x00000000080086d4                xTaskGetSchedulerState
 .text.xTaskPriorityInherit
                0x000000000800870c       0xdc ./Middlewares/Third_Party/FreeRTOS/Source/tasks.o
                0x000000000800870c                xTaskPriorityInherit
 .text.xTaskPriorityDisinherit
                0x00000000080087e8       0xb8 ./Middlewares/Third_Party/FreeRTOS/Source/tasks.o
                0x00000000080087e8                xTaskPriorityDisinherit
 .text.vTaskPriorityDisinheritAfterTimeout
                0x00000000080088a0       0xe8 ./Middlewares/Third_Party/FreeRTOS/Source/tasks.o
                0x00000000080088a0                vTaskPriorityDisinheritAfterTimeout
 .text.pvTaskIncrementMutexHeldCount
                0x0000000008008988       0x24 ./Middlewares/Third_Party/FreeRTOS/Source/tasks.o
                0x0000000008008988                pvTaskIncrementMutexHeldCount
 .text.prvAddCurrentTaskToDelayedList
                0x00000000080089ac       0xa8 ./Middlewares/Third_Party/FreeRTOS/Source/tasks.o
 .text.xTimerCreateTimerTask
                0x0000000008008a54       0x7c ./Middlewares/Third_Party/FreeRTOS/Source/timers.o
                0x0000000008008a54                xTimerCreateTimerTask
 .text.xTimerGenericCommand
                0x0000000008008ad0       0x94 ./Middlewares/Third_Party/FreeRTOS/Source/timers.o
                0x0000000008008ad0                xTimerGenericCommand
 .text.prvProcessExpiredTimer
                0x0000000008008b64       0x70 ./Middlewares/Third_Party/FreeRTOS/Source/timers.o
 .text.prvTimerTask
                0x0000000008008bd4       0x28 ./Middlewares/Third_Party/FreeRTOS/Source/timers.o
 .text.prvProcessTimerOrBlockTask
                0x0000000008008bfc       0x8c ./Middlewares/Third_Party/FreeRTOS/Source/timers.o
 .text.prvGetNextExpireTime
                0x0000000008008c88       0x40 ./Middlewares/Third_Party/FreeRTOS/Source/timers.o
 .text.prvSampleTimeNow
                0x0000000008008cc8       0x40 ./Middlewares/Third_Party/FreeRTOS/Source/timers.o
 .text.prvInsertTimerInActiveList
                0x0000000008008d08       0x84 ./Middlewares/Third_Party/FreeRTOS/Source/timers.o
 .text.prvProcessReceivedCommands
                0x0000000008008d8c      0x130 ./Middlewares/Third_Party/FreeRTOS/Source/timers.o
 .text.prvSwitchTimerLists
                0x0000000008008ebc       0xb4 ./Middlewares/Third_Party/FreeRTOS/Source/timers.o
 .text.prvCheckForValidListAndQueue
                0x0000000008008f70       0x84 ./Middlewares/Third_Party/FreeRTOS/Source/timers.o
 .text.pxPortInitialiseStack
                0x0000000008008ff4       0x54 ./Middlewares/Third_Party/FreeRTOS/Source/portable/GCC/ARM_CM0/port.o
                0x0000000008008ff4                pxPortInitialiseStack
 .text.prvTaskExitError
                0x0000000008009048       0x30 ./Middlewares/Third_Party/FreeRTOS/Source/portable/GCC/ARM_CM0/port.o
 .text.SVC_Handler
                0x0000000008009078        0xa ./Middlewares/Third_Party/FreeRTOS/Source/portable/GCC/ARM_CM0/port.o
                0x0000000008009078                SVC_Handler
 *fill*         0x0000000008009082        0xe 
 .text.vPortStartFirstTask
                0x0000000008009090       0x38 ./Middlewares/Third_Party/FreeRTOS/Source/portable/GCC/ARM_CM0/port.o
 .text.xPortStartScheduler
                0x00000000080090c8       0x48 ./Middlewares/Third_Party/FreeRTOS/Source/portable/GCC/ARM_CM0/port.o
                0x00000000080090c8                xPortStartScheduler
 .text.vPortYield
                0x0000000008009110       0x20 ./Middlewares/Third_Party/FreeRTOS/Source/portable/GCC/ARM_CM0/port.o
                0x0000000008009110                vPortYield
 .text.vPortEnterCritical
                0x0000000008009130       0x24 ./Middlewares/Third_Party/FreeRTOS/Source/portable/GCC/ARM_CM0/port.o
                0x0000000008009130                vPortEnterCritical
 .text.vPortExitCritical
                0x0000000008009154       0x30 ./Middlewares/Third_Party/FreeRTOS/Source/portable/GCC/ARM_CM0/port.o
                0x0000000008009154                vPortExitCritical
 .text.ulSetInterruptMaskFromISR
                0x0000000008009184        0xc ./Middlewares/Third_Party/FreeRTOS/Source/portable/GCC/ARM_CM0/port.o
                0x0000000008009184                ulSetInterruptMaskFromISR
 .text.vClearInterruptMaskFromISR
                0x0000000008009190        0x8 ./Middlewares/Third_Party/FreeRTOS/Source/portable/GCC/ARM_CM0/port.o
                0x0000000008009190                vClearInterruptMaskFromISR
 *fill*         0x0000000008009198        0x8 
 .text.PendSV_Handler
                0x00000000080091a0       0x48 ./Middlewares/Third_Party/FreeRTOS/Source/portable/GCC/ARM_CM0/port.o
                0x00000000080091a0                PendSV_Handler
 .text.SysTick_Handler
                0x00000000080091e8       0x34 ./Middlewares/Third_Party/FreeRTOS/Source/portable/GCC/ARM_CM0/port.o
                0x00000000080091e8                SysTick_Handler
 .text.prvSetupTimerInterrupt
                0x000000000800921c       0x44 ./Middlewares/Third_Party/FreeRTOS/Source/portable/GCC/ARM_CM0/port.o
 .text.pvPortMalloc
                0x0000000008009260      0x14c ./Middlewares/Third_Party/FreeRTOS/Source/portable/MemMang/heap_4.o
                0x0000000008009260                pvPortMalloc
 .text.vPortFree
                0x00000000080093ac       0x90 ./Middlewares/Third_Party/FreeRTOS/Source/portable/MemMang/heap_4.o
                0x00000000080093ac                vPortFree
 .text.prvHeapInit
                0x000000000800943c       0xc0 ./Middlewares/Third_Party/FreeRTOS/Source/portable/MemMang/heap_4.o
 .text.prvInsertBlockIntoFreeList
                0x00000000080094fc       0xb0 ./Middlewares/Third_Party/FreeRTOS/Source/portable/MemMang/heap_4.o
 .text.__errno  0x00000000080095ac        0xc /opt/st/stm32cubeide_1.9.0/plugins/com.st.stm32cube.ide.mcu.externaltools.gnu-tools-for-stm32.10.3-2021.10.linux64_1.0.0.202111181127/tools/bin/../lib/gcc/arm-none-eabi/10.3.1/../../../../arm-none-eabi/lib/thumb/v6-m/nofp/libc_nano.a(lib_a-errno.o)
                0x00000000080095ac                __errno
 .text.__libc_init_array
                0x00000000080095b8       0x48 /opt/st/stm32cubeide_1.9.0/plugins/com.st.stm32cube.ide.mcu.externaltools.gnu-tools-for-stm32.10.3-2021.10.linux64_1.0.0.202111181127/tools/bin/../lib/gcc/arm-none-eabi/10.3.1/../../../../arm-none-eabi/lib/thumb/v6-m/nofp/libc_nano.a(lib_a-init.o)
                0x00000000080095b8                __libc_init_array
 .text.__retarget_lock_acquire_recursive
                0x0000000008009600        0x2 /opt/st/stm32cubeide_1.9.0/plugins/com.st.stm32cube.ide.mcu.externaltools.gnu-tools-for-stm32.10.3-2021.10.linux64_1.0.0.202111181127/tools/bin/../lib/gcc/arm-none-eabi/10.3.1/../../../../arm-none-eabi/lib/thumb/v6-m/nofp/libc_nano.a(lib_a-lock.o)
                0x0000000008009600                __retarget_lock_acquire_recursive
 .text.__retarget_lock_release_recursive
                0x0000000008009602        0x2 /opt/st/stm32cubeide_1.9.0/plugins/com.st.stm32cube.ide.mcu.externaltools.gnu-tools-for-stm32.10.3-2021.10.linux64_1.0.0.202111181127/tools/bin/../lib/gcc/arm-none-eabi/10.3.1/../../../../arm-none-eabi/lib/thumb/v6-m/nofp/libc_nano.a(lib_a-lock.o)
                0x0000000008009602                __retarget_lock_release_recursive
 .text.memcpy   0x0000000008009604       0x12 /opt/st/stm32cubeide_1.9.0/plugins/com.st.stm32cube.ide.mcu.externaltools.gnu-tools-for-stm32.10.3-2021.10.linux64_1.0.0.202111181127/tools/bin/../lib/gcc/arm-none-eabi/10.3.1/../../../../arm-none-eabi/lib/thumb/v6-m/nofp/libc_nano.a(lib_a-memcpy-stub.o)
                0x0000000008009604                memcpy
 .text.memmove  0x0000000008009616       0x26 /opt/st/stm32cubeide_1.9.0/plugins/com.st.stm32cube.ide.mcu.externaltools.gnu-tools-for-stm32.10.3-2021.10.linux64_1.0.0.202111181127/tools/bin/../lib/gcc/arm-none-eabi/10.3.1/../../../../arm-none-eabi/lib/thumb/v6-m/nofp/libc_nano.a(lib_a-memmove.o)
                0x0000000008009616                memmove
 .text.memset   0x000000000800963c       0x10 /opt/st/stm32cubeide_1.9.0/plugins/com.st.stm32cube.ide.mcu.externaltools.gnu-tools-for-stm32.10.3-2021.10.linux64_1.0.0.202111181127/tools/bin/../lib/gcc/arm-none-eabi/10.3.1/../../../../arm-none-eabi/lib/thumb/v6-m/nofp/libc_nano.a(lib_a-memset.o)
                0x000000000800963c                memset
 .text.sbrk_aligned
                0x000000000800964c       0x44 /opt/st/stm32cubeide_1.9.0/plugins/com.st.stm32cube.ide.mcu.externaltools.gnu-tools-for-stm32.10.3-2021.10.linux64_1.0.0.202111181127/tools/bin/../lib/gcc/arm-none-eabi/10.3.1/../../../../arm-none-eabi/lib/thumb/v6-m/nofp/libc_nano.a(lib_a-nano-mallocr.o)
 .text._malloc_r
                0x0000000008009690       0xec /opt/st/stm32cubeide_1.9.0/plugins/com.st.stm32cube.ide.mcu.externaltools.gnu-tools-for-stm32.10.3-2021.10.linux64_1.0.0.202111181127/tools/bin/../lib/gcc/arm-none-eabi/10.3.1/../../../../arm-none-eabi/lib/thumb/v6-m/nofp/libc_nano.a(lib_a-nano-mallocr.o)
                0x0000000008009690                _malloc_r
 .text.cleanup_glue
                0x000000000800977c       0x1a /opt/st/stm32cubeide_1.9.0/plugins/com.st.stm32cube.ide.mcu.externaltools.gnu-tools-for-stm32.10.3-2021.10.linux64_1.0.0.202111181127/tools/bin/../lib/gcc/arm-none-eabi/10.3.1/../../../../arm-none-eabi/lib/thumb/v6-m/nofp/libc_nano.a(lib_a-reent.o)
                0x000000000800977c                cleanup_glue
 *fill*         0x0000000008009796        0x2 
 .text._reclaim_reent
                0x0000000008009798       0xcc /opt/st/stm32cubeide_1.9.0/plugins/com.st.stm32cube.ide.mcu.externaltools.gnu-tools-for-stm32.10.3-2021.10.linux64_1.0.0.202111181127/tools/bin/../lib/gcc/arm-none-eabi/10.3.1/../../../../arm-none-eabi/lib/thumb/v6-m/nofp/libc_nano.a(lib_a-reent.o)
                0x0000000008009798                _reclaim_reent
 .text._sbrk_r  0x0000000008009864       0x24 /opt/st/stm32cubeide_1.9.0/plugins/com.st.stm32cube.ide.mcu.externaltools.gnu-tools-for-stm32.10.3-2021.10.linux64_1.0.0.202111181127/tools/bin/../lib/gcc/arm-none-eabi/10.3.1/../../../../arm-none-eabi/lib/thumb/v6-m/nofp/libc_nano.a(lib_a-sbrkr.o)
                0x0000000008009864                _sbrk_r
 .text.sprintf  0x0000000008009888       0x40 /opt/st/stm32cubeide_1.9.0/plugins/com.st.stm32cube.ide.mcu.externaltools.gnu-tools-for-stm32.10.3-2021.10.linux64_1.0.0.202111181127/tools/bin/../lib/gcc/arm-none-eabi/10.3.1/../../../../arm-none-eabi/lib/thumb/v6-m/nofp/libc_nano.a(lib_a-sprintf.o)
                0x0000000008009888                sprintf
                0x0000000008009888                siprintf
 .text.__malloc_lock
                0x00000000080098c8       0x10 /opt/st/stm32cubeide_1.9.0/plugins/com.st.stm32cube.ide.mcu.externaltools.gnu-tools-for-stm32.10.3-2021.10.linux64_1.0.0.202111181127/tools/bin/../lib/gcc/arm-none-eabi/10.3.1/../../../../arm-none-eabi/lib/thumb/v6-m/nofp/libc_nano.a(lib_a-mlock.o)
                0x00000000080098c8                __malloc_lock
 .text.__malloc_unlock
                0x00000000080098d8       0x10 /opt/st/stm32cubeide_1.9.0/plugins/com.st.stm32cube.ide.mcu.externaltools.gnu-tools-for-stm32.10.3-2021.10.linux64_1.0.0.202111181127/tools/bin/../lib/gcc/arm-none-eabi/10.3.1/../../../../arm-none-eabi/lib/thumb/v6-m/nofp/libc_nano.a(lib_a-mlock.o)
                0x00000000080098d8                __malloc_unlock
 .text._free_r  0x00000000080098e8       0x94 /opt/st/stm32cubeide_1.9.0/plugins/com.st.stm32cube.ide.mcu.externaltools.gnu-tools-for-stm32.10.3-2021.10.linux64_1.0.0.202111181127/tools/bin/../lib/gcc/arm-none-eabi/10.3.1/../../../../arm-none-eabi/lib/thumb/v6-m/nofp/libc_nano.a(lib_a-nano-freer.o)
                0x00000000080098e8                _free_r
 .text.__ssputs_r
                0x000000000800997c       0xc4 /opt/st/stm32cubeide_1.9.0/plugins/com.st.stm32cube.ide.mcu.externaltools.gnu-tools-for-stm32.10.3-2021.10.linux64_1.0.0.202111181127/tools/bin/../lib/gcc/arm-none-eabi/10.3.1/../../../../arm-none-eabi/lib/thumb/v6-m/nofp/libc_nano.a(lib_a-nano-svfprintf.o)
                0x000000000800997c                __ssputs_r
 .text._svfprintf_r
                0x0000000008009a40      0x200 /opt/st/stm32cubeide_1.9.0/plugins/com.st.stm32cube.ide.mcu.externaltools.gnu-tools-for-stm32.10.3-2021.10.linux64_1.0.0.202111181127/tools/bin/../lib/gcc/arm-none-eabi/10.3.1/../../../../arm-none-eabi/lib/thumb/v6-m/nofp/libc_nano.a(lib_a-nano-svfprintf.o)
                0x0000000008009a40                _svfprintf_r
                0x0000000008009a40                _svfiprintf_r
 .text._printf_common
                0x0000000008009c40       0xde /opt/st/stm32cubeide_1.9.0/plugins/com.st.stm32cube.ide.mcu.externaltools.gnu-tools-for-stm32.10.3-2021.10.linux64_1.0.0.202111181127/tools/bin/../lib/gcc/arm-none-eabi/10.3.1/../../../../arm-none-eabi/lib/thumb/v6-m/nofp/libc_nano.a(lib_a-nano-vfprintf_i.o)
                0x0000000008009c40                _printf_common
 *fill*         0x0000000008009d1e        0x2 
 .text._printf_i
                0x0000000008009d20      0x224 /opt/st/stm32cubeide_1.9.0/plugins/com.st.stm32cube.ide.mcu.externaltools.gnu-tools-for-stm32.10.3-2021.10.linux64_1.0.0.202111181127/tools/bin/../lib/gcc/arm-none-eabi/10.3.1/../../../../arm-none-eabi/lib/thumb/v6-m/nofp/libc_nano.a(lib_a-nano-vfprintf_i.o)
                0x0000000008009d20                _printf_i
 .text.memchr   0x0000000008009f44       0x16 /opt/st/stm32cubeide_1.9.0/plugins/com.st.stm32cube.ide.mcu.externaltools.gnu-tools-for-stm32.10.3-2021.10.linux64_1.0.0.202111181127/tools/bin/../lib/gcc/arm-none-eabi/10.3.1/../../../../arm-none-eabi/lib/thumb/v6-m/nofp/libc_nano.a(lib_a-memchr-stub.o)
                0x0000000008009f44                memchr
 .text._realloc_r
                0x0000000008009f5a       0x5e /opt/st/stm32cubeide_1.9.0/plugins/com.st.stm32cube.ide.mcu.externaltools.gnu-tools-for-stm32.10.3-2021.10.linux64_1.0.0.202111181127/tools/bin/../lib/gcc/arm-none-eabi/10.3.1/../../../../arm-none-eabi/lib/thumb/v6-m/nofp/libc_nano.a(lib_a-nano-reallocr.o)
                0x0000000008009f5a                _realloc_r
 .text._malloc_usable_size_r
                0x0000000008009fb8       0x10 /opt/st/stm32cubeide_1.9.0/plugins/com.st.stm32cube.ide.mcu.externaltools.gnu-tools-for-stm32.10.3-2021.10.linux64_1.0.0.202111181127/tools/bin/../lib/gcc/arm-none-eabi/10.3.1/../../../../arm-none-eabi/lib/thumb/v6-m/nofp/libc_nano.a(lib_a-nano-msizer.o)
                0x0000000008009fb8                _malloc_usable_size_r
 *(.glue_7)
 .glue_7        0x0000000008009fc8        0x0 linker stubs
 *(.glue_7t)
 .glue_7t       0x0000000008009fc8        0x0 linker stubs
 *(.eh_frame)
 .eh_frame      0x0000000008009fc8        0x0 /opt/st/stm32cubeide_1.9.0/plugins/com.st.stm32cube.ide.mcu.externaltools.gnu-tools-for-stm32.10.3-2021.10.linux64_1.0.0.202111181127/tools/bin/../lib/gcc/arm-none-eabi/10.3.1/thumb/v6-m/nofp/crtbegin.o
 *(.init)
 .init          0x0000000008009fc8        0x4 /opt/st/stm32cubeide_1.9.0/plugins/com.st.stm32cube.ide.mcu.externaltools.gnu-tools-for-stm32.10.3-2021.10.linux64_1.0.0.202111181127/tools/bin/../lib/gcc/arm-none-eabi/10.3.1/thumb/v6-m/nofp/crti.o
                0x0000000008009fc8                _init
 .init          0x0000000008009fcc        0x8 /opt/st/stm32cubeide_1.9.0/plugins/com.st.stm32cube.ide.mcu.externaltools.gnu-tools-for-stm32.10.3-2021.10.linux64_1.0.0.202111181127/tools/bin/../lib/gcc/arm-none-eabi/10.3.1/thumb/v6-m/nofp/crtn.o
 *(.fini)
 .fini          0x0000000008009fd4        0x4 /opt/st/stm32cubeide_1.9.0/plugins/com.st.stm32cube.ide.mcu.externaltools.gnu-tools-for-stm32.10.3-2021.10.linux64_1.0.0.202111181127/tools/bin/../lib/gcc/arm-none-eabi/10.3.1/thumb/v6-m/nofp/crti.o
                0x0000000008009fd4                _fini
 .fini          0x0000000008009fd8        0x8 /opt/st/stm32cubeide_1.9.0/plugins/com.st.stm32cube.ide.mcu.externaltools.gnu-tools-for-stm32.10.3-2021.10.linux64_1.0.0.202111181127/tools/bin/../lib/gcc/arm-none-eabi/10.3.1/thumb/v6-m/nofp/crtn.o
                0x0000000008009fe0                . = ALIGN (0x4)
                0x0000000008009fe0                _etext = .

.vfp11_veneer   0x0000000008009fe0        0x0
 .vfp11_veneer  0x0000000008009fe0        0x0 linker stubs

.v4_bx          0x0000000008009fe0        0x0
 .v4_bx         0x0000000008009fe0        0x0 linker stubs

.iplt           0x0000000008009fe0        0x0
 .iplt          0x0000000008009fe0        0x0 /opt/st/stm32cubeide_1.9.0/plugins/com.st.stm32cube.ide.mcu.externaltools.gnu-tools-for-stm32.10.3-2021.10.linux64_1.0.0.202111181127/tools/bin/../lib/gcc/arm-none-eabi/10.3.1/thumb/v6-m/nofp/crtbegin.o

.rodata         0x0000000008009fe0      0x424
                0x0000000008009fe0                . = ALIGN (0x4)
 *(.rodata)
 .rodata        0x0000000008009fe0      0x199 ./Core/Src/main.o
 *fill*         0x000000000800a179        0x3 
 .rodata        0x000000000800a17c       0x20 ./Drivers/STM32F0xx_HAL_Driver/Src/stm32f0xx_hal_rcc.o
 .rodata        0x000000000800a19c        0x5 ./Middlewares/Third_Party/FreeRTOS/Source/tasks.o
 *fill*         0x000000000800a1a1        0x3 
 .rodata        0x000000000800a1a4        0xd ./Middlewares/Third_Party/FreeRTOS/Source/timers.o
 *(.rodata*)
 *fill*         0x000000000800a1b1        0x3 
 .rodata.defaultTask_attributes
                0x000000000800a1b4       0x24 ./Core/Src/main.o
                0x000000000800a1b4                defaultTask_attributes
 .rodata.uart_rx_attributes
                0x000000000800a1d8       0x24 ./Core/Src/main.o
                0x000000000800a1d8                uart_rx_attributes
 .rodata.adc_attributes
                0x000000000800a1fc       0x24 ./Core/Src/main.o
                0x000000000800a1fc                adc_attributes
 .rodata.stepper_attributes
                0x000000000800a220       0x24 ./Core/Src/main.o
                0x000000000800a220                stepper_attributes
 .rodata.servo_attributes
                0x000000000800a244       0x24 ./Core/Src/main.o
                0x000000000800a244                servo_attributes
 .rodata.enviar_estado_attributes
                0x000000000800a268       0x24 ./Core/Src/main.o
                0x000000000800a268                enviar_estado_attributes
 .rodata.enviar_tmp_attributes
                0x000000000800a28c       0x24 ./Core/Src/main.o
                0x000000000800a28c                enviar_tmp_attributes
 .rodata.oled_attributes
                0x000000000800a2b0       0x24 ./Core/Src/main.o
                0x000000000800a2b0                oled_attributes
 .rodata.CAN_remote_attributes
                0x000000000800a2d4       0x24 ./Core/Src/main.o
                0x000000000800a2d4                CAN_remote_attributes
 .rodata.uart_rx_queue_attributes
                0x000000000800a2f8       0x18 ./Core/Src/main.o
                0x000000000800a2f8                uart_rx_queue_attributes
 .rodata.uart_tx_sem_attributes
                0x000000000800a310       0x10 ./Core/Src/main.o
                0x000000000800a310                uart_tx_sem_attributes
 .rodata.CAN_sem_attributes
                0x000000000800a320       0x10 ./Core/Src/main.o
                0x000000000800a320                CAN_sem_attributes
 .rodata.AHBPrescTable
                0x000000000800a330       0x10 ./Core/Src/system_stm32f0xx.o
                0x000000000800a330                AHBPrescTable
 .rodata.APBPrescTable
                0x000000000800a340        0x8 ./Core/Src/system_stm32f0xx.o
                0x000000000800a340                APBPrescTable
 .rodata.prvProcessReceivedCommands
                0x000000000800a348       0x28 ./Middlewares/Third_Party/FreeRTOS/Source/timers.o
 .rodata.__sf_fake_stderr
                0x000000000800a370       0x20 /opt/st/stm32cubeide_1.9.0/plugins/com.st.stm32cube.ide.mcu.externaltools.gnu-tools-for-stm32.10.3-2021.10.linux64_1.0.0.202111181127/tools/bin/../lib/gcc/arm-none-eabi/10.3.1/../../../../arm-none-eabi/lib/thumb/v6-m/nofp/libc_nano.a(lib_a-findfp.o)
                0x000000000800a370                __sf_fake_stderr
 .rodata.__sf_fake_stdin
                0x000000000800a390       0x20 /opt/st/stm32cubeide_1.9.0/plugins/com.st.stm32cube.ide.mcu.externaltools.gnu-tools-for-stm32.10.3-2021.10.linux64_1.0.0.202111181127/tools/bin/../lib/gcc/arm-none-eabi/10.3.1/../../../../arm-none-eabi/lib/thumb/v6-m/nofp/libc_nano.a(lib_a-findfp.o)
                0x000000000800a390                __sf_fake_stdin
 .rodata.__sf_fake_stdout
                0x000000000800a3b0       0x20 /opt/st/stm32cubeide_1.9.0/plugins/com.st.stm32cube.ide.mcu.externaltools.gnu-tools-for-stm32.10.3-2021.10.linux64_1.0.0.202111181127/tools/bin/../lib/gcc/arm-none-eabi/10.3.1/../../../../arm-none-eabi/lib/thumb/v6-m/nofp/libc_nano.a(lib_a-findfp.o)
                0x000000000800a3b0                __sf_fake_stdout
 .rodata._svfprintf_r.str1.1
                0x000000000800a3d0       0x11 /opt/st/stm32cubeide_1.9.0/plugins/com.st.stm32cube.ide.mcu.externaltools.gnu-tools-for-stm32.10.3-2021.10.linux64_1.0.0.202111181127/tools/bin/../lib/gcc/arm-none-eabi/10.3.1/../../../../arm-none-eabi/lib/thumb/v6-m/nofp/libc_nano.a(lib_a-nano-svfprintf.o)
 .rodata._printf_i.str1.1
                0x000000000800a3e1       0x22 /opt/st/stm32cubeide_1.9.0/plugins/com.st.stm32cube.ide.mcu.externaltools.gnu-tools-for-stm32.10.3-2021.10.linux64_1.0.0.202111181127/tools/bin/../lib/gcc/arm-none-eabi/10.3.1/../../../../arm-none-eabi/lib/thumb/v6-m/nofp/libc_nano.a(lib_a-nano-vfprintf_i.o)
                0x000000000800a404                . = ALIGN (0x4)
 *fill*         0x000000000800a403        0x1 

.rel.dyn        0x000000000800a404        0x0
 .rel.iplt      0x000000000800a404        0x0 /opt/st/stm32cubeide_1.9.0/plugins/com.st.stm32cube.ide.mcu.externaltools.gnu-tools-for-stm32.10.3-2021.10.linux64_1.0.0.202111181127/tools/bin/../lib/gcc/arm-none-eabi/10.3.1/thumb/v6-m/nofp/crtbegin.o

.ARM.extab      0x000000000800a404        0x0
                0x000000000800a404                . = ALIGN (0x4)
 *(.ARM.extab* .gnu.linkonce.armextab.*)
                0x000000000800a404                . = ALIGN (0x4)

.ARM            0x000000000800a404        0x0
                0x000000000800a404                . = ALIGN (0x4)
                0x000000000800a404                __exidx_start = .
 *(.ARM.exidx*)
                0x000000000800a404                __exidx_end = .
                0x000000000800a404                . = ALIGN (0x4)

.preinit_array  0x000000000800a404        0x0
                0x000000000800a404                . = ALIGN (0x4)
                0x000000000800a404                PROVIDE (__preinit_array_start = .)
 *(.preinit_array*)
                0x000000000800a404                PROVIDE (__preinit_array_end = .)
                0x000000000800a404                . = ALIGN (0x4)

.init_array     0x000000000800a404        0x4
                0x000000000800a404                . = ALIGN (0x4)
                0x000000000800a404                PROVIDE (__init_array_start = .)
 *(SORT_BY_NAME(.init_array.*))
 *(.init_array*)
 .init_array    0x000000000800a404        0x4 /opt/st/stm32cubeide_1.9.0/plugins/com.st.stm32cube.ide.mcu.externaltools.gnu-tools-for-stm32.10.3-2021.10.linux64_1.0.0.202111181127/tools/bin/../lib/gcc/arm-none-eabi/10.3.1/thumb/v6-m/nofp/crtbegin.o
                0x000000000800a408                PROVIDE (__init_array_end = .)
                0x000000000800a408                . = ALIGN (0x4)

.fini_array     0x000000000800a408        0x4
                0x000000000800a408                . = ALIGN (0x4)
                [!provide]                        PROVIDE (__fini_array_start = .)
 *(SORT_BY_NAME(.fini_array.*))
 *(.fini_array*)
 .fini_array    0x000000000800a408        0x4 /opt/st/stm32cubeide_1.9.0/plugins/com.st.stm32cube.ide.mcu.externaltools.gnu-tools-for-stm32.10.3-2021.10.linux64_1.0.0.202111181127/tools/bin/../lib/gcc/arm-none-eabi/10.3.1/thumb/v6-m/nofp/crtbegin.o
                [!provide]                        PROVIDE (__fini_array_end = .)
                0x000000000800a40c                . = ALIGN (0x4)
                0x000000000800a40c                _sidata = LOADADDR (.data)

.data           0x0000000020000000       0x74 load address 0x000000000800a40c
                0x0000000020000000                . = ALIGN (0x4)
                0x0000000020000000                _sdata = .
 *(.data)
 *(.data*)
 .data.SystemCoreClock
                0x0000000020000000        0x4 ./Core/Src/system_stm32f0xx.o
                0x0000000020000000                SystemCoreClock
 .data.uwTickPrio
                0x0000000020000004        0x4 ./Drivers/STM32F0xx_HAL_Driver/Src/stm32f0xx_hal.o
                0x0000000020000004                uwTickPrio
 .data.uwTickFreq
                0x0000000020000008        0x1 ./Drivers/STM32F0xx_HAL_Driver/Src/stm32f0xx_hal.o
                0x0000000020000008                uwTickFreq
 *fill*         0x0000000020000009        0x3 
 .data.uxCriticalNesting
                0x000000002000000c        0x4 ./Middlewares/Third_Party/FreeRTOS/Source/portable/GCC/ARM_CM0/port.o
 .data._impure_ptr
                0x0000000020000010        0x4 /opt/st/stm32cubeide_1.9.0/plugins/com.st.stm32cube.ide.mcu.externaltools.gnu-tools-for-stm32.10.3-2021.10.linux64_1.0.0.202111181127/tools/bin/../lib/gcc/arm-none-eabi/10.3.1/../../../../arm-none-eabi/lib/thumb/v6-m/nofp/libc_nano.a(lib_a-impure.o)
                0x0000000020000010                _impure_ptr
 .data.impure_data
                0x0000000020000014       0x60 /opt/st/stm32cubeide_1.9.0/plugins/com.st.stm32cube.ide.mcu.externaltools.gnu-tools-for-stm32.10.3-2021.10.linux64_1.0.0.202111181127/tools/bin/../lib/gcc/arm-none-eabi/10.3.1/../../../../arm-none-eabi/lib/thumb/v6-m/nofp/libc_nano.a(lib_a-impure.o)
 *(.RamFunc)
 *(.RamFunc*)
                0x0000000020000074                . = ALIGN (0x4)
                0x0000000020000074                _edata = .

.igot.plt       0x0000000020000074        0x0 load address 0x000000000800a480
 .igot.plt      0x0000000020000074        0x0 /opt/st/stm32cubeide_1.9.0/plugins/com.st.stm32cube.ide.mcu.externaltools.gnu-tools-for-stm32.10.3-2021.10.linux64_1.0.0.202111181127/tools/bin/../lib/gcc/arm-none-eabi/10.3.1/thumb/v6-m/nofp/crtbegin.o
                0x0000000020000074                . = ALIGN (0x4)

.bss            0x0000000020000074     0x303c load address 0x000000000800a480
                0x0000000020000074                _sbss = .
                0x0000000020000074                __bss_start__ = _sbss
 *(.bss)
 .bss           0x0000000020000074       0x1c /opt/st/stm32cubeide_1.9.0/plugins/com.st.stm32cube.ide.mcu.externaltools.gnu-tools-for-stm32.10.3-2021.10.linux64_1.0.0.202111181127/tools/bin/../lib/gcc/arm-none-eabi/10.3.1/thumb/v6-m/nofp/crtbegin.o
 *(.bss*)
 .bss.ctrlStatus
                0x0000000020000090        0x4 ./Core/Src/CANSPI.o
                0x0000000020000090                ctrlStatus
 .bss.idReg     0x0000000020000094        0x4 ./Core/Src/CANSPI.o
                0x0000000020000094                idReg
 .bss.hadc      0x0000000020000098       0x40 ./Core/Src/main.o
                0x0000000020000098                hadc
 .bss.hi2c1     0x00000000200000d8       0x4c ./Core/Src/main.o
                0x00000000200000d8                hi2c1
 .bss.hspi1     0x0000000020000124       0x64 ./Core/Src/main.o
                0x0000000020000124                hspi1
 .bss.hspi2     0x0000000020000188       0x64 ./Core/Src/main.o
                0x0000000020000188                hspi2
 .bss.htim3     0x00000000200001ec       0x48 ./Core/Src/main.o
                0x00000000200001ec                htim3
 .bss.huart2    0x0000000020000234       0x84 ./Core/Src/main.o
                0x0000000020000234                huart2
 .bss.defaultTaskHandle
                0x00000000200002b8        0x4 ./Core/Src/main.o
                0x00000000200002b8                defaultTaskHandle
 .bss.uart_rxHandle
                0x00000000200002bc        0x4 ./Core/Src/main.o
                0x00000000200002bc                uart_rxHandle
 .bss.adcHandle
                0x00000000200002c0        0x4 ./Core/Src/main.o
                0x00000000200002c0                adcHandle
 .bss.stepperHandle
                0x00000000200002c4        0x4 ./Core/Src/main.o
                0x00000000200002c4                stepperHandle
 .bss.servoHandle
                0x00000000200002c8        0x4 ./Core/Src/main.o
                0x00000000200002c8                servoHandle
 .bss.enviar_estadoHandle
                0x00000000200002cc        0x4 ./Core/Src/main.o
                0x00000000200002cc                enviar_estadoHandle
 .bss.enviar_tmpHandle
                0x00000000200002d0        0x4 ./Core/Src/main.o
                0x00000000200002d0                enviar_tmpHandle
 .bss.oledHandle
                0x00000000200002d4        0x4 ./Core/Src/main.o
                0x00000000200002d4                oledHandle
 .bss.CAN_remoteHandle
                0x00000000200002d8        0x4 ./Core/Src/main.o
                0x00000000200002d8                CAN_remoteHandle
 .bss.uart_rx_queueHandle
                0x00000000200002dc        0x4 ./Core/Src/main.o
                0x00000000200002dc                uart_rx_queueHandle
 .bss.uart_tx_semHandle
                0x00000000200002e0        0x4 ./Core/Src/main.o
                0x00000000200002e0                uart_tx_semHandle
 .bss.CAN_semHandle
                0x00000000200002e4        0x4 ./Core/Src/main.o
                0x00000000200002e4                CAN_semHandle
 .bss.txMessage
                0x00000000200002e8       0x14 ./Core/Src/main.o
                0x00000000200002e8                txMessage
 .bss.rxMessage
                0x00000000200002fc       0x14 ./Core/Src/main.o
                0x00000000200002fc                rxMessage
 .bss.htim1     0x0000000020000310       0x48 ./Core/Src/stm32f0xx_hal_timebase_tim.o
                0x0000000020000310                htim1
 .bss.__sbrk_heap_end
                0x0000000020000358        0x4 ./Core/Src/sysmem.o
 .bss.uwTick    0x000000002000035c        0x4 ./Drivers/STM32F0xx_HAL_Driver/Src/stm32f0xx_hal.o
                0x000000002000035c                uwTick
 .bss.KernelState
                0x0000000020000360        0x4 ./Middlewares/Third_Party/FreeRTOS/Source/CMSIS_RTOS_V2/cmsis_os2.o
 .bss.Idle_TCB  0x0000000020000364       0xbc ./Middlewares/Third_Party/FreeRTOS/Source/CMSIS_RTOS_V2/cmsis_os2.o
 .bss.Idle_Stack
                0x0000000020000420      0x200 ./Middlewares/Third_Party/FreeRTOS/Source/CMSIS_RTOS_V2/cmsis_os2.o
 .bss.Timer_TCB
                0x0000000020000620       0xbc ./Middlewares/Third_Party/FreeRTOS/Source/CMSIS_RTOS_V2/cmsis_os2.o
 .bss.Timer_Stack
                0x00000000200006dc      0x400 ./Middlewares/Third_Party/FreeRTOS/Source/CMSIS_RTOS_V2/cmsis_os2.o
 .bss.xQueueRegistry
                0x0000000020000adc       0x40 ./Middlewares/Third_Party/FreeRTOS/Source/queue.o
                0x0000000020000adc                xQueueRegistry
 .bss.pxCurrentTCB
                0x0000000020000b1c        0x4 ./Middlewares/Third_Party/FreeRTOS/Source/tasks.o
                0x0000000020000b1c                pxCurrentTCB
 .bss.pxReadyTasksLists
                0x0000000020000b20      0x460 ./Middlewares/Third_Party/FreeRTOS/Source/tasks.o
 .bss.xDelayedTaskList1
                0x0000000020000f80       0x14 ./Middlewares/Third_Party/FreeRTOS/Source/tasks.o
 .bss.xDelayedTaskList2
                0x0000000020000f94       0x14 ./Middlewares/Third_Party/FreeRTOS/Source/tasks.o
 .bss.pxDelayedTaskList
                0x0000000020000fa8        0x4 ./Middlewares/Third_Party/FreeRTOS/Source/tasks.o
 .bss.pxOverflowDelayedTaskList
                0x0000000020000fac        0x4 ./Middlewares/Third_Party/FreeRTOS/Source/tasks.o
 .bss.xPendingReadyList
                0x0000000020000fb0       0x14 ./Middlewares/Third_Party/FreeRTOS/Source/tasks.o
 .bss.xTasksWaitingTermination
                0x0000000020000fc4       0x14 ./Middlewares/Third_Party/FreeRTOS/Source/tasks.o
 .bss.uxDeletedTasksWaitingCleanUp
                0x0000000020000fd8        0x4 ./Middlewares/Third_Party/FreeRTOS/Source/tasks.o
 .bss.xSuspendedTaskList
                0x0000000020000fdc       0x14 ./Middlewares/Third_Party/FreeRTOS/Source/tasks.o
 .bss.uxCurrentNumberOfTasks
                0x0000000020000ff0        0x4 ./Middlewares/Third_Party/FreeRTOS/Source/tasks.o
 .bss.xTickCount
                0x0000000020000ff4        0x4 ./Middlewares/Third_Party/FreeRTOS/Source/tasks.o
 .bss.uxTopReadyPriority
                0x0000000020000ff8        0x4 ./Middlewares/Third_Party/FreeRTOS/Source/tasks.o
 .bss.xSchedulerRunning
                0x0000000020000ffc        0x4 ./Middlewares/Third_Party/FreeRTOS/Source/tasks.o
 .bss.uxPendedTicks
                0x0000000020001000        0x4 ./Middlewares/Third_Party/FreeRTOS/Source/tasks.o
 .bss.xYieldPending
                0x0000000020001004        0x4 ./Middlewares/Third_Party/FreeRTOS/Source/tasks.o
 .bss.xNumOfOverflows
                0x0000000020001008        0x4 ./Middlewares/Third_Party/FreeRTOS/Source/tasks.o
 .bss.uxTaskNumber
                0x000000002000100c        0x4 ./Middlewares/Third_Party/FreeRTOS/Source/tasks.o
 .bss.xNextTaskUnblockTime
                0x0000000020001010        0x4 ./Middlewares/Third_Party/FreeRTOS/Source/tasks.o
 .bss.xIdleTaskHandle
                0x0000000020001014        0x4 ./Middlewares/Third_Party/FreeRTOS/Source/tasks.o
 .bss.uxSchedulerSuspended
                0x0000000020001018        0x4 ./Middlewares/Third_Party/FreeRTOS/Source/tasks.o
 .bss.xActiveTimerList1
                0x000000002000101c       0x14 ./Middlewares/Third_Party/FreeRTOS/Source/timers.o
 .bss.xActiveTimerList2
                0x0000000020001030       0x14 ./Middlewares/Third_Party/FreeRTOS/Source/timers.o
 .bss.pxCurrentTimerList
                0x0000000020001044        0x4 ./Middlewares/Third_Party/FreeRTOS/Source/timers.o
 .bss.pxOverflowTimerList
                0x0000000020001048        0x4 ./Middlewares/Third_Party/FreeRTOS/Source/timers.o
 .bss.xTimerQueue
                0x000000002000104c        0x4 ./Middlewares/Third_Party/FreeRTOS/Source/timers.o
 .bss.xTimerTaskHandle
                0x0000000020001050        0x4 ./Middlewares/Third_Party/FreeRTOS/Source/timers.o
 .bss.xLastTime.2
                0x0000000020001054        0x4 ./Middlewares/Third_Party/FreeRTOS/Source/timers.o
 .bss.ucStaticTimerQueueStorage.1
                0x0000000020001058       0xa0 ./Middlewares/Third_Party/FreeRTOS/Source/timers.o
 .bss.xStaticTimerQueue.0
                0x00000000200010f8       0x50 ./Middlewares/Third_Party/FreeRTOS/Source/timers.o
 .bss.ucHeap    0x0000000020001148     0x1f40 ./Middlewares/Third_Party/FreeRTOS/Source/portable/MemMang/heap_4.o
 .bss.xStart    0x0000000020003088        0x8 ./Middlewares/Third_Party/FreeRTOS/Source/portable/MemMang/heap_4.o
 .bss.pxEnd     0x0000000020003090        0x4 ./Middlewares/Third_Party/FreeRTOS/Source/portable/MemMang/heap_4.o
 .bss.xFreeBytesRemaining
                0x0000000020003094        0x4 ./Middlewares/Third_Party/FreeRTOS/Source/portable/MemMang/heap_4.o
 .bss.xMinimumEverFreeBytesRemaining
                0x0000000020003098        0x4 ./Middlewares/Third_Party/FreeRTOS/Source/portable/MemMang/heap_4.o
 .bss.xBlockAllocatedBit
                0x000000002000309c        0x4 ./Middlewares/Third_Party/FreeRTOS/Source/portable/MemMang/heap_4.o
 .bss.__lock___malloc_recursive_mutex
                0x00000000200030a0        0x1 /opt/st/stm32cubeide_1.9.0/plugins/com.st.stm32cube.ide.mcu.externaltools.gnu-tools-for-stm32.10.3-2021.10.linux64_1.0.0.202111181127/tools/bin/../lib/gcc/arm-none-eabi/10.3.1/../../../../arm-none-eabi/lib/thumb/v6-m/nofp/libc_nano.a(lib_a-lock.o)
                0x00000000200030a0                __lock___malloc_recursive_mutex
 *fill*         0x00000000200030a1        0x3 
 .bss.__malloc_free_list
                0x00000000200030a4        0x4 /opt/st/stm32cubeide_1.9.0/plugins/com.st.stm32cube.ide.mcu.externaltools.gnu-tools-for-stm32.10.3-2021.10.linux64_1.0.0.202111181127/tools/bin/../lib/gcc/arm-none-eabi/10.3.1/../../../../arm-none-eabi/lib/thumb/v6-m/nofp/libc_nano.a(lib_a-nano-mallocr.o)
                0x00000000200030a4                __malloc_free_list
 .bss.__malloc_sbrk_start
                0x00000000200030a8        0x4 /opt/st/stm32cubeide_1.9.0/plugins/com.st.stm32cube.ide.mcu.externaltools.gnu-tools-for-stm32.10.3-2021.10.linux64_1.0.0.202111181127/tools/bin/../lib/gcc/arm-none-eabi/10.3.1/../../../../arm-none-eabi/lib/thumb/v6-m/nofp/libc_nano.a(lib_a-nano-mallocr.o)
                0x00000000200030a8                __malloc_sbrk_start
 .bss.errno     0x00000000200030ac        0x4 /opt/st/stm32cubeide_1.9.0/plugins/com.st.stm32cube.ide.mcu.externaltools.gnu-tools-for-stm32.10.3-2021.10.linux64_1.0.0.202111181127/tools/bin/../lib/gcc/arm-none-eabi/10.3.1/../../../../arm-none-eabi/lib/thumb/v6-m/nofp/libc_nano.a(lib_a-reent.o)
                0x00000000200030ac                errno
 *(COMMON)
                0x00000000200030b0                . = ALIGN (0x4)
                0x00000000200030b0                _ebss = .
                0x00000000200030b0                __bss_end__ = _ebss

._user_heap_stack
                0x00000000200030b0      0x600 load address 0x000000000800a480
                0x00000000200030b0                . = ALIGN (0x8)
                [!provide]                        PROVIDE (end = .)
                0x00000000200030b0                PROVIDE (_end = .)
                0x00000000200032b0                . = (. + _Min_Heap_Size)
 *fill*         0x00000000200030b0      0x200 
                0x00000000200036b0                . = (. + _Min_Stack_Size)
 *fill*         0x00000000200032b0      0x400 
                0x00000000200036b0                . = ALIGN (0x8)

/DISCARD/
 libc.a(*)
 libm.a(*)
 libgcc.a(*)

.ARM.attributes
                0x0000000000000000       0x28
 *(.ARM.attributes)
 .ARM.attributes
                0x0000000000000000       0x1e /opt/st/stm32cubeide_1.9.0/plugins/com.st.stm32cube.ide.mcu.externaltools.gnu-tools-for-stm32.10.3-2021.10.linux64_1.0.0.202111181127/tools/bin/../lib/gcc/arm-none-eabi/10.3.1/thumb/v6-m/nofp/crti.o
 .ARM.attributes
                0x000000000000001e       0x2c /opt/st/stm32cubeide_1.9.0/plugins/com.st.stm32cube.ide.mcu.externaltools.gnu-tools-for-stm32.10.3-2021.10.linux64_1.0.0.202111181127/tools/bin/../lib/gcc/arm-none-eabi/10.3.1/thumb/v6-m/nofp/crtbegin.o
 .ARM.attributes
                0x000000000000004a       0x2c ./Core/Src/CANSPI.o
 .ARM.attributes
                0x0000000000000076       0x2c ./Core/Src/MCP2515.o
 .ARM.attributes
                0x00000000000000a2       0x2c ./Core/Src/main.o
 .ARM.attributes
                0x00000000000000ce       0x2c ./Core/Src/stm32f0xx_hal_msp.o
 .ARM.attributes
                0x00000000000000fa       0x2c ./Core/Src/stm32f0xx_hal_timebase_tim.o
 .ARM.attributes
                0x0000000000000126       0x2c ./Core/Src/stm32f0xx_it.o
 .ARM.attributes
                0x0000000000000152       0x2c ./Core/Src/sysmem.o
 .ARM.attributes
                0x000000000000017e       0x2c ./Core/Src/system_stm32f0xx.o
 .ARM.attributes
                0x00000000000001aa       0x21 ./Core/Startup/startup_stm32f070rbtx.o
 .ARM.attributes
                0x00000000000001cb       0x2c ./Drivers/STM32F0xx_HAL_Driver/Src/stm32f0xx_hal.o
 .ARM.attributes
                0x00000000000001f7       0x2c ./Drivers/STM32F0xx_HAL_Driver/Src/stm32f0xx_hal_adc.o
 .ARM.attributes
                0x0000000000000223       0x2c ./Drivers/STM32F0xx_HAL_Driver/Src/stm32f0xx_hal_cortex.o
 .ARM.attributes
                0x000000000000024f       0x2c ./Drivers/STM32F0xx_HAL_Driver/Src/stm32f0xx_hal_dma.o
 .ARM.attributes
                0x000000000000027b       0x2c ./Drivers/STM32F0xx_HAL_Driver/Src/stm32f0xx_hal_gpio.o
 .ARM.attributes
                0x00000000000002a7       0x2c ./Drivers/STM32F0xx_HAL_Driver/Src/stm32f0xx_hal_i2c.o
 .ARM.attributes
                0x00000000000002d3       0x2c ./Drivers/STM32F0xx_HAL_Driver/Src/stm32f0xx_hal_i2c_ex.o
 .ARM.attributes
                0x00000000000002ff       0x2c ./Drivers/STM32F0xx_HAL_Driver/Src/stm32f0xx_hal_rcc.o
 .ARM.attributes
                0x000000000000032b       0x2c ./Drivers/STM32F0xx_HAL_Driver/Src/stm32f0xx_hal_rcc_ex.o
 .ARM.attributes
                0x0000000000000357       0x2c ./Drivers/STM32F0xx_HAL_Driver/Src/stm32f0xx_hal_spi.o
 .ARM.attributes
                0x0000000000000383       0x2c ./Drivers/STM32F0xx_HAL_Driver/Src/stm32f0xx_hal_tim.o
 .ARM.attributes
                0x00000000000003af       0x2c ./Drivers/STM32F0xx_HAL_Driver/Src/stm32f0xx_hal_tim_ex.o
 .ARM.attributes
                0x00000000000003db       0x2c ./Drivers/STM32F0xx_HAL_Driver/Src/stm32f0xx_hal_uart.o
 .ARM.attributes
                0x0000000000000407       0x2c ./Middlewares/Third_Party/FreeRTOS/Source/CMSIS_RTOS_V2/cmsis_os2.o
 .ARM.attributes
                0x0000000000000433       0x2c ./Middlewares/Third_Party/FreeRTOS/Source/list.o
 .ARM.attributes
                0x000000000000045f       0x2c ./Middlewares/Third_Party/FreeRTOS/Source/queue.o
 .ARM.attributes
                0x000000000000048b       0x2c ./Middlewares/Third_Party/FreeRTOS/Source/tasks.o
 .ARM.attributes
                0x00000000000004b7       0x2c ./Middlewares/Third_Party/FreeRTOS/Source/timers.o
 .ARM.attributes
                0x00000000000004e3       0x2c ./Middlewares/Third_Party/FreeRTOS/Source/portable/GCC/ARM_CM0/port.o
 .ARM.attributes
                0x000000000000050f       0x2c ./Middlewares/Third_Party/FreeRTOS/Source/portable/MemMang/heap_4.o
 .ARM.attributes
                0x000000000000053b       0x2c /opt/st/stm32cubeide_1.9.0/plugins/com.st.stm32cube.ide.mcu.externaltools.gnu-tools-for-stm32.10.3-2021.10.linux64_1.0.0.202111181127/tools/bin/../lib/gcc/arm-none-eabi/10.3.1/../../../../arm-none-eabi/lib/thumb/v6-m/nofp/libc_nano.a(lib_a-errno.o)
 .ARM.attributes
                0x0000000000000567       0x2c /opt/st/stm32cubeide_1.9.0/plugins/com.st.stm32cube.ide.mcu.externaltools.gnu-tools-for-stm32.10.3-2021.10.linux64_1.0.0.202111181127/tools/bin/../lib/gcc/arm-none-eabi/10.3.1/../../../../arm-none-eabi/lib/thumb/v6-m/nofp/libc_nano.a(lib_a-findfp.o)
 .ARM.attributes
                0x0000000000000593       0x2c /opt/st/stm32cubeide_1.9.0/plugins/com.st.stm32cube.ide.mcu.externaltools.gnu-tools-for-stm32.10.3-2021.10.linux64_1.0.0.202111181127/tools/bin/../lib/gcc/arm-none-eabi/10.3.1/../../../../arm-none-eabi/lib/thumb/v6-m/nofp/libc_nano.a(lib_a-impure.o)
 .ARM.attributes
                0x00000000000005bf       0x2c /opt/st/stm32cubeide_1.9.0/plugins/com.st.stm32cube.ide.mcu.externaltools.gnu-tools-for-stm32.10.3-2021.10.linux64_1.0.0.202111181127/tools/bin/../lib/gcc/arm-none-eabi/10.3.1/../../../../arm-none-eabi/lib/thumb/v6-m/nofp/libc_nano.a(lib_a-init.o)
 .ARM.attributes
                0x00000000000005eb       0x2c /opt/st/stm32cubeide_1.9.0/plugins/com.st.stm32cube.ide.mcu.externaltools.gnu-tools-for-stm32.10.3-2021.10.linux64_1.0.0.202111181127/tools/bin/../lib/gcc/arm-none-eabi/10.3.1/../../../../arm-none-eabi/lib/thumb/v6-m/nofp/libc_nano.a(lib_a-lock.o)
 .ARM.attributes
                0x0000000000000617       0x2c /opt/st/stm32cubeide_1.9.0/plugins/com.st.stm32cube.ide.mcu.externaltools.gnu-tools-for-stm32.10.3-2021.10.linux64_1.0.0.202111181127/tools/bin/../lib/gcc/arm-none-eabi/10.3.1/../../../../arm-none-eabi/lib/thumb/v6-m/nofp/libc_nano.a(lib_a-memcpy-stub.o)
 .ARM.attributes
                0x0000000000000643       0x2c /opt/st/stm32cubeide_1.9.0/plugins/com.st.stm32cube.ide.mcu.externaltools.gnu-tools-for-stm32.10.3-2021.10.linux64_1.0.0.202111181127/tools/bin/../lib/gcc/arm-none-eabi/10.3.1/../../../../arm-none-eabi/lib/thumb/v6-m/nofp/libc_nano.a(lib_a-memmove.o)
 .ARM.attributes
                0x000000000000066f       0x2c /opt/st/stm32cubeide_1.9.0/plugins/com.st.stm32cube.ide.mcu.externaltools.gnu-tools-for-stm32.10.3-2021.10.linux64_1.0.0.202111181127/tools/bin/../lib/gcc/arm-none-eabi/10.3.1/../../../../arm-none-eabi/lib/thumb/v6-m/nofp/libc_nano.a(lib_a-memset.o)
 .ARM.attributes
                0x000000000000069b       0x2c /opt/st/stm32cubeide_1.9.0/plugins/com.st.stm32cube.ide.mcu.externaltools.gnu-tools-for-stm32.10.3-2021.10.linux64_1.0.0.202111181127/tools/bin/../lib/gcc/arm-none-eabi/10.3.1/../../../../arm-none-eabi/lib/thumb/v6-m/nofp/libc_nano.a(lib_a-nano-mallocr.o)
 .ARM.attributes
                0x00000000000006c7       0x2c /opt/st/stm32cubeide_1.9.0/plugins/com.st.stm32cube.ide.mcu.externaltools.gnu-tools-for-stm32.10.3-2021.10.linux64_1.0.0.202111181127/tools/bin/../lib/gcc/arm-none-eabi/10.3.1/../../../../arm-none-eabi/lib/thumb/v6-m/nofp/libc_nano.a(lib_a-reent.o)
 .ARM.attributes
                0x00000000000006f3       0x2c /opt/st/stm32cubeide_1.9.0/plugins/com.st.stm32cube.ide.mcu.externaltools.gnu-tools-for-stm32.10.3-2021.10.linux64_1.0.0.202111181127/tools/bin/../lib/gcc/arm-none-eabi/10.3.1/../../../../arm-none-eabi/lib/thumb/v6-m/nofp/libc_nano.a(lib_a-sbrkr.o)
 .ARM.attributes
                0x000000000000071f       0x2c /opt/st/stm32cubeide_1.9.0/plugins/com.st.stm32cube.ide.mcu.externaltools.gnu-tools-for-stm32.10.3-2021.10.linux64_1.0.0.202111181127/tools/bin/../lib/gcc/arm-none-eabi/10.3.1/../../../../arm-none-eabi/lib/thumb/v6-m/nofp/libc_nano.a(lib_a-sprintf.o)
 .ARM.attributes
                0x000000000000074b       0x2c /opt/st/stm32cubeide_1.9.0/plugins/com.st.stm32cube.ide.mcu.externaltools.gnu-tools-for-stm32.10.3-2021.10.linux64_1.0.0.202111181127/tools/bin/../lib/gcc/arm-none-eabi/10.3.1/../../../../arm-none-eabi/lib/thumb/v6-m/nofp/libc_nano.a(lib_a-mlock.o)
 .ARM.attributes
                0x0000000000000777       0x2c /opt/st/stm32cubeide_1.9.0/plugins/com.st.stm32cube.ide.mcu.externaltools.gnu-tools-for-stm32.10.3-2021.10.linux64_1.0.0.202111181127/tools/bin/../lib/gcc/arm-none-eabi/10.3.1/../../../../arm-none-eabi/lib/thumb/v6-m/nofp/libc_nano.a(lib_a-nano-freer.o)
 .ARM.attributes
                0x00000000000007a3       0x2c /opt/st/stm32cubeide_1.9.0/plugins/com.st.stm32cube.ide.mcu.externaltools.gnu-tools-for-stm32.10.3-2021.10.linux64_1.0.0.202111181127/tools/bin/../lib/gcc/arm-none-eabi/10.3.1/../../../../arm-none-eabi/lib/thumb/v6-m/nofp/libc_nano.a(lib_a-nano-svfprintf.o)
 .ARM.attributes
                0x00000000000007cf       0x2c /opt/st/stm32cubeide_1.9.0/plugins/com.st.stm32cube.ide.mcu.externaltools.gnu-tools-for-stm32.10.3-2021.10.linux64_1.0.0.202111181127/tools/bin/../lib/gcc/arm-none-eabi/10.3.1/../../../../arm-none-eabi/lib/thumb/v6-m/nofp/libc_nano.a(lib_a-nano-vfprintf_i.o)
 .ARM.attributes
                0x00000000000007fb       0x2c /opt/st/stm32cubeide_1.9.0/plugins/com.st.stm32cube.ide.mcu.externaltools.gnu-tools-for-stm32.10.3-2021.10.linux64_1.0.0.202111181127/tools/bin/../lib/gcc/arm-none-eabi/10.3.1/../../../../arm-none-eabi/lib/thumb/v6-m/nofp/libc_nano.a(lib_a-memchr-stub.o)
 .ARM.attributes
                0x0000000000000827       0x2c /opt/st/stm32cubeide_1.9.0/plugins/com.st.stm32cube.ide.mcu.externaltools.gnu-tools-for-stm32.10.3-2021.10.linux64_1.0.0.202111181127/tools/bin/../lib/gcc/arm-none-eabi/10.3.1/../../../../arm-none-eabi/lib/thumb/v6-m/nofp/libc_nano.a(lib_a-nano-reallocr.o)
 .ARM.attributes
                0x0000000000000853       0x2c /opt/st/stm32cubeide_1.9.0/plugins/com.st.stm32cube.ide.mcu.externaltools.gnu-tools-for-stm32.10.3-2021.10.linux64_1.0.0.202111181127/tools/bin/../lib/gcc/arm-none-eabi/10.3.1/../../../../arm-none-eabi/lib/thumb/v6-m/nofp/libc_nano.a(lib_a-nano-msizer.o)
 .ARM.attributes
                0x000000000000087f       0x1e /opt/st/stm32cubeide_1.9.0/plugins/com.st.stm32cube.ide.mcu.externaltools.gnu-tools-for-stm32.10.3-2021.10.linux64_1.0.0.202111181127/tools/bin/../lib/gcc/arm-none-eabi/10.3.1/thumb/v6-m/nofp/libgcc.a(_thumb1_case_shi.o)
 .ARM.attributes
                0x000000000000089d       0x1e /opt/st/stm32cubeide_1.9.0/plugins/com.st.stm32cube.ide.mcu.externaltools.gnu-tools-for-stm32.10.3-2021.10.linux64_1.0.0.202111181127/tools/bin/../lib/gcc/arm-none-eabi/10.3.1/thumb/v6-m/nofp/libgcc.a(_udivsi3.o)
 .ARM.attributes
                0x00000000000008bb       0x1e /opt/st/stm32cubeide_1.9.0/plugins/com.st.stm32cube.ide.mcu.externaltools.gnu-tools-for-stm32.10.3-2021.10.linux64_1.0.0.202111181127/tools/bin/../lib/gcc/arm-none-eabi/10.3.1/thumb/v6-m/nofp/libgcc.a(_dvmd_tls.o)
 .ARM.attributes
                0x00000000000008d9       0x1e /opt/st/stm32cubeide_1.9.0/plugins/com.st.stm32cube.ide.mcu.externaltools.gnu-tools-for-stm32.10.3-2021.10.linux64_1.0.0.202111181127/tools/bin/../lib/gcc/arm-none-eabi/10.3.1/thumb/v6-m/nofp/crtn.o
OUTPUT(S11_CAN.elf elf32-littlearm)
LOAD linker stubs
LOAD /opt/st/stm32cubeide_1.9.0/plugins/com.st.stm32cube.ide.mcu.externaltools.gnu-tools-for-stm32.10.3-2021.10.linux64_1.0.0.202111181127/tools/bin/../lib/gcc/arm-none-eabi/10.3.1/../../../../arm-none-eabi/lib/thumb/v6-m/nofp/libc.a
LOAD /opt/st/stm32cubeide_1.9.0/plugins/com.st.stm32cube.ide.mcu.externaltools.gnu-tools-for-stm32.10.3-2021.10.linux64_1.0.0.202111181127/tools/bin/../lib/gcc/arm-none-eabi/10.3.1/../../../../arm-none-eabi/lib/thumb/v6-m/nofp/libm.a
LOAD /opt/st/stm32cubeide_1.9.0/plugins/com.st.stm32cube.ide.mcu.externaltools.gnu-tools-for-stm32.10.3-2021.10.linux64_1.0.0.202111181127/tools/bin/../lib/gcc/arm-none-eabi/10.3.1/thumb/v6-m/nofp/libgcc.a

.debug_info     0x0000000000000000    0x1fe3b
 .debug_info    0x0000000000000000     0x116f ./Core/Src/CANSPI.o
 .debug_info    0x000000000000116f      0xc64 ./Core/Src/MCP2515.o
 .debug_info    0x0000000000001dd3     0x267f ./Core/Src/main.o
 .debug_info    0x0000000000004452     0x1828 ./Core/Src/stm32f0xx_hal_msp.o
 .debug_info    0x0000000000005c7a      0x9af ./Core/Src/stm32f0xx_hal_timebase_tim.o
 .debug_info    0x0000000000006629      0xa2a ./Core/Src/stm32f0xx_it.o
 .debug_info    0x0000000000007053      0x171 ./Core/Src/sysmem.o
 .debug_info    0x00000000000071c4      0x269 ./Core/Src/system_stm32f0xx.o
 .debug_info    0x000000000000742d       0x22 ./Core/Startup/startup_stm32f070rbtx.o
 .debug_info    0x000000000000744f      0x6cd ./Drivers/STM32F0xx_HAL_Driver/Src/stm32f0xx_hal.o