Archive member included to satisfy reference by file (symbol)

/opt/st/stm32cubeide_1.9.0/plugins/com.st.stm32cube.ide.mcu.externaltools.gnu-tools-for-stm32.10.3-2021.10.linux64_1.0.0.202111181127/tools/bin/../lib/gcc/arm-none-eabi/10.3.1/../../../../arm-none-eabi/lib/thumb/v7e-m+fp/hard/libc_nano.a(lib_a-errno.o)
                              ./Core/Src/syscalls.o (__errno)
/opt/st/stm32cubeide_1.9.0/plugins/com.st.stm32cube.ide.mcu.externaltools.gnu-tools-for-stm32.10.3-2021.10.linux64_1.0.0.202111181127/tools/bin/../lib/gcc/arm-none-eabi/10.3.1/../../../../arm-none-eabi/lib/thumb/v7e-m+fp/hard/libc_nano.a(lib_a-exit.o)
                              /opt/st/stm32cubeide_1.9.0/plugins/com.st.stm32cube.ide.mcu.externaltools.gnu-tools-for-stm32.10.3-2021.10.linux64_1.0.0.202111181127/tools/bin/../lib/gcc/arm-none-eabi/10.3.1/../../../../arm-none-eabi/lib/thumb/v7e-m+fp/hard/crt0.o (exit)
/opt/st/stm32cubeide_1.9.0/plugins/com.st.stm32cube.ide.mcu.externaltools.gnu-tools-for-stm32.10.3-2021.10.linux64_1.0.0.202111181127/tools/bin/../lib/gcc/arm-none-eabi/10.3.1/../../../../arm-none-eabi/lib/thumb/v7e-m+fp/hard/libc_nano.a(lib_a-impure.o)
                              /opt/st/stm32cubeide_1.9.0/plugins/com.st.stm32cube.ide.mcu.externaltools.gnu-tools-for-stm32.10.3-2021.10.linux64_1.0.0.202111181127/tools/bin/../lib/gcc/arm-none-eabi/10.3.1/../../../../arm-none-eabi/lib/thumb/v7e-m+fp/hard/libc_nano.a(lib_a-exit.o) (_global_impure_ptr)
/opt/st/stm32cubeide_1.9.0/plugins/com.st.stm32cube.ide.mcu.externaltools.gnu-tools-for-stm32.10.3-2021.10.linux64_1.0.0.202111181127/tools/bin/../lib/gcc/arm-none-eabi/10.3.1/../../../../arm-none-eabi/lib/thumb/v7e-m+fp/hard/libc_nano.a(lib_a-init.o)
                              /opt/st/stm32cubeide_1.9.0/plugins/com.st.stm32cube.ide.mcu.externaltools.gnu-tools-for-stm32.10.3-2021.10.linux64_1.0.0.202111181127/tools/bin/../lib/gcc/arm-none-eabi/10.3.1/../../../../arm-none-eabi/lib/thumb/v7e-m+fp/hard/crt0.o (__libc_init_array)
/opt/st/stm32cubeide_1.9.0/plugins/com.st.stm32cube.ide.mcu.externaltools.gnu-tools-for-stm32.10.3-2021.10.linux64_1.0.0.202111181127/tools/bin/../lib/gcc/arm-none-eabi/10.3.1/../../../../arm-none-eabi/lib/thumb/v7e-m+fp/hard/libc_nano.a(lib_a-malloc.o)
                              ./Core/Src/lepton.o (malloc)
/opt/st/stm32cubeide_1.9.0/plugins/com.st.stm32cube.ide.mcu.externaltools.gnu-tools-for-stm32.10.3-2021.10.linux64_1.0.0.202111181127/tools/bin/../lib/gcc/arm-none-eabi/10.3.1/../../../../arm-none-eabi/lib/thumb/v7e-m+fp/hard/libc_nano.a(lib_a-memset.o)
                              /opt/st/stm32cubeide_1.9.0/plugins/com.st.stm32cube.ide.mcu.externaltools.gnu-tools-for-stm32.10.3-2021.10.linux64_1.0.0.202111181127/tools/bin/../lib/gcc/arm-none-eabi/10.3.1/../../../../arm-none-eabi/lib/thumb/v7e-m+fp/hard/crt0.o (memset)
/opt/st/stm32cubeide_1.9.0/plugins/com.st.stm32cube.ide.mcu.externaltools.gnu-tools-for-stm32.10.3-2021.10.linux64_1.0.0.202111181127/tools/bin/../lib/gcc/arm-none-eabi/10.3.1/../../../../arm-none-eabi/lib/thumb/v7e-m+fp/hard/libc_nano.a(lib_a-nano-freer.o)
                              /opt/st/stm32cubeide_1.9.0/plugins/com.st.stm32cube.ide.mcu.externaltools.gnu-tools-for-stm32.10.3-2021.10.linux64_1.0.0.202111181127/tools/bin/../lib/gcc/arm-none-eabi/10.3.1/../../../../arm-none-eabi/lib/thumb/v7e-m+fp/hard/libc_nano.a(lib_a-malloc.o) (_free_r)
/opt/st/stm32cubeide_1.9.0/plugins/com.st.stm32cube.ide.mcu.externaltools.gnu-tools-for-stm32.10.3-2021.10.linux64_1.0.0.202111181127/tools/bin/../lib/gcc/arm-none-eabi/10.3.1/../../../../arm-none-eabi/lib/thumb/v7e-m+fp/hard/libc_nano.a(lib_a-nano-mallocr.o)
                              /opt/st/stm32cubeide_1.9.0/plugins/com.st.stm32cube.ide.mcu.externaltools.gnu-tools-for-stm32.10.3-2021.10.linux64_1.0.0.202111181127/tools/bin/../lib/gcc/arm-none-eabi/10.3.1/../../../../arm-none-eabi/lib/thumb/v7e-m+fp/hard/libc_nano.a(lib_a-malloc.o) (_malloc_r)
/opt/st/stm32cubeide_1.9.0/plugins/com.st.stm32cube.ide.mcu.externaltools.gnu-tools-for-stm32.10.3-2021.10.linux64_1.0.0.202111181127/tools/bin/../lib/gcc/arm-none-eabi/10.3.1/../../../../arm-none-eabi/lib/thumb/v7e-m+fp/hard/libc_nano.a(lib_a-sbrkr.o)
                              /opt/st/stm32cubeide_1.9.0/plugins/com.st.stm32cube.ide.mcu.externaltools.gnu-tools-for-stm32.10.3-2021.10.linux64_1.0.0.202111181127/tools/bin/../lib/gcc/arm-none-eabi/10.3.1/../../../../arm-none-eabi/lib/thumb/v7e-m+fp/hard/libc_nano.a(lib_a-nano-mallocr.o) (_sbrk_r)
/opt/st/stm32cubeide_1.9.0/plugins/com.st.stm32cube.ide.mcu.externaltools.gnu-tools-for-stm32.10.3-2021.10.linux64_1.0.0.202111181127/tools/bin/../lib/gcc/arm-none-eabi/10.3.1/../../../../arm-none-eabi/lib/thumb/v7e-m+fp/hard/libc_nano.a(lib_a-sprintf.o)
                              ./Core/Src/lepton.o (sprintf)
[...]
Memory Configuration

Name             Origin             Length             Attributes
RAM              0x0000000020000000 0x0000000000020000 xrw
FLASH            0x0000000008000000 0x0000000000080000 xr
*default*        0x0000000000000000 0xffffffffffffffff

Linker script and memory map

LOAD /opt/st/stm32cubeide_1.9.0/plugins/com.st.stm32cube.ide.mcu.externaltools.gnu-tools-for-stm32.10.3-2021.10.linux64_1.0.0.202111181127/tools/bin/../lib/gcc/arm-none-eabi/10.3.1/thumb/v7e-m+fp/hard/crti.o
LOAD /opt/st/stm32cubeide_1.9.0/plugins/com.st.stm32cube.ide.mcu.externaltools.gnu-tools-for-stm32.10.3-2021.10.linux64_1.0.0.202111181127/tools/bin/../lib/gcc/arm-none-eabi/10.3.1/thumb/v7e-m+fp/hard/crtbegin.o
LOAD /opt/st/stm32cubeide_1.9.0/plugins/com.st.stm32cube.ide.mcu.externaltools.gnu-tools-for-stm32.10.3-2021.10.linux64_1.0.0.202111181127/tools/bin/../lib/gcc/arm-none-eabi/10.3.1/../../../../arm-none-eabi/lib/thumb/v7e-m+fp/hard/crt0.o
LOAD ./Core/Src/lepton.o
LOAD ./Core/Src/main.o
LOAD ./Core/Src/stm32f4xx_hal_msp.o
LOAD ./Core/Src/stm32f4xx_it.o
LOAD ./Core/Src/syscalls.o
LOAD ./Core/Src/sysmem.o
LOAD ./Core/Src/system_stm32f4xx.o
LOAD ./Core/Startup/startup_stm32f446retx.o
LOAD ./Drivers/STM32F4xx_HAL_Driver/Src/stm32f4xx_hal.o
LOAD ./Drivers/STM32F4xx_HAL_Driver/Src/stm32f4xx_hal_cortex.o
LOAD ./Drivers/STM32F4xx_HAL_Driver/Src/stm32f4xx_hal_dma.o
LOAD ./Drivers/STM32F4xx_HAL_Driver/Src/stm32f4xx_hal_dma_ex.o
LOAD ./Drivers/STM32F4xx_HAL_Driver/Src/stm32f4xx_hal_exti.o
LOAD ./Drivers/STM32F4xx_HAL_Driver/Src/stm32f4xx_hal_flash.o
LOAD ./Drivers/STM32F4xx_HAL_Driver/Src/stm32f4xx_hal_flash_ex.o
LOAD ./Drivers/STM32F4xx_HAL_Driver/Src/stm32f4xx_hal_flash_ramfunc.o
LOAD ./Drivers/STM32F4xx_HAL_Driver/Src/stm32f4xx_hal_gpio.o
LOAD ./Drivers/STM32F4xx_HAL_Driver/Src/stm32f4xx_hal_i2c.o
LOAD ./Drivers/STM32F4xx_HAL_Driver/Src/stm32f4xx_hal_i2c_ex.o
LOAD ./Drivers/STM32F4xx_HAL_Driver/Src/stm32f4xx_hal_pwr.o
LOAD ./Drivers/STM32F4xx_HAL_Driver/Src/stm32f4xx_hal_pwr_ex.o
LOAD ./Drivers/STM32F4xx_HAL_Driver/Src/stm32f4xx_hal_rcc.o
LOAD ./Drivers/STM32F4xx_HAL_Driver/Src/stm32f4xx_hal_rcc_ex.o
LOAD ./Drivers/STM32F4xx_HAL_Driver/Src/stm32f4xx_hal_spi.o
LOAD ./Drivers/STM32F4xx_HAL_Driver/Src/stm32f4xx_hal_tim.o
LOAD ./Drivers/STM32F4xx_HAL_Driver/Src/stm32f4xx_hal_tim_ex.o
LOAD ./Drivers/STM32F4xx_HAL_Driver/Src/stm32f4xx_hal_uart.o
START GROUP
LOAD /opt/st/stm32cubeide_1.9.0/plugins/com.st.stm32cube.ide.mcu.externaltools.gnu-tools-for-stm32.10.3-2021.10.linux64_1.0.0.202111181127/tools/bin/../lib/gcc/arm-none-eabi/10.3.1/../../../../arm-none-eabi/lib/thumb/v7e-m+fp/hard/libc_nano.a
LOAD /opt/st/stm32cubeide_1.9.0/plugins/com.st.stm32cube.ide.mcu.externaltools.gnu-tools-for-stm32.10.3-2021.10.linux64_1.0.0.202111181127/tools/bin/../lib/gcc/arm-none-eabi/10.3.1/../../../../arm-none-eabi/lib/thumb/v7e-m+fp/hard/libm.a
END GROUP
START GROUP
LOAD /opt/st/stm32cubeide_1.9.0/plugins/com.st.stm32cube.ide.mcu.externaltools.gnu-tools-for-stm32.10.3-2021.10.linux64_1.0.0.202111181127/tools/bin/../lib/gcc/arm-none-eabi/10.3.1/thumb/v7e-m+fp/hard/libgcc.a
LOAD /opt/st/stm32cubeide_1.9.0/plugins/com.st.stm32cube.ide.mcu.externaltools.gnu-tools-for-stm32.10.3-2021.10.linux64_1.0.0.202111181127/tools/bin/../lib/gcc/arm-none-eabi/10.3.1/../../../../arm-none-eabi/lib/thumb/v7e-m+fp/hard/libc_nano.a
END GROUP
START GROUP
LOAD /opt/st/stm32cubeide_1.9.0/plugins/com.st.stm32cube.ide.mcu.externaltools.gnu-tools-for-stm32.10.3-2021.10.linux64_1.0.0.202111181127/tools/bin/../lib/gcc/arm-none-eabi/10.3.1/thumb/v7e-m+fp/hard/libgcc.a
LOAD /opt/st/stm32cubeide_1.9.0/plugins/com.st.stm32cube.ide.mcu.externaltools.gnu-tools-for-stm32.10.3-2021.10.linux64_1.0.0.202111181127/tools/bin/../lib/gcc/arm-none-eabi/10.3.1/../../../../arm-none-eabi/lib/thumb/v7e-m+fp/hard/libc_nano.a
LOAD /opt/st/stm32cubeide_1.9.0/plugins/com.st.stm32cube.ide.mcu.externaltools.gnu-tools-for-stm32.10.3-2021.10.linux64_1.0.0.202111181127/tools/bin/../lib/gcc/arm-none-eabi/10.3.1/../../../../arm-none-eabi/lib/thumb/v7e-m+fp/hard/libnosys.a
END GROUP
START GROUP
LOAD /opt/st/stm32cubeide_1.9.0/plugins/com.st.stm32cube.ide.mcu.externaltools.gnu-tools-for-stm32.10.3-2021.10.linux64_1.0.0.202111181127/tools/bin/../lib/gcc/arm-none-eabi/10.3.1/thumb/v7e-m+fp/hard/libgcc.a
LOAD /opt/st/stm32cubeide_1.9.0/plugins/com.st.stm32cube.ide.mcu.externaltools.gnu-tools-for-stm32.10.3-2021.10.linux64_1.0.0.202111181127/tools/bin/../lib/gcc/arm-none-eabi/10.3.1/../../../../arm-none-eabi/lib/thumb/v7e-m+fp/hard/libc_nano.a
LOAD /opt/st/stm32cubeide_1.9.0/plugins/com.st.stm32cube.ide.mcu.externaltools.gnu-tools-for-stm32.10.3-2021.10.linux64_1.0.0.202111181127/tools/bin/../lib/gcc/arm-none-eabi/10.3.1/../../../../arm-none-eabi/lib/thumb/v7e-m+fp/hard/libnosys.a
END GROUP
LOAD /opt/st/stm32cubeide_1.9.0/plugins/com.st.stm32cube.ide.mcu.externaltools.gnu-tools-for-stm32.10.3-2021.10.linux64_1.0.0.202111181127/tools/bin/../lib/gcc/arm-none-eabi/10.3.1/thumb/v7e-m+fp/hard/crtend.o
LOAD /opt/st/stm32cubeide_1.9.0/plugins/com.st.stm32cube.ide.mcu.externaltools.gnu-tools-for-stm32.10.3-2021.10.linux64_1.0.0.202111181127/tools/bin/../lib/gcc/arm-none-eabi/10.3.1/thumb/v7e-m+fp/hard/crtn.o
                0x0000000020020000                _estack = (ORIGIN (RAM) + LENGTH (RAM))
                0x0000000000000200                _Min_Heap_Size = 0x200
                0x0000000000000400                _Min_Stack_Size = 0x400

.isr_vector     0x0000000008000000      0x1c4
                0x0000000008000000                . = ALIGN (0x4)
 *(.isr_vector)
 .isr_vector    0x0000000008000000      0x1c4 ./Core/Startup/startup_stm32f446retx.o
                0x0000000008000000                g_pfnVectors
                0x00000000080001c4                . = ALIGN (0x4)

.text           0x00000000080001c4     0x4890
                0x00000000080001c4                . = ALIGN (0x4)
 *(.text)
 .text          0x00000000080001c4       0x40 /opt/st/stm32cubeide_1.9.0/plugins/com.st.stm32cube.ide.mcu.externaltools.gnu-tools-for-stm32.10.3-2021.10.linux64_1.0.0.202111181127/tools/bin/../lib/gcc/arm-none-eabi/10.3.1/thumb/v7e-m+fp/hard/crtbegin.o
 .text          0x0000000008000204       0x30 /opt/st/stm32cubeide_1.9.0/plugins/com.st.stm32cube.ide.mcu.externaltools.gnu-tools-for-stm32.10.3-2021.10.linux64_1.0.0.202111181127/tools/bin/../lib/gcc/arm-none-eabi/10.3.1/thumb/v7e-m+fp/hard/libgcc.a(_aeabi_uldivmod.o)
                0x0000000008000204                __aeabi_uldivmod
 .text          0x0000000008000234      0x2d0 /opt/st/stm32cubeide_1.9.0/plugins/com.st.stm32cube.ide.mcu.externaltools.gnu-tools-for-stm32.10.3-2021.10.linux64_1.0.0.202111181127/tools/bin/../lib/gcc/arm-none-eabi/10.3.1/thumb/v7e-m+fp/hard/libgcc.a(_udivmoddi4.o)
                0x0000000008000234                __udivmoddi4
 .text          0x0000000008000504        0x4 /opt/st/stm32cubeide_1.9.0/plugins/com.st.stm32cube.ide.mcu.externaltools.gnu-tools-for-stm32.10.3-2021.10.linux64_1.0.0.202111181127/tools/bin/../lib/gcc/arm-none-eabi/10.3.1/thumb/v7e-m+fp/hard/libgcc.a(_dvmd_tls.o)
                0x0000000008000504                __aeabi_ldiv0
                0x0000000008000504                __aeabi_idiv0
 *(.text*)
 .text.lepton_Init
                0x0000000008000508       0x3c ./Core/Src/lepton.o
                0x0000000008000508                lepton_Init
 .text.print_image_binary_background
                0x0000000008000544      0x10c ./Core/Src/lepton.o
                0x0000000008000544                print_image_binary_background
 .text.transfer
                0x0000000008000650      0x178 ./Core/Src/lepton.o
                0x0000000008000650                transfer
 .text.lepton_getPacket
                0x00000000080007c8       0x30 ./Core/Src/lepton.o
                0x00000000080007c8                lepton_getPacket
 .text.lepton_GetReg
                0x00000000080007f8       0x54 ./Core/Src/lepton.o
                0x00000000080007f8                lepton_GetReg
 .text.lepton_SetData
                0x000000000800084c       0xa8 ./Core/Src/lepton.o
                0x000000000800084c                lepton_SetData
 .text.lepton_command
                0x00000000080008f4       0x6c ./Core/Src/lepton.o
                0x00000000080008f4                lepton_command
 .text.lepton_radiometry
                0x0000000008000960       0x5e ./Core/Src/lepton.o
                0x0000000008000960                lepton_radiometry
 .text.lepton_vsync
                0x00000000080009be       0x5e ./Core/Src/lepton.o
                0x00000000080009be                lepton_vsync
 .text.send_byte
                0x0000000008000a1c       0x24 ./Core/Src/lepton.o
                0x0000000008000a1c                send_byte
 .text.main     0x0000000008000a40       0x9c ./Core/Src/main.o
                0x0000000008000a40                main
 .text.SystemClock_Config
                0x0000000008000adc       0xd8 ./Core/Src/main.o
                0x0000000008000adc                SystemClock_Config
 .text.MX_I2C1_Init
                0x0000000008000bb4       0x5c ./Core/Src/main.o
 .text.MX_SPI1_Init
                0x0000000008000c10       0x6c ./Core/Src/main.o
 .text.MX_USART2_UART_Init
                0x0000000008000c7c       0x54 ./Core/Src/main.o
 .text.MX_GPIO_Init
                0x0000000008000cd0      0x138 ./Core/Src/main.o
 .text.HAL_GPIO_EXTI_Callback
                0x0000000008000e08       0x24 ./Core/Src/main.o
                0x0000000008000e08                HAL_GPIO_EXTI_Callback
 .text.HAL_SPI_RxCpltCallback
                0x0000000008000e2c       0x1a ./Core/Src/main.o
                0x0000000008000e2c                HAL_SPI_RxCpltCallback
 .text.Error_Handler
                0x0000000008000e46        0xa ./Core/Src/main.o
                0x0000000008000e46                Error_Handler
 .text.HAL_MspInit
                0x0000000008000e50       0x50 ./Core/Src/stm32f4xx_hal_msp.o
                0x0000000008000e50                HAL_MspInit
 .text.HAL_I2C_MspInit
                0x0000000008000ea0       0x90 ./Core/Src/stm32f4xx_hal_msp.o
                0x0000000008000ea0                HAL_I2C_MspInit
 .text.HAL_SPI_MspInit
                0x0000000008000f30       0xa0 ./Core/Src/stm32f4xx_hal_msp.o
                0x0000000008000f30                HAL_SPI_MspInit
 .text.HAL_UART_MspInit
                0x0000000008000fd0       0x90 ./Core/Src/stm32f4xx_hal_msp.o
                0x0000000008000fd0                HAL_UART_MspInit
 .text.NMI_Handler
                0x0000000008001060        0x6 ./Core/Src/stm32f4xx_it.o
                0x0000000008001060                NMI_Handler
 .text.HardFault_Handler
                0x0000000008001066        0x6 ./Core/Src/stm32f4xx_it.o
                0x0000000008001066                HardFault_Handler
 .text.MemManage_Handler
                0x000000000800106c        0x6 ./Core/Src/stm32f4xx_it.o
                0x000000000800106c                MemManage_Handler
 .text.BusFault_Handler
                0x0000000008001072        0x6 ./Core/Src/stm32f4xx_it.o
                0x0000000008001072                BusFault_Handler
 .text.UsageFault_Handler
                0x0000000008001078        0x6 ./Core/Src/stm32f4xx_it.o
                0x0000000008001078                UsageFault_Handler
 .text.SVC_Handler
                0x000000000800107e        0xe ./Core/Src/stm32f4xx_it.o
                0x000000000800107e                SVC_Handler
 .text.DebugMon_Handler
                0x000000000800108c        0xe ./Core/Src/stm32f4xx_it.o
                0x000000000800108c                DebugMon_Handler
 .text.PendSV_Handler
                0x000000000800109a        0xe ./Core/Src/stm32f4xx_it.o
                0x000000000800109a                PendSV_Handler
 .text.SysTick_Handler
                0x00000000080010a8        0xc ./Core/Src/stm32f4xx_it.o
                0x00000000080010a8                SysTick_Handler
 .text.SPI1_IRQHandler
                0x00000000080010b4       0x14 ./Core/Src/stm32f4xx_it.o
                0x00000000080010b4                SPI1_IRQHandler
 .text.EXTI15_10_IRQHandler
                0x00000000080010c8       0x18 ./Core/Src/stm32f4xx_it.o
                0x00000000080010c8                EXTI15_10_IRQHandler
 .text._sbrk    0x00000000080010e0       0x6c ./Core/Src/sysmem.o
                0x00000000080010e0                _sbrk
 .text.SystemInit
                0x000000000800114c       0x24 ./Core/Src/system_stm32f4xx.o
                0x000000000800114c                SystemInit
 .text.Reset_Handler
                0x0000000008001170       0x50 ./Core/Startup/startup_stm32f446retx.o
                0x0000000008001170                Reset_Handler
 .text.Default_Handler
                0x00000000080011c0        0x2 ./Core/Startup/startup_stm32f446retx.o
                0x00000000080011c0                RTC_Alarm_IRQHandler
                0x00000000080011c0                EXTI2_IRQHandler
                0x00000000080011c0                TIM8_CC_IRQHandler
                0x00000000080011c0                FMPI2C1_EV_IRQHandler
                0x00000000080011c0                SPI4_IRQHandler
                0x00000000080011c0                TIM1_CC_IRQHandler
                0x00000000080011c0                DMA2_Stream5_IRQHandler
                0x00000000080011c0                DMA1_Stream5_IRQHandler
                0x00000000080011c0                PVD_IRQHandler
                0x00000000080011c0                SDIO_IRQHandler
                0x00000000080011c0                TAMP_STAMP_IRQHandler
                0x00000000080011c0                CAN2_RX1_IRQHandler
                0x00000000080011c0                EXTI3_IRQHandler
                0x00000000080011c0                TIM8_TRG_COM_TIM14_IRQHandler
                0x00000000080011c0                TIM1_UP_TIM10_IRQHandler
                0x00000000080011c0                TIM8_UP_TIM13_IRQHandler
                0x00000000080011c0                I2C3_ER_IRQHandler
                0x00000000080011c0                EXTI0_IRQHandler
                0x00000000080011c0                I2C2_EV_IRQHandler
                0x00000000080011c0                DMA1_Stream2_IRQHandler
                0x00000000080011c0                CAN1_RX0_IRQHandler
                0x00000000080011c0                FPU_IRQHandler
                0x00000000080011c0                OTG_HS_WKUP_IRQHandler
                0x00000000080011c0                CAN2_SCE_IRQHandler
                0x00000000080011c0                DMA2_Stream2_IRQHandler
                0x00000000080011c0                TIM6_DAC_IRQHandler
                0x00000000080011c0                TIM1_BRK_TIM9_IRQHandler
                0x00000000080011c0                DCMI_IRQHandler
                0x00000000080011c0                CAN2_RX0_IRQHandler
                0x00000000080011c0                DMA2_Stream3_IRQHandler
                0x00000000080011c0                SAI2_IRQHandler
                0x00000000080011c0                USART6_IRQHandler
                0x00000000080011c0                USART3_IRQHandler
                0x00000000080011c0                CAN1_RX1_IRQHandler
                0x00000000080011c0                UART5_IRQHandler
                0x00000000080011c0                DMA2_Stream0_IRQHandler
                0x00000000080011c0                TIM4_IRQHandler
                0x00000000080011c0                QUADSPI_IRQHandler
                0x00000000080011c0                I2C1_EV_IRQHandler
                0x00000000080011c0                DMA1_Stream6_IRQHandler
                0x00000000080011c0                DMA1_Stream1_IRQHandler
                0x00000000080011c0                UART4_IRQHandler
                0x00000000080011c0                TIM3_IRQHandler
                0x00000000080011c0                RCC_IRQHandler
                0x00000000080011c0                TIM8_BRK_TIM12_IRQHandler
                0x00000000080011c0                Default_Handler
                0x00000000080011c0                CEC_IRQHandler
                0x00000000080011c0                ADC_IRQHandler
                0x00000000080011c0                DMA1_Stream7_IRQHandler
                0x00000000080011c0                TIM7_IRQHandler
                0x00000000080011c0                CAN2_TX_IRQHandler
                0x00000000080011c0                TIM5_IRQHandler
                0x00000000080011c0                DMA2_Stream7_IRQHandler
                0x00000000080011c0                I2C3_EV_IRQHandler
                0x00000000080011c0                EXTI9_5_IRQHandler
                0x00000000080011c0                RTC_WKUP_IRQHandler
                0x00000000080011c0                SPDIF_RX_IRQHandler
                0x00000000080011c0                SPI2_IRQHandler
                0x00000000080011c0                OTG_HS_EP1_IN_IRQHandler
                0x00000000080011c0                DMA1_Stream0_IRQHandler
                0x00000000080011c0                CAN1_TX_IRQHandler
                0x00000000080011c0                FMPI2C1_ER_IRQHandler
                0x00000000080011c0                EXTI4_IRQHandler
                0x00000000080011c0                OTG_HS_EP1_OUT_IRQHandler
                0x00000000080011c0                WWDG_IRQHandler
                0x00000000080011c0                TIM2_IRQHandler
                0x00000000080011c0                OTG_FS_WKUP_IRQHandler
                0x00000000080011c0                TIM1_TRG_COM_TIM11_IRQHandler
                0x00000000080011c0                OTG_HS_IRQHandler
                0x00000000080011c0                EXTI1_IRQHandler
                0x00000000080011c0                USART2_IRQHandler
                0x00000000080011c0                I2C2_ER_IRQHandler
                0x00000000080011c0                DMA2_Stream1_IRQHandler
                0x00000000080011c0                CAN1_SCE_IRQHandler
                0x00000000080011c0                FLASH_IRQHandler
                0x00000000080011c0                DMA2_Stream4_IRQHandler
                0x00000000080011c0                USART1_IRQHandler
                0x00000000080011c0                OTG_FS_IRQHandler
                0x00000000080011c0                SPI3_IRQHandler
                0x00000000080011c0                DMA1_Stream4_IRQHandler
                0x00000000080011c0                I2C1_ER_IRQHandler
                0x00000000080011c0                FMC_IRQHandler
                0x00000000080011c0                DMA2_Stream6_IRQHandler
                0x00000000080011c0                SAI1_IRQHandler
                0x00000000080011c0                DMA1_Stream3_IRQHandler
 *fill*         0x00000000080011c2        0x2 
 .text.HAL_Init
                0x00000000080011c4       0x44 ./Drivers/STM32F4xx_HAL_Driver/Src/stm32f4xx_hal.o
                0x00000000080011c4                HAL_Init
 .text.HAL_InitTick
                0x0000000008001208       0x60 ./Drivers/STM32F4xx_HAL_Driver/Src/stm32f4xx_hal.o
                0x0000000008001208                HAL_InitTick
 .text.HAL_IncTick
                0x0000000008001268       0x28 ./Drivers/STM32F4xx_HAL_Driver/Src/stm32f4xx_hal.o
                0x0000000008001268                HAL_IncTick
 .text.HAL_GetTick
                0x0000000008001290       0x18 ./Drivers/STM32F4xx_HAL_Driver/Src/stm32f4xx_hal.o
                0x0000000008001290                HAL_GetTick
 .text.HAL_Delay
                0x00000000080012a8       0x48 ./Drivers/STM32F4xx_HAL_Driver/Src/stm32f4xx_hal.o
                0x00000000080012a8                HAL_Delay
 .text.__NVIC_SetPriorityGrouping
                0x00000000080012f0       0x48 ./Drivers/STM32F4xx_HAL_Driver/Src/stm32f4xx_hal_cortex.o
 .text.__NVIC_GetPriorityGrouping
                0x0000000008001338       0x1c ./Drivers/STM32F4xx_HAL_Driver/Src/stm32f4xx_hal_cortex.o
 .text.__NVIC_EnableIRQ
                0x0000000008001354       0x3c ./Drivers/STM32F4xx_HAL_Driver/Src/stm32f4xx_hal_cortex.o
 .text.__NVIC_DisableIRQ
                0x0000000008001390       0x48 ./Drivers/STM32F4xx_HAL_Driver/Src/stm32f4xx_hal_cortex.o
 .text.__NVIC_SetPriority
                0x00000000080013d8       0x54 ./Drivers/STM32F4xx_HAL_Driver/Src/stm32f4xx_hal_cortex.o
 .text.NVIC_EncodePriority
                0x000000000800142c       0x66 ./Drivers/STM32F4xx_HAL_Driver/Src/stm32f4xx_hal_cortex.o
 *fill*         0x0000000008001492        0x2 
 .text.SysTick_Config
                0x0000000008001494       0x44 ./Drivers/STM32F4xx_HAL_Driver/Src/stm32f4xx_hal_cortex.o
 .text.HAL_NVIC_SetPriorityGrouping
                0x00000000080014d8       0x16 ./Drivers/STM32F4xx_HAL_Driver/Src/stm32f4xx_hal_cortex.o
                0x00000000080014d8                HAL_NVIC_SetPriorityGrouping
 .text.HAL_NVIC_SetPriority
                0x00000000080014ee       0x38 ./Drivers/STM32F4xx_HAL_Driver/Src/stm32f4xx_hal_cortex.o
                0x00000000080014ee                HAL_NVIC_SetPriority
 .text.HAL_NVIC_EnableIRQ
                0x0000000008001526       0x1c ./Drivers/STM32F4xx_HAL_Driver/Src/stm32f4xx_hal_cortex.o
                0x0000000008001526                HAL_NVIC_EnableIRQ
 .text.HAL_NVIC_DisableIRQ
                0x0000000008001542       0x1c ./Drivers/STM32F4xx_HAL_Driver/Src/stm32f4xx_hal_cortex.o
                0x0000000008001542                HAL_NVIC_DisableIRQ
 .text.HAL_SYSTICK_Config
                0x000000000800155e       0x18 ./Drivers/STM32F4xx_HAL_Driver/Src/stm32f4xx_hal_cortex.o
                0x000000000800155e                HAL_SYSTICK_Config
 .text.HAL_DMA_Abort_IT
                0x0000000008001576       0x44 ./Drivers/STM32F4xx_HAL_Driver/Src/stm32f4xx_hal_dma.o
                0x0000000008001576                HAL_DMA_Abort_IT
 *fill*         0x00000000080015ba        0x2 
 .text.HAL_GPIO_Init
                0x00000000080015bc      0x328 ./Drivers/STM32F4xx_HAL_Driver/Src/stm32f4xx_hal_gpio.o
                0x00000000080015bc                HAL_GPIO_Init
 .text.HAL_GPIO_WritePin
                0x00000000080018e4       0x32 ./Drivers/STM32F4xx_HAL_Driver/Src/stm32f4xx_hal_gpio.o
                0x00000000080018e4                HAL_GPIO_WritePin
 *fill*         0x0000000008001916        0x2 
 .text.HAL_GPIO_EXTI_IRQHandler
                0x0000000008001918       0x30 ./Drivers/STM32F4xx_HAL_Driver/Src/stm32f4xx_hal_gpio.o
                0x0000000008001918                HAL_GPIO_EXTI_IRQHandler
 .text.HAL_I2C_Init
                0x0000000008001948      0x288 ./Drivers/STM32F4xx_HAL_Driver/Src/stm32f4xx_hal_i2c.o
                0x0000000008001948                HAL_I2C_Init
 .text.HAL_I2C_Mem_Write
                0x0000000008001bd0      0x1f4 ./Drivers/STM32F4xx_HAL_Driver/Src/stm32f4xx_hal_i2c.o
                0x0000000008001bd0                HAL_I2C_Mem_Write
 .text.HAL_I2C_Mem_Read
                0x0000000008001dc4      0x44c ./Drivers/STM32F4xx_HAL_Driver/Src/stm32f4xx_hal_i2c.o
                0x0000000008001dc4                HAL_I2C_Mem_Read
 .text.I2C_RequestMemoryWrite
                0x0000000008002210      0x12c ./Drivers/STM32F4xx_HAL_Driver/Src/stm32f4xx_hal_i2c.o
 .text.I2C_RequestMemoryRead
                0x000000000800233c      0x1d0 ./Drivers/STM32F4xx_HAL_Driver/Src/stm32f4xx_hal_i2c.o
 .text.I2C_WaitOnFlagUntilTimeout
                0x000000000800250c       0xae ./Drivers/STM32F4xx_HAL_Driver/Src/stm32f4xx_hal_i2c.o
 .text.I2C_WaitOnMasterAddressFlagUntilTimeout
                0x00000000080025ba       0xfe ./Drivers/STM32F4xx_HAL_Driver/Src/stm32f4xx_hal_i2c.o
 .text.I2C_WaitOnTXEFlagUntilTimeout
                0x00000000080026b8       0x82 ./Drivers/STM32F4xx_HAL_Driver/Src/stm32f4xx_hal_i2c.o
 .text.I2C_WaitOnBTFFlagUntilTimeout
                0x000000000800273a       0x82 ./Drivers/STM32F4xx_HAL_Driver/Src/stm32f4xx_hal_i2c.o
 .text.I2C_WaitOnRXNEFlagUntilTimeout
                0x00000000080027bc       0xac ./Drivers/STM32F4xx_HAL_Driver/Src/stm32f4xx_hal_i2c.o
 .text.I2C_IsAcknowledgeFailed
                0x0000000008002868       0x5e ./Drivers/STM32F4xx_HAL_Driver/Src/stm32f4xx_hal_i2c.o
 *fill*         0x00000000080028c6        0x2 
 .text.HAL_RCC_ClockConfig
                0x00000000080028c8      0x1cc ./Drivers/STM32F4xx_HAL_Driver/Src/stm32f4xx_hal_rcc.o
                0x00000000080028c8                HAL_RCC_ClockConfig
 .text.HAL_RCC_GetHCLKFreq
                0x0000000008002a94       0x18 ./Drivers/STM32F4xx_HAL_Driver/Src/stm32f4xx_hal_rcc.o
                0x0000000008002a94                HAL_RCC_GetHCLKFreq
 .text.HAL_RCC_GetPCLK1Freq
                0x0000000008002aac       0x28 ./Drivers/STM32F4xx_HAL_Driver/Src/stm32f4xx_hal_rcc.o
                0x0000000008002aac                HAL_RCC_GetPCLK1Freq
 .text.HAL_RCC_GetPCLK2Freq
                0x0000000008002ad4       0x28 ./Drivers/STM32F4xx_HAL_Driver/Src/stm32f4xx_hal_rcc.o
                0x0000000008002ad4                HAL_RCC_GetPCLK2Freq
 .text.HAL_RCC_GetSysClockFreq
                0x0000000008002afc      0x460 ./Drivers/STM32F4xx_HAL_Driver/Src/stm32f4xx_hal_rcc_ex.o
                0x0000000008002afc                HAL_RCC_GetSysClockFreq
 .text.HAL_RCC_OscConfig
                0x0000000008002f5c      0x53c ./Drivers/STM32F4xx_HAL_Driver/Src/stm32f4xx_hal_rcc_ex.o
                0x0000000008002f5c                HAL_RCC_OscConfig
 .text.HAL_SPI_Init
                0x0000000008003498      0x112 ./Drivers/STM32F4xx_HAL_Driver/Src/stm32f4xx_hal_spi.o
                0x0000000008003498                HAL_SPI_Init
 *fill*         0x00000000080035aa        0x2 
 .text.HAL_SPI_Receive_IT
                0x00000000080035ac      0x13c ./Drivers/STM32F4xx_HAL_Driver/Src/stm32f4xx_hal_spi.o
                0x00000000080035ac                HAL_SPI_Receive_IT
 .text.HAL_SPI_TransmitReceive_IT
                0x00000000080036e8      0x128 ./Drivers/STM32F4xx_HAL_Driver/Src/stm32f4xx_hal_spi.o
                0x00000000080036e8                HAL_SPI_TransmitReceive_IT
 .text.HAL_SPI_IRQHandler
                0x0000000008003810      0x200 ./Drivers/STM32F4xx_HAL_Driver/Src/stm32f4xx_hal_spi.o
                0x0000000008003810                HAL_SPI_IRQHandler
 .text.HAL_SPI_TxRxCpltCallback
                0x0000000008003a10       0x14 ./Drivers/STM32F4xx_HAL_Driver/Src/stm32f4xx_hal_spi.o
                0x0000000008003a10                HAL_SPI_TxRxCpltCallback
 .text.HAL_SPI_ErrorCallback
                0x0000000008003a24       0x14 ./Drivers/STM32F4xx_HAL_Driver/Src/stm32f4xx_hal_spi.o
                0x0000000008003a24                HAL_SPI_ErrorCallback
 .text.SPI_DMAAbortOnError
                0x0000000008003a38       0x28 ./Drivers/STM32F4xx_HAL_Driver/Src/stm32f4xx_hal_spi.o
 .text.SPI_2linesRxISR_8BIT
                0x0000000008003a60       0x64 ./Drivers/STM32F4xx_HAL_Driver/Src/stm32f4xx_hal_spi.o
 .text.SPI_2linesTxISR_8BIT
                0x0000000008003ac4       0x60 ./Drivers/STM32F4xx_HAL_Driver/Src/stm32f4xx_hal_spi.o
 .text.SPI_2linesRxISR_16BIT
                0x0000000008003b24       0x60 ./Drivers/STM32F4xx_HAL_Driver/Src/stm32f4xx_hal_spi.o
 .text.SPI_2linesTxISR_16BIT
                0x0000000008003b84       0x5e ./Drivers/STM32F4xx_HAL_Driver/Src/stm32f4xx_hal_spi.o
 .text.SPI_RxISR_8BIT
                0x0000000008003be2       0x4a ./Drivers/STM32F4xx_HAL_Driver/Src/stm32f4xx_hal_spi.o
 .text.SPI_RxISR_16BIT
                0x0000000008003c2c       0x46 ./Drivers/STM32F4xx_HAL_Driver/Src/stm32f4xx_hal_spi.o
 *fill*         0x0000000008003c72        0x2 
 .text.SPI_WaitFlagStateUntilTimeout
                0x0000000008003c74      0x110 ./Drivers/STM32F4xx_HAL_Driver/Src/stm32f4xx_hal_spi.o
 .text.SPI_EndRxTransaction
                0x0000000008003d84       0xca ./Drivers/STM32F4xx_HAL_Driver/Src/stm32f4xx_hal_spi.o
 *fill*         0x0000000008003e4e        0x2 
 .text.SPI_EndRxTxTransaction
                0x0000000008003e50       0x84 ./Drivers/STM32F4xx_HAL_Driver/Src/stm32f4xx_hal_spi.o
 .text.SPI_CloseRxTx_ISR
                0x0000000008003ed4       0xe8 ./Drivers/STM32F4xx_HAL_Driver/Src/stm32f4xx_hal_spi.o
 .text.SPI_CloseRx_ISR
                0x0000000008003fbc       0x7e ./Drivers/STM32F4xx_HAL_Driver/Src/stm32f4xx_hal_spi.o
 .text.HAL_UART_Init
                0x000000000800403a       0x9a ./Drivers/STM32F4xx_HAL_Driver/Src/stm32f4xx_hal_uart.o
                0x000000000800403a                HAL_UART_Init
 .text.HAL_UART_Transmit
                0x00000000080040d4      0x124 ./Drivers/STM32F4xx_HAL_Driver/Src/stm32f4xx_hal_uart.o
                0x00000000080040d4                HAL_UART_Transmit
 .text.UART_WaitOnFlagUntilTimeout
                0x00000000080041f8       0xdc ./Drivers/STM32F4xx_HAL_Driver/Src/stm32f4xx_hal_uart.o
 .text.UART_SetConfig
                0x00000000080042d4      0x4e8 ./Drivers/STM32F4xx_HAL_Driver/Src/stm32f4xx_hal_uart.o
 .text.__errno  0x00000000080047bc        0xc /opt/st/stm32cubeide_1.9.0/plugins/com.st.stm32cube.ide.mcu.externaltools.gnu-tools-for-stm32.10.3-2021.10.linux64_1.0.0.202111181127/tools/bin/../lib/gcc/arm-none-eabi/10.3.1/../../../../arm-none-eabi/lib/thumb/v7e-m+fp/hard/libc_nano.a(lib_a-errno.o)
                0x00000000080047bc                __errno
 .text.__libc_init_array
                0x00000000080047c8       0x48 /opt/st/stm32cubeide_1.9.0/plugins/com.st.stm32cube.ide.mcu.externaltools.gnu-tools-for-stm32.10.3-2021.10.linux64_1.0.0.202111181127/tools/bin/../lib/gcc/arm-none-eabi/10.3.1/../../../../arm-none-eabi/lib/thumb/v7e-m+fp/hard/libc_nano.a(lib_a-init.o)
                0x00000000080047c8                __libc_init_array
 .text.malloc   0x0000000008004810       0x10 /opt/st/stm32cubeide_1.9.0/plugins/com.st.stm32cube.ide.mcu.externaltools.gnu-tools-for-stm32.10.3-2021.10.linux64_1.0.0.202111181127/tools/bin/../lib/gcc/arm-none-eabi/10.3.1/../../../../arm-none-eabi/lib/thumb/v7e-m+fp/hard/libc_nano.a(lib_a-malloc.o)
                0x0000000008004810                malloc
 .text.free     0x0000000008004820       0x10 /opt/st/stm32cubeide_1.9.0/plugins/com.st.stm32cube.ide.mcu.externaltools.gnu-tools-for-stm32.10.3-2021.10.linux64_1.0.0.202111181127/tools/bin/../lib/gcc/arm-none-eabi/10.3.1/../../../../arm-none-eabi/lib/thumb/v7e-m+fp/hard/libc_nano.a(lib_a-malloc.o)
                0x0000000008004820                free
 .text.memset   0x0000000008004830       0x10 /opt/st/stm32cubeide_1.9.0/plugins/com.st.stm32cube.ide.mcu.externaltools.gnu-tools-for-stm32.10.3-2021.10.linux64_1.0.0.202111181127/tools/bin/../lib/gcc/arm-none-eabi/10.3.1/../../../../arm-none-eabi/lib/thumb/v7e-m+fp/hard/libc_nano.a(lib_a-memset.o)
                0x0000000008004830                memset
 .text._free_r  0x0000000008004840       0x98 /opt/st/stm32cubeide_1.9.0/plugins/com.st.stm32cube.ide.mcu.externaltools.gnu-tools-for-stm32.10.3-2021.10.linux64_1.0.0.202111181127/tools/bin/../lib/gcc/arm-none-eabi/10.3.1/../../../../arm-none-eabi/lib/thumb/v7e-m+fp/hard/libc_nano.a(lib_a-nano-freer.o)
                0x0000000008004840                _free_r
 .text.sbrk_aligned
                0x00000000080048d8       0x40 /opt/st/stm32cubeide_1.9.0/plugins/com.st.stm32cube.ide.mcu.externaltools.gnu-tools-for-stm32.10.3-2021.10.linux64_1.0.0.202111181127/tools/bin/../lib/gcc/arm-none-eabi/10.3.1/../../../../arm-none-eabi/lib/thumb/v7e-m+fp/hard/libc_nano.a(lib_a-nano-mallocr.o)
 .text._malloc_r
                0x0000000008004918       0xe8 /opt/st/stm32cubeide_1.9.0/plugins/com.st.stm32cube.ide.mcu.externaltools.gnu-tools-for-stm32.10.3-2021.10.linux64_1.0.0.202111181127/tools/bin/../lib/gcc/arm-none-eabi/10.3.1/../../../../arm-none-eabi/lib/thumb/v7e-m+fp/hard/libc_nano.a(lib_a-nano-mallocr.o)
                0x0000000008004918                _malloc_r
 .text._sbrk_r  0x0000000008004a00       0x20 /opt/st/stm32cubeide_1.9.0/plugins/com.st.stm32cube.ide.mcu.externaltools.gnu-tools-for-stm32.10.3-2021.10.linux64_1.0.0.202111181127/tools/bin/../lib/gcc/arm-none-eabi/10.3.1/../../../../arm-none-eabi/lib/thumb/v7e-m+fp/hard/libc_nano.a(lib_a-sbrkr.o)
                0x0000000008004a00                _sbrk_r
 .text.__malloc_lock
                0x0000000008004a20        0xc /opt/st/stm32cubeide_1.9.0/plugins/com.st.stm32cube.ide.mcu.externaltools.gnu-tools-for-stm32.10.3-2021.10.linux64_1.0.0.202111181127/tools/bin/../lib/gcc/arm-none-eabi/10.3.1/../../../../arm-none-eabi/lib/thumb/v7e-m+fp/hard/libc_nano.a(lib_a-mlock.o)
                0x0000000008004a20                __malloc_lock
 .text.__malloc_unlock
                0x0000000008004a2c        0xc /opt/st/stm32cubeide_1.9.0/plugins/com.st.stm32cube.ide.mcu.externaltools.gnu-tools-for-stm32.10.3-2021.10.linux64_1.0.0.202111181127/tools/bin/../lib/gcc/arm-none-eabi/10.3.1/../../../../arm-none-eabi/lib/thumb/v7e-m+fp/hard/libc_nano.a(lib_a-mlock.o)
                0x0000000008004a2c                __malloc_unlock
 .text.__retarget_lock_acquire_recursive
                0x0000000008004a38        0x2 /opt/st/stm32cubeide_1.9.0/plugins/com.st.stm32cube.ide.mcu.externaltools.gnu-tools-for-stm32.10.3-2021.10.linux64_1.0.0.202111181127/tools/bin/../lib/gcc/arm-none-eabi/10.3.1/../../../../arm-none-eabi/lib/thumb/v7e-m+fp/hard/libc_nano.a(lib_a-lock.o)
                0x0000000008004a38                __retarget_lock_acquire_recursive
 .text.__retarget_lock_release_recursive
                0x0000000008004a3a        0x2 /opt/st/stm32cubeide_1.9.0/plugins/com.st.stm32cube.ide.mcu.externaltools.gnu-tools-for-stm32.10.3-2021.10.linux64_1.0.0.202111181127/tools/bin/../lib/gcc/arm-none-eabi/10.3.1/../../../../arm-none-eabi/lib/thumb/v7e-m+fp/hard/libc_nano.a(lib_a-lock.o)
                0x0000000008004a3a                __retarget_lock_release_recursive
 *(.glue_7)
 .glue_7        0x0000000008004a3c        0x0 linker stubs
 *(.glue_7t)
 .glue_7t       0x0000000008004a3c        0x0 linker stubs
 *(.eh_frame)
 .eh_frame      0x0000000008004a3c        0x0 /opt/st/stm32cubeide_1.9.0/plugins/com.st.stm32cube.ide.mcu.externaltools.gnu-tools-for-stm32.10.3-2021.10.linux64_1.0.0.202111181127/tools/bin/../lib/gcc/arm-none-eabi/10.3.1/thumb/v7e-m+fp/hard/crtbegin.o
 *(.init)
 .init          0x0000000008004a3c        0x4 /opt/st/stm32cubeide_1.9.0/plugins/com.st.stm32cube.ide.mcu.externaltools.gnu-tools-for-stm32.10.3-2021.10.linux64_1.0.0.202111181127/tools/bin/../lib/gcc/arm-none-eabi/10.3.1/thumb/v7e-m+fp/hard/crti.o
                0x0000000008004a3c                _init
 .init          0x0000000008004a40        0x8 /opt/st/stm32cubeide_1.9.0/plugins/com.st.stm32cube.ide.mcu.externaltools.gnu-tools-for-stm32.10.3-2021.10.linux64_1.0.0.202111181127/tools/bin/../lib/gcc/arm-none-eabi/10.3.1/thumb/v7e-m+fp/hard/crtn.o
 *(.fini)
 .fini          0x0000000008004a48        0x4 /opt/st/stm32cubeide_1.9.0/plugins/com.st.stm32cube.ide.mcu.externaltools.gnu-tools-for-stm32.10.3-2021.10.linux64_1.0.0.202111181127/tools/bin/../lib/gcc/arm-none-eabi/10.3.1/thumb/v7e-m+fp/hard/crti.o
                0x0000000008004a48                _fini
 .fini          0x0000000008004a4c        0x8 /opt/st/stm32cubeide_1.9.0/plugins/com.st.stm32cube.ide.mcu.externaltools.gnu-tools-for-stm32.10.3-2021.10.linux64_1.0.0.202111181127/tools/bin/../lib/gcc/arm-none-eabi/10.3.1/thumb/v7e-m+fp/hard/crtn.o
                0x0000000008004a54                . = ALIGN (0x4)
                0x0000000008004a54                _etext = .

.vfp11_veneer   0x0000000008004a54        0x0
 .vfp11_veneer  0x0000000008004a54        0x0 linker stubs

.v4_bx          0x0000000008004a54        0x0
 .v4_bx         0x0000000008004a54        0x0 linker stubs

.iplt           0x0000000008004a54        0x0
 .iplt          0x0000000008004a54        0x0 /opt/st/stm32cubeide_1.9.0/plugins/com.st.stm32cube.ide.mcu.externaltools.gnu-tools-for-stm32.10.3-2021.10.linux64_1.0.0.202111181127/tools/bin/../lib/gcc/arm-none-eabi/10.3.1/thumb/v7e-m+fp/hard/crtbegin.o

.rodata         0x0000000008004a54       0x18
                0x0000000008004a54                . = ALIGN (0x4)
 *(.rodata)
 *(.rodata*)
 .rodata.AHBPrescTable
                0x0000000008004a54       0x10 ./Core/Src/system_stm32f4xx.o
                0x0000000008004a54                AHBPrescTable
 .rodata.APBPrescTable
                0x0000000008004a64        0x8 ./Core/Src/system_stm32f4xx.o
                0x0000000008004a64                APBPrescTable
                0x0000000008004a6c                . = ALIGN (0x4)

.ARM.extab      0x0000000008004a6c        0x0
                0x0000000008004a6c                . = ALIGN (0x4)
 *(.ARM.extab* .gnu.linkonce.armextab.*)
                0x0000000008004a6c                . = ALIGN (0x4)

.ARM            0x0000000008004a6c        0x8
                0x0000000008004a6c                . = ALIGN (0x4)
                0x0000000008004a6c                __exidx_start = .
 *(.ARM.exidx*)
 .ARM.exidx     0x0000000008004a6c        0x8 /opt/st/stm32cubeide_1.9.0/plugins/com.st.stm32cube.ide.mcu.externaltools.gnu-tools-for-stm32.10.3-2021.10.linux64_1.0.0.202111181127/tools/bin/../lib/gcc/arm-none-eabi/10.3.1/thumb/v7e-m+fp/hard/libgcc.a(_udivmoddi4.o)
                0x0000000008004a74                __exidx_end = .
                0x0000000008004a74                . = ALIGN (0x4)

.rel.dyn        0x0000000008004a74        0x0
 .rel.iplt      0x0000000008004a74        0x0 /opt/st/stm32cubeide_1.9.0/plugins/com.st.stm32cube.ide.mcu.externaltools.gnu-tools-for-stm32.10.3-2021.10.linux64_1.0.0.202111181127/tools/bin/../lib/gcc/arm-none-eabi/10.3.1/thumb/v7e-m+fp/hard/crtbegin.o

.preinit_array  0x0000000008004a74        0x0
                0x0000000008004a74                . = ALIGN (0x4)
                0x0000000008004a74                PROVIDE (__preinit_array_start = .)
 *(.preinit_array*)
                0x0000000008004a74                PROVIDE (__preinit_array_end = .)
                0x0000000008004a74                . = ALIGN (0x4)

.init_array     0x0000000008004a74        0x4
                0x0000000008004a74                . = ALIGN (0x4)
                0x0000000008004a74                PROVIDE (__init_array_start = .)
 *(SORT_BY_NAME(.init_array.*))
 *(.init_array*)
 .init_array    0x0000000008004a74        0x4 /opt/st/stm32cubeide_1.9.0/plugins/com.st.stm32cube.ide.mcu.externaltools.gnu-tools-for-stm32.10.3-2021.10.linux64_1.0.0.202111181127/tools/bin/../lib/gcc/arm-none-eabi/10.3.1/thumb/v7e-m+fp/hard/crtbegin.o
                0x0000000008004a78                PROVIDE (__init_array_end = .)
                0x0000000008004a78                . = ALIGN (0x4)

.fini_array     0x0000000008004a78        0x4
                0x0000000008004a78                . = ALIGN (0x4)
                [!provide]                        PROVIDE (__fini_array_start = .)
 *(SORT_BY_NAME(.fini_array.*))
 *(.fini_array*)
 .fini_array    0x0000000008004a78        0x4 /opt/st/stm32cubeide_1.9.0/plugins/com.st.stm32cube.ide.mcu.externaltools.gnu-tools-for-stm32.10.3-2021.10.linux64_1.0.0.202111181127/tools/bin/../lib/gcc/arm-none-eabi/10.3.1/thumb/v7e-m+fp/hard/crtbegin.o
                [!provide]                        PROVIDE (__fini_array_end = .)
                0x0000000008004a7c                . = ALIGN (0x4)
                0x0000000008004a7c                _sidata = LOADADDR (.data)

.data           0x0000000020000000       0x74 load address 0x0000000008004a7c
                0x0000000020000000                . = ALIGN (0x4)
                0x0000000020000000                _sdata = .
 *(.data)
 *(.data*)
 .data.image_state
                0x0000000020000000        0x4 ./Core/Src/lepton.o
                0x0000000020000000                image_state
 .data.SystemCoreClock
                0x0000000020000004        0x4 ./Core/Src/system_stm32f4xx.o
                0x0000000020000004                SystemCoreClock
 .data.uwTickPrio
                0x0000000020000008        0x4 ./Drivers/STM32F4xx_HAL_Driver/Src/stm32f4xx_hal.o
                0x0000000020000008                uwTickPrio
 .data.uwTickFreq
                0x000000002000000c        0x1 ./Drivers/STM32F4xx_HAL_Driver/Src/stm32f4xx_hal.o
                0x000000002000000c                uwTickFreq
 *fill*         0x000000002000000d        0x3 
 .data._impure_ptr
                0x0000000020000010        0x4 /opt/st/stm32cubeide_1.9.0/plugins/com.st.stm32cube.ide.mcu.externaltools.gnu-tools-for-stm32.10.3-2021.10.linux64_1.0.0.202111181127/tools/bin/../lib/gcc/arm-none-eabi/10.3.1/../../../../arm-none-eabi/lib/thumb/v7e-m+fp/hard/libc_nano.a(lib_a-impure.o)
                0x0000000020000010                _impure_ptr
 .data.impure_data
                0x0000000020000014       0x60 /opt/st/stm32cubeide_1.9.0/plugins/com.st.stm32cube.ide.mcu.externaltools.gnu-tools-for-stm32.10.3-2021.10.linux64_1.0.0.202111181127/tools/bin/../lib/gcc/arm-none-eabi/10.3.1/../../../../arm-none-eabi/lib/thumb/v7e-m+fp/hard/libc_nano.a(lib_a-impure.o)
 *(.RamFunc)
 *(.RamFunc*)
                0x0000000020000074                . = ALIGN (0x4)
                0x0000000020000074                _edata = .

.igot.plt       0x0000000020000074        0x0 load address 0x0000000008004af0
 .igot.plt      0x0000000020000074        0x0 /opt/st/stm32cubeide_1.9.0/plugins/com.st.stm32cube.ide.mcu.externaltools.gnu-tools-for-stm32.10.3-2021.10.linux64_1.0.0.202111181127/tools/bin/../lib/gcc/arm-none-eabi/10.3.1/thumb/v7e-m+fp/hard/crtbegin.o
                0x0000000020000074                . = ALIGN (0x4)

.bss            0x0000000020000074     0x6600 load address 0x0000000008004af0
                0x0000000020000074                _sbss = .
                0x0000000020000074                __bss_start__ = _sbss
 *(.bss)
 .bss           0x0000000020000074       0x1c /opt/st/stm32cubeide_1.9.0/plugins/com.st.stm32cube.ide.mcu.externaltools.gnu-tools-for-stm32.10.3-2021.10.linux64_1.0.0.202111181127/tools/bin/../lib/gcc/arm-none-eabi/10.3.1/thumb/v7e-m+fp/hard/crtbegin.o
 *(.bss*)
 .bss.lepton_frame_packet
                0x0000000020000090       0xa4 ./Core/Src/lepton.o
                0x0000000020000090                lepton_frame_packet
 .bss.lepton_image
                0x0000000020000134     0x6400 ./Core/Src/lepton.o
                0x0000000020000134                lepton_image
 .bss.print_image_binary_i
                0x0000000020006534        0x4 ./Core/Src/lepton.o
                0x0000000020006534                print_image_binary_i
 .bss.print_image_binary_j
                0x0000000020006538        0x4 ./Core/Src/lepton.o
                0x0000000020006538                print_image_binary_j
 .bss.lost_frame_counter
                0x000000002000653c        0x4 ./Core/Src/lepton.o
                0x000000002000653c                lost_frame_counter
 .bss.last_frame_number
                0x0000000020006540        0x4 ./Core/Src/lepton.o
                0x0000000020006540                last_frame_number
 .bss.frame_complete
                0x0000000020006544        0x4 ./Core/Src/lepton.o
                0x0000000020006544                frame_complete
 .bss.last_crc  0x0000000020006548        0x4 ./Core/Src/lepton.o
                0x0000000020006548                last_crc
 .bss.new_frame
                0x000000002000654c        0x4 ./Core/Src/lepton.o
                0x000000002000654c                new_frame
 .bss.frame_counter
                0x0000000020006550        0x4 ./Core/Src/lepton.o
                0x0000000020006550                frame_counter
 .bss.frame_number
                0x0000000020006554        0x4 ./Core/Src/lepton.o
                0x0000000020006554                frame_number
 .bss.dev       0x0000000020006558       0x14 ./Core/Src/lepton.o
 .bss.hi2c1     0x000000002000656c       0x54 ./Core/Src/main.o
                0x000000002000656c                hi2c1
 .bss.hspi1     0x00000000200065c0       0x58 ./Core/Src/main.o
                0x00000000200065c0                hspi1
 .bss.huart2    0x0000000020006618       0x44 ./Core/Src/main.o
                0x0000000020006618                huart2
 .bss.__sbrk_heap_end
                0x000000002000665c        0x4 ./Core/Src/sysmem.o
 .bss.uwTick    0x0000000020006660        0x4 ./Drivers/STM32F4xx_HAL_Driver/Src/stm32f4xx_hal.o
                0x0000000020006660                uwTick
 .bss.__malloc_free_list
                0x0000000020006664        0x4 /opt/st/stm32cubeide_1.9.0/plugins/com.st.stm32cube.ide.mcu.externaltools.gnu-tools-for-stm32.10.3-2021.10.linux64_1.0.0.202111181127/tools/bin/../lib/gcc/arm-none-eabi/10.3.1/../../../../arm-none-eabi/lib/thumb/v7e-m+fp/hard/libc_nano.a(lib_a-nano-mallocr.o)
                0x0000000020006664                __malloc_free_list
 .bss.__malloc_sbrk_start
                0x0000000020006668        0x4 /opt/st/stm32cubeide_1.9.0/plugins/com.st.stm32cube.ide.mcu.externaltools.gnu-tools-for-stm32.10.3-2021.10.linux64_1.0.0.202111181127/tools/bin/../lib/gcc/arm-none-eabi/10.3.1/../../../../arm-none-eabi/lib/thumb/v7e-m+fp/hard/libc_nano.a(lib_a-nano-mallocr.o)
                0x0000000020006668                __malloc_sbrk_start
 .bss.errno     0x000000002000666c        0x4 /opt/st/stm32cubeide_1.9.0/plugins/com.st.stm32cube.ide.mcu.externaltools.gnu-tools-for-stm32.10.3-2021.10.linux64_1.0.0.202111181127/tools/bin/../lib/gcc/arm-none-eabi/10.3.1/../../../../arm-none-eabi/lib/thumb/v7e-m+fp/hard/libc_nano.a(lib_a-reent.o)
                0x000000002000666c                errno
 .bss.__lock___malloc_recursive_mutex
                0x0000000020006670        0x1 /opt/st/stm32cubeide_1.9.0/plugins/com.st.stm32cube.ide.mcu.externaltools.gnu-tools-for-stm32.10.3-2021.10.linux64_1.0.0.202111181127/tools/bin/../lib/gcc/arm-none-eabi/10.3.1/../../../../arm-none-eabi/lib/thumb/v7e-m+fp/hard/libc_nano.a(lib_a-lock.o)
                0x0000000020006670                __lock___malloc_recursive_mutex
 *(COMMON)
                0x0000000020006674                . = ALIGN (0x4)
 *fill*         0x0000000020006671        0x3 
                0x0000000020006674                _ebss = .
                0x0000000020006674                __bss_end__ = _ebss

._user_heap_stack
                0x0000000020006674      0x604 load address 0x0000000008004af0
                0x0000000020006678                . = ALIGN (0x8)
 *fill*         0x0000000020006674        0x4 
                [!provide]                        PROVIDE (end = .)
                0x0000000020006678                PROVIDE (_end = .)
                0x0000000020006878                . = (. + _Min_Heap_Size)
 *fill*         0x0000000020006678      0x200 
                0x0000000020006c78                . = (. + _Min_Stack_Size)
 *fill*         0x0000000020006878      0x400 
                0x0000000020006c78                . = ALIGN (0x8)

/DISCARD/
 libc.a(*)
 libm.a(*)
 libgcc.a(*)

.ARM.attributes
                0x0000000000000000       0x30
 *(.ARM.attributes)
 .ARM.attributes
                0x0000000000000000       0x1e /opt/st/stm32cubeide_1.9.0/plugins/com.st.stm32cube.ide.mcu.externaltools.gnu-tools-for-stm32.10.3-2021.10.linux64_1.0.0.202111181127/tools/bin/../lib/gcc/arm-none-eabi/10.3.1/thumb/v7e-m+fp/hard/crti.o
 .ARM.attributes
                0x000000000000001e       0x34 /opt/st/stm32cubeide_1.9.0/plugins/com.st.stm32cube.ide.mcu.externaltools.gnu-tools-for-stm32.10.3-2021.10.linux64_1.0.0.202111181127/tools/bin/../lib/gcc/arm-none-eabi/10.3.1/thumb/v7e-m+fp/hard/crtbegin.o
 .ARM.attributes
                0x0000000000000052       0x34 ./Core/Src/lepton.o
 .ARM.attributes
                0x0000000000000086       0x34 ./Core/Src/main.o
 .ARM.attributes
                0x00000000000000ba       0x34 ./Core/Src/stm32f4xx_hal_msp.o
 .ARM.attributes
                0x00000000000000ee       0x34 ./Core/Src/stm32f4xx_it.o
 .ARM.attributes
                0x0000000000000122       0x34 ./Core/Src/sysmem.o
 .ARM.attributes
                0x0000000000000156       0x34 ./Core/Src/system_stm32f4xx.o
 .ARM.attributes
                0x000000000000018a       0x21 ./Core/Startup/startup_stm32f446retx.o
 .ARM.attributes
                0x00000000000001ab       0x34 ./Drivers/STM32F4xx_HAL_Driver/Src/stm32f4xx_hal.o
 .ARM.attributes
                0x00000000000001df       0x34 ./Drivers/STM32F4xx_HAL_Driver/Src/stm32f4xx_hal_cortex.o
 .ARM.attributes
                0x0000000000000213       0x34 ./Drivers/STM32F4xx_HAL_Driver/Src/stm32f4xx_hal_dma.o
 .ARM.attributes
                0x0000000000000247       0x34 ./Drivers/STM32F4xx_HAL_Driver/Src/stm32f4xx_hal_gpio.o
 .ARM.attributes
                0x000000000000027b       0x34 ./Drivers/STM32F4xx_HAL_Driver/Src/stm32f4xx_hal_i2c.o
 .ARM.attributes
                0x00000000000002af       0x34 ./Drivers/STM32F4xx_HAL_Driver/Src/stm32f4xx_hal_rcc.o
 .ARM.attributes
                0x00000000000002e3       0x34 ./Drivers/STM32F4xx_HAL_Driver/Src/stm32f4xx_hal_rcc_ex.o
 .ARM.attributes
                0x0000000000000317       0x34 ./Drivers/STM32F4xx_HAL_Driver/Src/stm32f4xx_hal_spi.o
 .ARM.attributes
                0x000000000000034b       0x34 ./Drivers/STM32F4xx_HAL_Driver/Src/stm32f4xx_hal_uart.o
 .ARM.attributes
                0x000000000000037f       0x34 /opt/st/stm32cubeide_1.9.0/plugins/com.st.stm32cube.ide.mcu.externaltools.gnu-tools-for-stm32.10.3-2021.10.linux64_1.0.0.202111181127/tools/bin/../lib/gcc/arm-none-eabi/10.3.1/../../../../arm-none-eabi/lib/thumb/v7e-m+fp/hard/libc_nano.a(lib_a-errno.o)
 .ARM.attributes
                0x00000000000003b3       0x34 /opt/st/stm32cubeide_1.9.0/plugins/com.st.stm32cube.ide.mcu.externaltools.gnu-tools-for-stm32.10.3-2021.10.linux64_1.0.0.202111181127/tools/bin/../lib/gcc/arm-none-eabi/10.3.1/../../../../arm-none-eabi/lib/thumb/v7e-m+fp/hard/libc_nano.a(lib_a-impure.o)
 .ARM.attributes
                0x00000000000003e7       0x34 /opt/st/stm32cubeide_1.9.0/plugins/com.st.stm32cube.ide.mcu.externaltools.gnu-tools-for-stm32.10.3-2021.10.linux64_1.0.0.202111181127/tools/bin/../lib/gcc/arm-none-eabi/10.3.1/../../../../arm-none-eabi/lib/thumb/v7e-m+fp/hard/libc_nano.a(lib_a-init.o)
 .ARM.attributes
                0x000000000000041b       0x34 /opt/st/stm32cubeide_1.9.0/plugins/com.st.stm32cube.ide.mcu.externaltools.gnu-tools-for-stm32.10.3-2021.10.linux64_1.0.0.202111181127/tools/bin/../lib/gcc/arm-none-eabi/10.3.1/../../../../arm-none-eabi/lib/thumb/v7e-m+fp/hard/libc_nano.a(lib_a-malloc.o)
 .ARM.attributes
                0x000000000000044f       0x34 /opt/st/stm32cubeide_1.9.0/plugins/com.st.stm32cube.ide.mcu.externaltools.gnu-tools-for-stm32.10.3-2021.10.linux64_1.0.0.202111181127/tools/bin/../lib/gcc/arm-none-eabi/10.3.1/../../../../arm-none-eabi/lib/thumb/v7e-m+fp/hard/libc_nano.a(lib_a-memset.o)
 .ARM.attributes
                0x0000000000000483       0x34 /opt/st/stm32cubeide_1.9.0/plugins/com.st.stm32cube.ide.mcu.externaltools.gnu-tools-for-stm32.10.3-2021.10.linux64_1.0.0.202111181127/tools/bin/../lib/gcc/arm-none-eabi/10.3.1/../../../../arm-none-eabi/lib/thumb/v7e-m+fp/hard/libc_nano.a(lib_a-nano-freer.o)
 .ARM.attributes
                0x00000000000004b7       0x34 /opt/st/stm32cubeide_1.9.0/plugins/com.st.stm32cube.ide.mcu.externaltools.gnu-tools-for-stm32.10.3-2021.10.linux64_1.0.0.202111181127/tools/bin/../lib/gcc/arm-none-eabi/10.3.1/../../../../arm-none-eabi/lib/thumb/v7e-m+fp/hard/libc_nano.a(lib_a-nano-mallocr.o)
 .ARM.attributes
                0x00000000000004eb       0x34 /opt/st/stm32cubeide_1.9.0/plugins/com.st.stm32cube.ide.mcu.externaltools.gnu-tools-for-stm32.10.3-2021.10.linux64_1.0.0.202111181127/tools/bin/../lib/gcc/arm-none-eabi/10.3.1/../../../../arm-none-eabi/lib/thumb/v7e-m+fp/hard/libc_nano.a(lib_a-sbrkr.o)
 .ARM.attributes
                0x000000000000051f       0x34 /opt/st/stm32cubeide_1.9.0/plugins/com.st.stm32cube.ide.mcu.externaltools.gnu-tools-for-stm32.10.3-2021.10.linux64_1.0.0.202111181127/tools/bin/../lib/gcc/arm-none-eabi/10.3.1/../../../../arm-none-eabi/lib/thumb/v7e-m+fp/hard/libc_nano.a(lib_a-mlock.o)
 .ARM.attributes
                0x0000000000000553       0x34 /opt/st/stm32cubeide_1.9.0/plugins/com.st.stm32cube.ide.mcu.externaltools.gnu-tools-for-stm32.10.3-2021.10.linux64_1.0.0.202111181127/tools/bin/../lib/gcc/arm-none-eabi/10.3.1/../../../../arm-none-eabi/lib/thumb/v7e-m+fp/hard/libc_nano.a(lib_a-reent.o)
 .ARM.attributes
                0x0000000000000587       0x34 /opt/st/stm32cubeide_1.9.0/plugins/com.st.stm32cube.ide.mcu.externaltools.gnu-tools-for-stm32.10.3-2021.10.linux64_1.0.0.202111181127/tools/bin/../lib/gcc/arm-none-eabi/10.3.1/../../../../arm-none-eabi/lib/thumb/v7e-m+fp/hard/libc_nano.a(lib_a-lock.o)
 .ARM.attributes
                0x00000000000005bb       0x1e /opt/st/stm32cubeide_1.9.0/plugins/com.st.stm32cube.ide.mcu.externaltools.gnu-tools-for-stm32.10.3-2021.10.linux64_1.0.0.202111181127/tools/bin/../lib/gcc/arm-none-eabi/10.3.1/thumb/v7e-m+fp/hard/libgcc.a(_aeabi_uldivmod.o)
 .ARM.attributes
                0x00000000000005d9       0x34 /opt/st/stm32cubeide_1.9.0/plugins/com.st.stm32cube.ide.mcu.externaltools.gnu-tools-for-stm32.10.3-2021.10.linux64_1.0.0.202111181127/tools/bin/../lib/gcc/arm-none-eabi/10.3.1/thumb/v7e-m+fp/hard/libgcc.a(_udivmoddi4.o)
 .ARM.attributes
                0x000000000000060d       0x1e /opt/st/stm32cubeide_1.9.0/plugins/com.st.stm32cube.ide.mcu.externaltools.gnu-tools-for-stm32.10.3-2021.10.linux64_1.0.0.202111181127/tools/bin/../lib/gcc/arm-none-eabi/10.3.1/thumb/v7e-m+fp/hard/libgcc.a(_dvmd_tls.o)
 .ARM.attributes
                0x000000000000062b       0x1e /opt/st/stm32cubeide_1.9.0/plugins/com.st.stm32cube.ide.mcu.externaltools.gnu-tools-for-stm32.10.3-2021.10.linux64_1.0.0.202111181127/tools/bin/../lib/gcc/arm-none-eabi/10.3.1/thumb/v7e-m+fp/hard/crtn.o
OUTPUT(F446RE_FLIR_LEPTON.elf elf32-littlearm)
LOAD linker stubs
LOAD /opt/st/stm32cubeide_1.9.0/plugins/com.st.stm32cube.ide.mcu.externaltools.gnu-tools-for-stm32.10.3-2021.10.linux64_1.0.0.202111181127/tools/bin/../lib/gcc/arm-none-eabi/10.3.1/../../../../arm-none-eabi/lib/thumb/v7e-m+fp/hard/libc.a
LOAD /opt/st/stm32cubeide_1.9.0/plugins/com.st.stm32cube.ide.mcu.externaltools.gnu-tools-for-stm32.10.3-2021.10.linux64_1.0.0.202111181127/tools/bin/../lib/gcc/arm-none-eabi/10.3.1/../../../../arm-none-eabi/lib/thumb/v7e-m+fp/hard/libm.a
LOAD /opt/st/stm32cubeide_1.9.0/plugins/com.st.stm32cube.ide.mcu.externaltools.gnu-tools-for-stm32.10.3-2021.10.linux64_1.0.0.202111181127/tools/bin/../lib/gcc/arm-none-eabi/10.3.1/thumb/v7e-m+fp/hard/libgcc.a

.debug_info     0x0000000000000000     0xf43a
 .debug_info    0x0000000000000000     0x1265 ./Core/Src/lepton.o
 .debug_info    0x0000000000001265     0x158a ./Core/Src/main.o
 .debug_info    0x00000000000027ef     0x12af ./Core/Src/stm32f4xx_hal_msp.o
 .debug_info    0x0000000000003a9e      0x6d4 ./Core/Src/stm32f4xx_it.o
 .debug_info    0x0000000000004172      0x171 ./Core/Src/sysmem.o
 .debug_info    0x00000000000042e3      0x55b ./Core/Src/system_stm32f4xx.o
 .debug_info    0x000000000000483e       0x22 ./Core/Startup/startup_stm32f446retx.o
 .debug_info    0x0000000000004860      0x9d2 ./Drivers/STM32F4xx_HAL_Driver/Src/stm32f4xx_hal.o
 .debug_info    0x0000000000005232      0xe39 ./Drivers/STM32F4xx_HAL_Driver/Src/stm32f4xx_hal_cortex.o
 .debug_info    0x000000000000606b      0x94f ./Drivers/STM32F4xx_HAL_Driver/Src/stm32f4xx_hal_dma.o
 .debug_info    0x00000000000069ba      0x7be ./Drivers/STM32F4xx_HAL_Driver/Src/stm32f4xx_hal_gpio.o
 .debug_info    0x0000000000007178     0x2617 ./Drivers/STM32F4xx_HAL_Driver/Src/stm32f4xx_hal_i2c.o
 .debug_info    0x000000000000978f      0x9ab ./Drivers/STM32F4xx_HAL_Driver/Src/stm32f4xx_hal_rcc.o
 .debug_info    0x000000000000a13a      0x9ec ./Drivers/STM32F4xx_HAL_Driver/Src/stm32f4xx_hal_rcc_ex.o
 .debug_info    0x000000000000ab26     0x1758 ./Drivers/STM32F4xx_HAL_Driver/Src/stm32f4xx_hal_spi.o
 .debug_info    0x000000000000c27e     0x31bc ./Drivers/STM32F4xx_HAL_Driver/Src/stm32f4xx_hal_uart.o

.debug_abbrev   0x0000000000000000     0x209f
 .debug_abbrev  0x0000000000000000      0x2b0 ./Core/Src/lepton.o
 .debug_abbrev  0x00000000000002b0      0x2c1 ./Core/Src/main.o
 .debug_abbrev  0x0000000000000571      0x1e6 ./Core/Src/stm32f4xx_hal_msp.o
 .debug_abbrev  0x0000000000000757      0x185 ./Core/Src/stm32f4xx_it.o
 .debug_abbrev  0x00000000000008dc       0xbb ./Core/Src/sysmem.o
 .debug_abbrev  0x0000000000000997      0x116 ./Core/Src/system_stm32f4xx.o
 .debug_abbrev  0x0000000000000aad       0x12 ./Core/Startup/startup_stm32f446retx.o
 .debug_abbrev  0x0000000000000abf      0x20d ./Drivers/STM32F4xx_HAL_Driver/Src/stm32f4xx_hal.o
 .debug_abbrev  0x0000000000000ccc      0x316 ./Drivers/STM32F4xx_HAL_Driver/Src/stm32f4xx_hal_cortex.o
 .debug_abbrev  0x0000000000000fe2      0x25b ./Drivers/STM32F4xx_HAL_Driver/Src/stm32f4xx_hal_dma.o
 .debug_abbrev  0x000000000000123d      0x1c4 ./Drivers/STM32F4xx_HAL_Driver/Src/stm32f4xx_hal_gpio.o
 .debug_abbrev  0x0000000000001401      0x297 ./Drivers/STM32F4xx_HAL_Driver/Src/stm32f4xx_hal_i2c.o
 .debug_abbrev  0x0000000000001698      0x2aa ./Drivers/STM32F4xx_HAL_Driver/Src/stm32f4xx_hal_rcc.o
 .debug_abbrev  0x0000000000001942      0x1fb ./Drivers/STM32F4xx_HAL_Driver/Src/stm32f4xx_hal_rcc_ex.o
 .debug_abbrev  0x0000000000001b3d      0x26e ./Drivers/STM32F4xx_HAL_Driver/Src/stm32f4xx_hal_spi.o
 .debug_abbrev  0x0000000000001dab      0x2f4 ./Drivers/STM32F4xx_HAL_Driver/Src/stm32f4xx_hal_uart.o

.debug_aranges  0x0000000000000000      0xc70
 .debug_aranges
                0x0000000000000000       0x80 ./Core/Src/lepton.o
 .debug_aranges
                0x0000000000000080       0x60 ./Core/Src/main.o
 .debug_aranges
                0x00000000000000e0       0x50 ./Core/Src/stm32f4xx_hal_msp.o
 .debug_aranges
                0x0000000000000130       0x70 ./Core/Src/stm32f4xx_it.o
 .debug_aranges
                0x00000000000001a0       0x20 ./Core/Src/sysmem.o
 .debug_aranges
                0x00000000000001c0       0x28 ./Core/Src/system_stm32f4xx.o
 .debug_aranges
                0x00000000000001e8       0x28 ./Core/Startup/startup_stm32f446retx.o
 .debug_aranges
                0x0000000000000210       0xf0 ./Drivers/STM32F4xx_HAL_Driver/Src/stm32f4xx_hal.o
 .debug_aranges
                0x0000000000000300      0x118 ./Drivers/STM32F4xx_HAL_Driver/Src/stm32f4xx_hal_cortex.o
 .debug_aranges
                0x0000000000000418       0x90 ./Drivers/STM32F4xx_HAL_Driver/Src/stm32f4xx_hal_dma.o
 .debug_aranges
                0x00000000000004a8       0x58 ./Drivers/STM32F4xx_HAL_Driver/Src/stm32f4xx_hal_gpio.o
 .debug_aranges
                0x0000000000000500      0x2a0 ./Drivers/STM32F4xx_HAL_Driver/Src/stm32f4xx_hal_i2c.o
 .debug_aranges
                0x00000000000007a0       0x88 ./Drivers/STM32F4xx_HAL_Driver/Src/stm32f4xx_hal_rcc.o
 .debug_aranges
                0x0000000000000828       0x78 ./Drivers/STM32F4xx_HAL_Driver/Src/stm32f4xx_hal_rcc_ex.o
 .debug_aranges
                0x00000000000008a0      0x1d0 ./Drivers/STM32F4xx_HAL_Driver/Src/stm32f4xx_hal_spi.o
 .debug_aranges
                0x0000000000000a70      0x200 ./Drivers/STM32F4xx_HAL_Driver/Src/stm32f4xx_hal_uart.o

.debug_ranges   0x0000000000000000      0xbc0
 .debug_ranges  0x0000000000000000       0x70 ./Core/Src/lepton.o
 .debug_ranges  0x0000000000000070       0x50 ./Core/Src/main.o
 .debug_ranges  0x00000000000000c0       0x40 ./Core/Src/stm32f4xx_hal_msp.o
 .debug_ranges  0x0000000000000100       0x60 ./Core/Src/stm32f4xx_it.o
 .debug_ranges  0x0000000000000160       0x10 ./Core/Src/sysmem.o
 .debug_ranges  0x0000000000000170       0x18 ./Core/Src/system_stm32f4xx.o
 .debug_ranges  0x0000000000000188       0x20 ./Core/Startup/startup_stm32f446retx.o
 .debug_ranges  0x00000000000001a8       0xe0 ./Drivers/STM32F4xx_HAL_Driver/Src/stm32f4xx_hal.o
 .debug_ranges  0x0000000000000288      0x108 ./Drivers/STM32F4xx_HAL_Driver/Src/stm32f4xx_hal_cortex.o
 .debug_ranges  0x0000000000000390       0x80 ./Drivers/STM32F4xx_HAL_Driver/Src/stm32f4xx_hal_dma.o
 .debug_ranges  0x0000000000000410       0x48 ./Drivers/STM32F4xx_HAL_Driver/Src/stm32f4xx_hal_gpio.o
 .debug_ranges  0x0000000000000458      0x2a8 ./Drivers/STM32F4xx_HAL_Driver/Src/stm32f4xx_hal_i2c.o
 .debug_ranges  0x0000000000000700       0x78 ./Drivers/STM32F4xx_HAL_Driver/Src/stm32f4xx_hal_rcc.o
 .debug_ranges  0x0000000000000778       0x68 ./Drivers/STM32F4xx_HAL_Driver/Src/stm32f4xx_hal_rcc_ex.o
 .debug_ranges  0x00000000000007e0      0x1c0 ./Drivers/STM32F4xx_HAL_Driver/Src/stm32f4xx_hal_spi.o
 .debug_ranges  0x00000000000009a0      0x220 ./Drivers/STM32F4xx_HAL_Driver/Src/stm32f4xx_hal_uart.o

.debug_macro    0x0000000000000000    0x21fe3
 .debug_macro   0x0000000000000000      0x3b8 ./Core/Src/lepton.o
 .debug_macro   0x00000000000003b8      0xa78 ./Core/Src/lepton.o
 .debug_macro   0x0000000000000e30      0x2a1 ./Core/Src/lepton.o
 .debug_macro   0x00000000000010d1       0x2e ./Core/Src/lepton.o
 .debug_macro   0x00000000000010ff       0x28 ./Core/Src/lepton.o
 .debug_macro   0x0000000000001127       0x22 ./Core/Src/lepton.o
 .debug_macro   0x0000000000001149       0x8e ./Core/Src/lepton.o
 .debug_macro   0x00000000000011d7       0x51 ./Core/Src/lepton.o
 .debug_macro   0x0000000000001228      0x103 ./Core/Src/lepton.o
 .debug_macro   0x000000000000132b       0x6a ./Core/Src/lepton.o
 .debug_macro   0x0000000000001395      0x1df ./Core/Src/lepton.o
 .debug_macro   0x0000000000001574       0x1c ./Core/Src/lepton.o
 .debug_macro   0x0000000000001590       0x22 ./Core/Src/lepton.o
 .debug_macro   0x00000000000015b2       0xd9 ./Core/Src/lepton.o
 .debug_macro   0x000000000000168b     0x102d ./Core/Src/lepton.o
 .debug_macro   0x00000000000026b8      0x11f ./Core/Src/lepton.o
 .debug_macro   0x00000000000027d7    0x16749 ./Core/Src/lepton.o
 .debug_macro   0x0000000000018f20       0x6d ./Core/Src/lepton.o
 .debug_macro   0x0000000000018f8d     0x367e ./Core/Src/lepton.o
 .debug_macro   0x000000000001c60b      0x174 ./Core/Src/lepton.o
 .debug_macro   0x000000000001c77f       0x5c ./Core/Src/lepton.o
 .debug_macro   0x000000000001c7db      0xc90 ./Core/Src/lepton.o
 .debug_macro   0x000000000001d46b      0x9fe ./Core/Src/lepton.o
 .debug_macro   0x000000000001de69      0x115 ./Core/Src/lepton.o
 .debug_macro   0x000000000001df7e      0x1a0 ./Core/Src/lepton.o
 .debug_macro   0x000000000001e11e       0xa5 ./Core/Src/lepton.o
 .debug_macro   0x000000000001e1c3      0x16d ./Core/Src/lepton.o
 .debug_macro   0x000000000001e330      0x287 ./Core/Src/lepton.o
 .debug_macro   0x000000000001e5b7       0x5f ./Core/Src/lepton.o
 .debug_macro   0x000000000001e616      0x236 ./Core/Src/lepton.o
 .debug_macro   0x000000000001e84c      0x132 ./Core/Src/lepton.o
 .debug_macro   0x000000000001e97e      0x29c ./Core/Src/lepton.o
 .debug_macro   0x000000000001ec1a       0x2e ./Core/Src/lepton.o
 .debug_macro   0x000000000001ec48      0x1b5 ./Core/Src/lepton.o
 .debug_macro   0x000000000001edfd       0x22 ./Core/Src/lepton.o
 .debug_macro   0x000000000001ee1f       0xd6 ./Core/Src/lepton.o
 .debug_macro   0x000000000001eef5      0x11a ./Core/Src/lepton.o
 .debug_macro   0x000000000001f00f       0xe8 ./Core/Src/lepton.o
 .debug_macro   0x000000000001f0f7       0x89 ./Core/Src/lepton.o
 .debug_macro   0x000000000001f180      0x225 ./Core/Src/lepton.o
 .debug_macro   0x000000000001f3a5      0x295 ./Core/Src/lepton.o
 .debug_macro   0x000000000001f63a      0x126 ./Core/Src/lepton.o
 .debug_macro   0x000000000001f760       0x22 ./Core/Src/lepton.o
 .debug_macro   0x000000000001f782       0x10 ./Core/Src/lepton.o
 .debug_macro   0x000000000001f792       0x52 ./Core/Src/lepton.o
 .debug_macro   0x000000000001f7e4       0x1e ./Core/Src/lepton.o
 .debug_macro   0x000000000001f802       0x3c ./Core/Src/lepton.o
 .debug_macro   0x000000000001f83e       0x34 ./Core/Src/lepton.o
 .debug_macro   0x000000000001f872       0x16 ./Core/Src/lepton.o
 .debug_macro   0x000000000001f888       0x43 ./Core/Src/lepton.o
 .debug_macro   0x000000000001f8cb       0x34 ./Core/Src/lepton.o
 .debug_macro   0x000000000001f8ff       0x10 ./Core/Src/lepton.o
 .debug_macro   0x000000000001f90f       0x58 ./Core/Src/lepton.o
 .debug_macro   0x000000000001f967       0x71 ./Core/Src/lepton.o
 .debug_macro   0x000000000001f9d8       0x1c ./Core/Src/lepton.o
 .debug_macro   0x000000000001f9f4      0x12a ./Core/Src/lepton.o
 .debug_macro   0x000000000001fb1e      0x341 ./Core/Src/lepton.o
 .debug_macro   0x000000000001fe5f       0x10 ./Core/Src/lepton.o
 .debug_macro   0x000000000001fe6f       0x35 ./Core/Src/lepton.o
 .debug_macro   0x000000000001fea4       0x20 ./Core/Src/lepton.o
 .debug_macro   0x000000000001fec4       0x1c ./Core/Src/lepton.o
 .debug_macro   0x000000000001fee0       0x10 ./Core/Src/lepton.o
 .debug_macro   0x000000000001fef0       0x10 ./Core/Src/lepton.o
 .debug_macro   0x000000000001ff00       0x1c ./Core/Src/lepton.o
 .debug_macro   0x000000000001ff1c       0x52 ./Core/Src/lepton.o
 .debug_macro   0x000000000001ff6e       0x22 ./Core/Src/lepton.o
 .debug_macro   0x000000000001ff90       0x10 ./Core/Src/lepton.o
 .debug_macro   0x000000000001ffa0       0x52 ./Core/Src/lepton.o
 .debug_macro   0x000000000001fff2       0xd5 ./Core/Src/lepton.o
 .debug_macro   0x00000000000200c7       0x1c ./Core/Src/lepton.o
 .debug_macro   0x00000000000200e3       0x3d ./Core/Src/lepton.o
 .debug_macro   0x0000000000020120       0x16 ./Core/Src/lepton.o
 .debug_macro   0x0000000000020136      0x145 ./Core/Src/lepton.o
 .debug_macro   0x000000000002027b       0x16 ./Core/Src/lepton.o
 .debug_macro   0x0000000000020291       0x16 ./Core/Src/lepton.o
 .debug_macro   0x00000000000202a7       0x29 ./Core/Src/lepton.o
 .debug_macro   0x00000000000202d0      0x204 ./Core/Src/main.o
 .debug_macro   0x00000000000204d4       0x6a ./Core/Src/main.o
 .debug_macro   0x000000000002053e      0x1ec ./Core/Src/stm32f4xx_hal_msp.o
 .debug_macro   0x000000000002072a      0x1f6 ./Core/Src/stm32f4xx_it.o
 .debug_macro   0x0000000000020920       0xff ./Core/Src/sysmem.o
 .debug_macro   0x0000000000020a1f      0x23b ./Core/Src/sysmem.o
 .debug_macro   0x0000000000020c5a      0x1dd ./Core/Src/system_stm32f4xx.o
 .debug_macro   0x0000000000020e37      0x23d ./Drivers/STM32F4xx_HAL_Driver/Src/stm32f4xx_hal.o
 .debug_macro   0x0000000000021074      0x1dd ./Drivers/STM32F4xx_HAL_Driver/Src/stm32f4xx_hal_cortex.o
 .debug_macro   0x0000000000021251      0x1e3 ./Drivers/STM32F4xx_HAL_Driver/Src/stm32f4xx_hal_dma.o
 .debug_macro   0x0000000000021434      0x1e3 ./Drivers/STM32F4xx_HAL_Driver/Src/stm32f4xx_hal_gpio.o
 .debug_macro   0x0000000000021617      0x224 ./Drivers/STM32F4xx_HAL_Driver/Src/stm32f4xx_hal_i2c.o
 .debug_macro   0x000000000002183b      0x201 ./Drivers/STM32F4xx_HAL_Driver/Src/stm32f4xx_hal_rcc.o
 .debug_macro   0x0000000000021a3c      0x1dd ./Drivers/STM32F4xx_HAL_Driver/Src/stm32f4xx_hal_rcc_ex.o
 .debug_macro   0x0000000000021c19      0x1ec ./Drivers/STM32F4xx_HAL_Driver/Src/stm32f4xx_hal_spi.o
 .debug_macro   0x0000000000021e05      0x1de ./Drivers/STM32F4xx_HAL_Driver/Src/stm32f4xx_hal_uart.o

.debug_line     0x0000000000000000    0x1009b
 .debug_line    0x0000000000000000      0xc67 ./Core/Src/lepton.o
 .debug_line    0x0000000000000c67      0x880 ./Core/Src/main.o
 .debug_line    0x00000000000014e7      0x796 ./Core/Src/stm32f4xx_hal_msp.o
 .debug_line    0x0000000000001c7d      0x79e ./Core/Src/stm32f4xx_it.o
 .debug_line    0x000000000000241b      0x4b8 ./Core/Src/sysmem.o
 .debug_line    0x00000000000028d3      0x72c ./Core/Src/system_stm32f4xx.o
 .debug_line    0x0000000000002fff       0x88 ./Core/Startup/startup_stm32f446retx.o
 .debug_line    0x0000000000003087      0x992 ./Drivers/STM32F4xx_HAL_Driver/Src/stm32f4xx_hal.o
 .debug_line    0x0000000000003a19      0xc41 ./Drivers/STM32F4xx_HAL_Driver/Src/stm32f4xx_hal_cortex.o
 .debug_line    0x000000000000465a      0xef6 ./Drivers/STM32F4xx_HAL_Driver/Src/stm32f4xx_hal_dma.o
 .debug_line    0x0000000000005550      0xaf2 ./Drivers/STM32F4xx_HAL_Driver/Src/stm32f4xx_hal_gpio.o
 .debug_line    0x0000000000006042     0x3947 ./Drivers/STM32F4xx_HAL_Driver/Src/stm32f4xx_hal_i2c.o
 .debug_line    0x0000000000009989      0xd1a ./Drivers/STM32F4xx_HAL_Driver/Src/stm32f4xx_hal_rcc.o
 .debug_line    0x000000000000a6a3     0x13a5 ./Drivers/STM32F4xx_HAL_Driver/Src/stm32f4xx_hal_rcc_ex.o
 .debug_line    0x000000000000ba48     0x1c1c ./Drivers/STM32F4xx_HAL_Driver/Src/stm32f4xx_hal_spi.o
 .debug_line    0x000000000000d664     0x2a37 ./Drivers/STM32F4xx_HAL_Driver/Src/stm32f4xx_hal_uart.o

.debug_str      0x0000000000000000    0xccf3d
 .debug_str     0x0000000000000000    0xc9534 ./Core/Src/lepton.o
                                      0xc98ac (size before relaxing)
 .debug_str     0x00000000000c9534      0xa81 ./Core/Src/main.o
                                      0xc6275 (size before relaxing)
 .debug_str     0x00000000000c9fb5       0xcc ./Core/Src/stm32f4xx_hal_msp.o
                                      0xc5f96 (size before relaxing)
 .debug_str     0x00000000000ca081      0x11a ./Core/Src/stm32f4xx_it.o
                                      0xc54d9 (size before relaxing)
 .debug_str     0x00000000000ca19b      0x4da ./Core/Src/sysmem.o
                                       0x5db7 (size before relaxing)
 .debug_str     0x00000000000ca675       0xdb ./Core/Src/system_stm32f4xx.o
                                      0xc4fd4 (size before relaxing)
 .debug_str     0x00000000000ca750       0x36 ./Core/Startup/startup_stm32f446retx.o
                                         0x79 (size before relaxing)
 .debug_str     0x00000000000ca786      0x5e6 ./Drivers/STM32F4xx_HAL_Driver/Src/stm32f4xx_hal.o
                                      0xc5b99 (size before relaxing)
 .debug_str     0x00000000000cad6c      0x32d ./Drivers/STM32F4xx_HAL_Driver/Src/stm32f4xx_hal_cortex.o
                                      0xc58a7 (size before relaxing)
 .debug_str     0x00000000000cb099      0x31a ./Drivers/STM32F4xx_HAL_Driver/Src/stm32f4xx_hal_dma.o
                                      0xc53c9 (size before relaxing)
 .debug_str     0x00000000000cb3b3       0xe8 ./Drivers/STM32F4xx_HAL_Driver/Src/stm32f4xx_hal_gpio.o
                                      0xc514f (size before relaxing)
 .debug_str     0x00000000000cb49b      0xa74 ./Drivers/STM32F4xx_HAL_Driver/Src/stm32f4xx_hal_i2c.o
                                      0xc5f7f (size before relaxing)
 .debug_str     0x00000000000cbf0f      0x213 ./Drivers/STM32F4xx_HAL_Driver/Src/stm32f4xx_hal_rcc.o
                                      0xc540d (size before relaxing)
 .debug_str     0x00000000000cc122      0x324 ./Drivers/STM32F4xx_HAL_Driver/Src/stm32f4xx_hal_rcc_ex.o
                                      0xc5440 (size before relaxing)
 .debug_str     0x00000000000cc446      0x515 ./Drivers/STM32F4xx_HAL_Driver/Src/stm32f4xx_hal_spi.o
                                      0xc5873 (size before relaxing)
 .debug_str     0x00000000000cc95b      0x5e2 ./Drivers/STM32F4xx_HAL_Driver/Src/stm32f4xx_hal_uart.o
                                      0xc5982 (size before relaxing)

.comment        0x0000000000000000       0x50
 .comment       0x0000000000000000       0x50 ./Core/Src/lepton.o
                                         0x51 (size before relaxing)
 .comment       0x0000000000000050       0x51 ./Core/Src/main.o
 .comment       0x0000000000000050       0x51 ./Core/Src/stm32f4xx_hal_msp.o
 .comment       0x0000000000000050       0x51 ./Core/Src/stm32f4xx_it.o
 .comment       0x0000000000000050       0x51 ./Core/Src/sysmem.o
 .comment       0x0000000000000050       0x51 ./Core/Src/system_stm32f4xx.o
 .comment       0x0000000000000050       0x51 ./Drivers/STM32F4xx_HAL_Driver/Src/stm32f4xx_hal.o
 .comment       0x0000000000000050       0x51 ./Drivers/STM32F4xx_HAL_Driver/Src/stm32f4xx_hal_cortex.o
 .comment       0x0000000000000050       0x51 ./Drivers/STM32F4xx_HAL_Driver/Src/stm32f4xx_hal_dma.o
 .comment       0x0000000000000050       0x51 ./Drivers/STM32F4xx_HAL_Driver/Src/stm32f4xx_hal_gpio.o
 .comment       0x0000000000000050       0x51 ./Drivers/STM32F4xx_HAL_Driver/Src/stm32f4xx_hal_i2c.o
 .comment       0x0000000000000050       0x51 ./Drivers/STM32F4xx_HAL_Driver/Src/stm32f4xx_hal_rcc.o
 .comment       0x0000000000000050       0x51 ./Drivers/STM32F4xx_HAL_Driver/Src/stm32f4xx_hal_rcc_ex.o
 .comment       0x0000000000000050       0x51 ./Drivers/STM32F4xx_HAL_Driver/Src/stm32f4xx_hal_spi.o
 .comment       0x0000000000000050       0x51 ./Drivers/STM32F4xx_HAL_Driver/Src/stm32f4xx_hal_uart.o

.debug_frame    0x0000000000000000     0x35f8
 .debug_frame   0x0000000000000000      0x1e0 ./Core/Src/lepton.o
 .debug_frame   0x00000000000001e0      0x12c ./Core/Src/main.o
 .debug_frame   0x000000000000030c      0x10c ./Core/Src/stm32f4xx_hal_msp.o
 .debug_frame   0x0000000000000418      0x13c ./Core/Src/stm32f4xx_it.o
 .debug_frame   0x0000000000000554       0x34 ./Core/Src/sysmem.o
 .debug_frame   0x0000000000000588       0x58 ./Core/Src/system_stm32f4xx.o
 .debug_frame   0x00000000000005e0      0x374 ./Drivers/STM32F4xx_HAL_Driver/Src/stm32f4xx_hal.o
 .debug_frame   0x0000000000000954      0x498 ./Drivers/STM32F4xx_HAL_Driver/Src/stm32f4xx_hal_cortex.o
 .debug_frame   0x0000000000000dec      0x250 ./Drivers/STM32F4xx_HAL_Driver/Src/stm32f4xx_hal_dma.o
 .debug_frame   0x000000000000103c      0x14c ./Drivers/STM32F4xx_HAL_Driver/Src/stm32f4xx_hal_gpio.o
 .debug_frame   0x0000000000001188      0xc5c ./Drivers/STM32F4xx_HAL_Driver/Src/stm32f4xx_hal_i2c.o
 .debug_frame   0x0000000000001de4      0x1f4 ./Drivers/STM32F4xx_HAL_Driver/Src/stm32f4xx_hal_rcc.o
 .debug_frame   0x0000000000001fd8      0x1e8 ./Drivers/STM32F4xx_HAL_Driver/Src/stm32f4xx_hal_rcc_ex.o
 .debug_frame   0x00000000000021c0      0x824 ./Drivers/STM32F4xx_HAL_Driver/Src/stm32f4xx_hal_spi.o
 .debug_frame   0x00000000000029e4      0x92c ./Drivers/STM32F4xx_HAL_Driver/Src/stm32f4xx_hal_uart.o
 .debug_frame   0x0000000000003310       0x20 /opt/st/stm32cubeide_1.9.0/plugins/com.st.stm32cube.ide.mcu.externaltools.gnu-tools-for-stm32.10.3-2021.10.linux64_1.0.0.202111181127/tools/bin/../lib/gcc/arm-none-eabi/10.3.1/../../../../arm-none-eabi/lib/thumb/v7e-m+fp/hard/libc_nano.a(lib_a-errno.o)
 .debug_frame   0x0000000000003330       0x2c /opt/st/stm32cubeide_1.9.0/plugins/com.st.stm32cube.ide.mcu.externaltools.gnu-tools-for-stm32.10.3-2021.10.linux64_1.0.0.202111181127/tools/bin/../lib/gcc/arm-none-eabi/10.3.1/../../../../arm-none-eabi/lib/thumb/v7e-m+fp/hard/libc_nano.a(lib_a-init.o)
 .debug_frame   0x000000000000335c       0x30 /opt/st/stm32cubeide_1.9.0/plugins/com.st.stm32cube.ide.mcu.externaltools.gnu-tools-for-stm32.10.3-2021.10.linux64_1.0.0.202111181127/tools/bin/../lib/gcc/arm-none-eabi/10.3.1/../../../../arm-none-eabi/lib/thumb/v7e-m+fp/hard/libc_nano.a(lib_a-malloc.o)
 .debug_frame   0x000000000000338c       0x20 /opt/st/stm32cubeide_1.9.0/plugins/com.st.stm32cube.ide.mcu.externaltools.gnu-tools-for-stm32.10.3-2021.10.linux64_1.0.0.202111181127/tools/bin/../lib/gcc/arm-none-eabi/10.3.1/../../../../arm-none-eabi/lib/thumb/v7e-m+fp/hard/libc_nano.a(lib_a-memset.o)
 .debug_frame   0x00000000000033ac       0x38 /opt/st/stm32cubeide_1.9.0/plugins/com.st.stm32cube.ide.mcu.externaltools.gnu-tools-for-stm32.10.3-2021.10.linux64_1.0.0.202111181127/tools/bin/../lib/gcc/arm-none-eabi/10.3.1/../../../../arm-none-eabi/lib/thumb/v7e-m+fp/hard/libc_nano.a(lib_a-nano-freer.o)
 .debug_frame   0x00000000000033e4       0x4c /opt/st/stm32cubeide_1.9.0/plugins/com.st.stm32cube.ide.mcu.externaltools.gnu-tools-for-stm32.10.3-2021.10.linux64_1.0.0.202111181127/tools/bin/../lib/gcc/arm-none-eabi/10.3.1/../../../../arm-none-eabi/lib/thumb/v7e-m+fp/hard/libc_nano.a(lib_a-nano-mallocr.o)
 .debug_frame   0x0000000000003430       0x2c /opt/st/stm32cubeide_1.9.0/plugins/com.st.stm32cube.ide.mcu.externaltools.gnu-tools-for-stm32.10.3-2021.10.linux64_1.0.0.202111181127/tools/bin/../lib/gcc/arm-none-eabi/10.3.1/../../../../arm-none-eabi/lib/thumb/v7e-m+fp/hard/libc_nano.a(lib_a-sbrkr.o)
 .debug_frame   0x000000000000345c       0x30 /opt/st/stm32cubeide_1.9.0/plugins/com.st.stm32cube.ide.mcu.externaltools.gnu-tools-for-stm32.10.3-2021.10.linux64_1.0.0.202111181127/tools/bin/../lib/gcc/arm-none-eabi/10.3.1/../../../../arm-none-eabi/lib/thumb/v7e-m+fp/hard/libc_nano.a(lib_a-mlock.o)
 .debug_frame   0x000000000000348c       0x5c /opt/st/stm32cubeide_1.9.0/plugins/com.st.stm32cube.ide.mcu.externaltools.gnu-tools-for-stm32.10.3-2021.10.linux64_1.0.0.202111181127/tools/bin/../lib/gcc/arm-none-eabi/10.3.1/../../../../arm-none-eabi/lib/thumb/v7e-m+fp/hard/libc_nano.a(lib_a-reent.o)
 .debug_frame   0x00000000000034e8       0xb0 /opt/st/stm32cubeide_1.9.0/plugins/com.st.stm32cube.ide.mcu.externaltools.gnu-tools-for-stm32.10.3-2021.10.linux64_1.0.0.202111181127/tools/bin/../lib/gcc/arm-none-eabi/10.3.1/../../../../arm-none-eabi/lib/thumb/v7e-m+fp/hard/libc_nano.a(lib_a-lock.o)
 .debug_frame   0x0000000000003598       0x2c /opt/st/stm32cubeide_1.9.0/plugins/com.st.stm32cube.ide.mcu.externaltools.gnu-tools-for-stm32.10.3-2021.10.linux64_1.0.0.202111181127/tools/bin/../lib/gcc/arm-none-eabi/10.3.1/thumb/v7e-m+fp/hard/libgcc.a(_aeabi_uldivmod.o)
 .debug_frame   0x00000000000035c4       0x34 /opt/st/stm32cubeide_1.9.0/plugins/com.st.stm32cube.ide.mcu.externaltools.gnu-tools-for-stm32.10.3-2021.10.linux64_1.0.0.202111181127/tools/bin/../lib/gcc/arm-none-eabi/10.3.1/thumb/v7e-m+fp/hard/libgcc.a(_udivmoddi4.o)
