../Core/Src/main.c:126:5:main	264	static
../Core/Src/main.c:196:6:SystemClock_Config	88	static
../Core/Src/main.c:244:13:MX_CRC_Init	8	static
../Core/Src/main.c:270:13:MX_I2S2_Init	8	static
../Core/Src/main.c:304:13:MX_SDIO_SD_Init	4	static
../Core/Src/main.c:332:13:MX_TIM3_Init	32	static
../Core/Src/main.c:377:13:MX_USART2_UART_Init	8	static
../Core/Src/main.c:408:13:MX_DMA_Init	16	static
../Core/Src/main.c:433:13:MX_GPIO_Init	48	static
../Core/Src/main.c:473:6:HAL_GPIO_EXTI_Callback	16	static,ignoring_inline_asm
../Core/Src/main.c:480:6:HAL_TIM_PeriodElapsedCallback	16	static
../Core/Src/main.c:499:6:HAL_I2S_RxCpltCallback	24	static
../Core/Src/main.c:508:9:fwrite_wav_header	64	static
../Core/Src/main.c:531:6:startRecord	608	static
../Core/Src/main.c:582:9:Format_SD	64	static
../Core/Src/main.c:622:6:Error_Handler	4	static,ignoring_inline_asm
