../Core/Src/main.c:121:5:main	8	static
../Core/Src/main.c:209:6:SystemClock_Config	80	static
../Core/Src/main.c:248:13:MX_USART2_UART_Init	8	static
../Core/Src/main.c:283:13:MX_GPIO_Init	56	static
../Core/Src/main.c:322:12:debounce	24	static
../Core/Src/main.c:338:6:check_status	24	static
../Core/Src/main.c:416:6:stepper_run	32	static
../Core/Src/main.c:467:6:blink	16	static
../Core/Src/main.c:486:6:serial_receive	16	static
../Core/Src/main.c:505:6:HAL_TIM_PeriodElapsedCallback	16	static
../Core/Src/main.c:522:6:Error_Handler	8	static,ignoring_inline_asm
