03:25:18 **** Incremental Build of configuration Debug for project F446RE_I2C_OLED ****
make -j12 all 
arm-none-eabi-gcc "../Core/Src/main.c" -mcpu=cortex-m4 -std=gnu11 -g3 -DDEBUG -DUSE_HAL_DRIVER -DSTM32F446xx -c -I../Core/Inc -I../Drivers/STM32F4xx_HAL_Driver/Inc -I../Drivers/STM32F4xx_HAL_Driver/Inc/Legacy -I../Drivers/CMSIS/Device/ST/STM32F4xx/Include -I../Drivers/CMSIS/Include -I"/home/carlos/STM32CubeIDE/workspace_1.9.0/F446RE_I2C_OLED/Drivers/u8g2" -O0 -ffunction-sections -fdata-sections -Wall -fstack-usage -MMD -MP -MF"Core/Src/main.d" -MT"Core/Src/main.o" --specs=nano.specs -mfpu=fpv4-sp-d16 -mfloat-abi=hard -mthumb -o "Core/Src/main.o"
arm-none-eabi-gcc -o "F446RE_I2C_OLED.elf" @"objects.list"   -mcpu=cortex-m4 -T"/home/carlos/STM32CubeIDE/workspace_1.9.0/F446RE_I2C_OLED/STM32F446RETX_FLASH.ld" --specs=nosys.specs -Wl,-Map="F446RE_I2C_OLED.map" -Wl,--gc-sections -static --specs=nano.specs -mfpu=fpv4-sp-d16 -mfloat-abi=hard -mthumb -Wl,--start-group -lc -lm -Wl,--end-group
Finished building target: F446RE_I2C_OLED.elf
 
arm-none-eabi-size   F446RE_I2C_OLED.elf 
arm-none-eabi-objdump -h -S  F446RE_I2C_OLED.elf  > "F446RE_I2C_OLED.list"
   text	   data	    bss	    dec	    hex	filename
  19320	     36	   2100	  21456	   53d0	F446RE_I2C_OLED.elf
Finished building: default.size.stdout
 
Finished building: F446RE_I2C_OLED.list
 

03:25:19 Build Finished. 0 errors, 0 warnings. (took 846ms)

