11:58:42 **** Incremental Build of configuration Debug for project F446RE_SD_UART_RING_BUFFER ****
make -j12 all 
arm-none-eabi-gcc "../Core/Src/main.c" -mcpu=cortex-m4 -std=gnu11 -g3 -DDEBUG -DUSE_HAL_DRIVER -DSTM32F446xx -c -I../Core/Inc -I../Drivers/STM32F4xx_HAL_Driver/Inc -I../Drivers/STM32F4xx_HAL_Driver/Inc/Legacy -I../Drivers/CMSIS/Device/ST/STM32F4xx/Include -I../Drivers/CMSIS/Include -I../FATFS/Target -I../FATFS/App -I../Middlewares/Third_Party/FatFs/src -O0 -ffunction-sections -fdata-sections -Wall -fstack-usage -MMD -MP -MF"Core/Src/main.d" -MT"Core/Src/main.o" --specs=nano.specs -mfpu=fpv4-sp-d16 -mfloat-abi=hard -mthumb -o "Core/Src/main.o"
arm-none-eabi-gcc -o "F446RE_SD_UART_RING_BUFFER.elf" @"objects.list"   -mcpu=cortex-m4 -T"/home/carlos/STM32CubeIDE/workspace_1.9.0/F446RE_SD_UART_RING_BUFFER/STM32F446RETX_FLASH.ld" --specs=nosys.specs -Wl,-Map="F446RE_SD_UART_RING_BUFFER.map" -Wl,--gc-sections -static --specs=nano.specs -mfpu=fpv4-sp-d16 -mfloat-abi=hard -mthumb -Wl,--start-group -lc -lm -Wl,--end-group
Finished building target: F446RE_SD_UART_RING_BUFFER.elf
 
arm-none-eabi-size   F446RE_SD_UART_RING_BUFFER.elf 
arm-none-eabi-objdump -h -S  F446RE_SD_UART_RING_BUFFER.elf  > "F446RE_SD_UART_RING_BUFFER.list"
   text	   data	    bss	    dec	    hex	filename
  37668	    120	   4128	  41916	   a3bc	F446RE_SD_UART_RING_BUFFER.elf
Finished building: default.size.stdout
 
Finished building: F446RE_SD_UART_RING_BUFFER.list
 

11:58:43 Build Finished. 0 errors, 0 warnings. (took 793ms)

