23:34:04 **** Incremental Build of configuration Debug for project S2-MARTINEZMORA-CARLOS ****
make -j12 all 
arm-none-eabi-gcc "../Core/Src/main.c" -mcpu=cortex-m0 -std=gnu11 -g3 -DDEBUG -DUSE_HAL_DRIVER -DSTM32F070xB -c -I../Core/Inc -I../Drivers/STM32F0xx_HAL_Driver/Inc -I../Drivers/STM32F0xx_HAL_Driver/Inc/Legacy -I../Drivers/CMSIS/Device/ST/STM32F0xx/Include -I../Drivers/CMSIS/Include -I../Middlewares/Third_Party/FreeRTOS/Source/include -I../Middlewares/Third_Party/FreeRTOS/Source/CMSIS_RTOS_V2 -I../Middlewares/Third_Party/FreeRTOS/Source/portable/GCC/ARM_CM0 -O0 -ffunction-sections -fdata-sections -Wall -fstack-usage -MMD -MP -MF"Core/Src/main.d" -MT"Core/Src/main.o" --specs=nano.specs -mfloat-abi=soft -mthumb -o "Core/Src/main.o"
arm-none-eabi-gcc -o "S2-MARTINEZMORA-CARLOS.elf" @"objects.list"   -mcpu=cortex-m0 -T"/home/carlos/STM32CubeIDE/workspace_1.9.0/S2-MARTINEZMORA-CARLOS/STM32F070RBTX_FLASH.ld" --specs=nosys.specs -Wl,-Map="S2-MARTINEZMORA-CARLOS.map" -Wl,--gc-sections -static --specs=nano.specs -mfloat-abi=soft -mthumb -Wl,--start-group -lc -lm -Wl,--end-group
Finished building target: S2-MARTINEZMORA-CARLOS.elf
 
arm-none-eabi-size   S2-MARTINEZMORA-CARLOS.elf 
arm-none-eabi-objdump -h -S  S2-MARTINEZMORA-CARLOS.elf  > "S2-MARTINEZMORA-CARLOS.list"
   text	   data	    bss	    dec	    hex	filename
  23544	    128	   8544	  32216	   7dd8	S2-MARTINEZMORA-CARLOS.elf
Finished building: default.size.stdout
 
Finished building: S2-MARTINEZMORA-CARLOS.list
 

23:34:04 Build Finished. 0 errors, 0 warnings. (took 382ms)

